Archive member included to satisfy reference by file (symbol)

/usr/lib/gcc/arm-none-eabi/10.3.1/thumb/v6-m/nofp/libgcc.a(_dvmd_tls.o)
                              CMakeFiles/blink.dir/home/dmytro/Documents/pico/pico-sdk/src/rp2_common/pico_divider/divider.S.obj (__aeabi_idiv0)
/usr/lib/gcc/arm-none-eabi/10.3.1/../../../arm-none-eabi/lib/thumb/v6-m/nofp/libg.a(lib_a-atexit.o)
                              /usr/lib/gcc/arm-none-eabi/10.3.1/../../../arm-none-eabi/lib/thumb/v6-m/nofp/crt0.o (atexit)
/usr/lib/gcc/arm-none-eabi/10.3.1/../../../arm-none-eabi/lib/thumb/v6-m/nofp/libg.a(lib_a-calloc.o)
                              CMakeFiles/blink.dir/home/dmytro/Documents/pico/pico-sdk/src/rp2_common/pico_malloc/pico_malloc.c.obj (calloc)
/usr/lib/gcc/arm-none-eabi/10.3.1/../../../arm-none-eabi/lib/thumb/v6-m/nofp/libg.a(lib_a-callocr.o)
                              /usr/lib/gcc/arm-none-eabi/10.3.1/../../../arm-none-eabi/lib/thumb/v6-m/nofp/libg.a(lib_a-calloc.o) (_calloc_r)
/usr/lib/gcc/arm-none-eabi/10.3.1/../../../arm-none-eabi/lib/thumb/v6-m/nofp/libg.a(lib_a-fini.o)
                              /usr/lib/gcc/arm-none-eabi/10.3.1/../../../arm-none-eabi/lib/thumb/v6-m/nofp/crt0.o (__libc_fini_array)
/usr/lib/gcc/arm-none-eabi/10.3.1/../../../arm-none-eabi/lib/thumb/v6-m/nofp/libg.a(lib_a-impure.o)
                              /usr/lib/gcc/arm-none-eabi/10.3.1/../../../arm-none-eabi/lib/thumb/v6-m/nofp/libg.a(lib_a-calloc.o) (_impure_ptr)
/usr/lib/gcc/arm-none-eabi/10.3.1/../../../arm-none-eabi/lib/thumb/v6-m/nofp/libg.a(lib_a-init.o)
                              /usr/lib/gcc/arm-none-eabi/10.3.1/../../../arm-none-eabi/lib/thumb/v6-m/nofp/crt0.o (__libc_init_array)
/usr/lib/gcc/arm-none-eabi/10.3.1/../../../arm-none-eabi/lib/thumb/v6-m/nofp/libg.a(lib_a-malloc.o)
                              CMakeFiles/blink.dir/home/dmytro/Documents/pico/pico-sdk/src/rp2_common/pico_malloc/pico_malloc.c.obj (malloc)
/usr/lib/gcc/arm-none-eabi/10.3.1/../../../arm-none-eabi/lib/thumb/v6-m/nofp/libg.a(lib_a-mallocr.o)
                              /usr/lib/gcc/arm-none-eabi/10.3.1/../../../arm-none-eabi/lib/thumb/v6-m/nofp/libg.a(lib_a-callocr.o) (_malloc_r)
/usr/lib/gcc/arm-none-eabi/10.3.1/../../../arm-none-eabi/lib/thumb/v6-m/nofp/libg.a(lib_a-mlock.o)
                              /usr/lib/gcc/arm-none-eabi/10.3.1/../../../arm-none-eabi/lib/thumb/v6-m/nofp/libg.a(lib_a-mallocr.o) (__malloc_lock)
/usr/lib/gcc/arm-none-eabi/10.3.1/../../../arm-none-eabi/lib/thumb/v6-m/nofp/libg.a(lib_a-realloc.o)
                              CMakeFiles/blink.dir/home/dmytro/Documents/pico/pico-sdk/src/rp2_common/pico_malloc/pico_malloc.c.obj (realloc)
/usr/lib/gcc/arm-none-eabi/10.3.1/../../../arm-none-eabi/lib/thumb/v6-m/nofp/libg.a(lib_a-reallocr.o)
                              /usr/lib/gcc/arm-none-eabi/10.3.1/../../../arm-none-eabi/lib/thumb/v6-m/nofp/libg.a(lib_a-realloc.o) (_realloc_r)
/usr/lib/gcc/arm-none-eabi/10.3.1/../../../arm-none-eabi/lib/thumb/v6-m/nofp/libg.a(lib_a-sbrkr.o)
                              /usr/lib/gcc/arm-none-eabi/10.3.1/../../../arm-none-eabi/lib/thumb/v6-m/nofp/libg.a(lib_a-mallocr.o) (_sbrk_r)
/usr/lib/gcc/arm-none-eabi/10.3.1/../../../arm-none-eabi/lib/thumb/v6-m/nofp/libg.a(lib_a-strlen-stub.o)
                              CMakeFiles/blink.dir/home/dmytro/Documents/pico/pico-sdk/src/rp2_common/pico_stdio/stdio.c.obj (strlen)
/usr/lib/gcc/arm-none-eabi/10.3.1/../../../arm-none-eabi/lib/thumb/v6-m/nofp/libg.a(lib_a-__atexit.o)
                              /usr/lib/gcc/arm-none-eabi/10.3.1/../../../arm-none-eabi/lib/thumb/v6-m/nofp/libg.a(lib_a-atexit.o) (__register_exitproc)
/usr/lib/gcc/arm-none-eabi/10.3.1/../../../arm-none-eabi/lib/thumb/v6-m/nofp/libg.a(lib_a-freer.o)
                              /usr/lib/gcc/arm-none-eabi/10.3.1/../../../arm-none-eabi/lib/thumb/v6-m/nofp/libg.a(lib_a-malloc.o) (_free_r)
/usr/lib/gcc/arm-none-eabi/10.3.1/../../../arm-none-eabi/lib/thumb/v6-m/nofp/libg.a(lib_a-memmove.o)
                              /usr/lib/gcc/arm-none-eabi/10.3.1/../../../arm-none-eabi/lib/thumb/v6-m/nofp/libg.a(lib_a-reallocr.o) (memmove)
/usr/lib/gcc/arm-none-eabi/10.3.1/../../../arm-none-eabi/lib/thumb/v6-m/nofp/libg.a(lib_a-reent.o)
                              /usr/lib/gcc/arm-none-eabi/10.3.1/../../../arm-none-eabi/lib/thumb/v6-m/nofp/libg.a(lib_a-sbrkr.o) (errno)

Discarded input sections

 .text          0x0000000000000000        0x0 /usr/lib/gcc/arm-none-eabi/10.3.1/thumb/v6-m/nofp/crti.o
 .data          0x0000000000000000        0x0 /usr/lib/gcc/arm-none-eabi/10.3.1/thumb/v6-m/nofp/crti.o
 .bss           0x0000000000000000        0x0 /usr/lib/gcc/arm-none-eabi/10.3.1/thumb/v6-m/nofp/crti.o
 .data          0x0000000000000000        0x4 /usr/lib/gcc/arm-none-eabi/10.3.1/thumb/v6-m/nofp/crtbegin.o
 .rodata        0x0000000000000000       0x24 /usr/lib/gcc/arm-none-eabi/10.3.1/thumb/v6-m/nofp/crtbegin.o
[...]
Memory Configuration

Name             Origin             Length             Attributes
FLASH            0x0000000010000000 0x0000000000200000 xr
RAM              0x0000000020000000 0x0000000000040000 xrw
SCRATCH_X        0x0000000020040000 0x0000000000001000 xrw
SCRATCH_Y        0x0000000020041000 0x0000000000001000 xrw
*default*        0x0000000000000000 0xffffffffffffffff

Linker script and memory map

LOAD /usr/lib/gcc/arm-none-eabi/10.3.1/thumb/v6-m/nofp/crti.o
LOAD /usr/lib/gcc/arm-none-eabi/10.3.1/thumb/v6-m/nofp/crtbegin.o
LOAD /usr/lib/gcc/arm-none-eabi/10.3.1/../../../arm-none-eabi/lib/thumb/v6-m/nofp/crt0.o

.flash_begin    0x0000000010000000        0x0
                0x0000000010000000                __flash_binary_start = .

.boot2          0x0000000010000000      0x100
                0x0000000010000000                __boot2_start__ = .
 *(.boot2)
 .boot2         0x0000000010000000      0x100 /tmp/ccA2CwgD.o
                0x0000000010000100                __boot2_end__ = .
                0x0000000000000001                ASSERT (((__boot2_end__ - __boot2_start__) == 0x100), ERROR: Pico second stage bootloader must be 256 bytes in size)

.text           0x0000000010000100     0x76d0
                0x0000000010000100                __logical_binary_start = .
 *(.vectors)
 .vectors       0x0000000010000100       0xd4 CMakeFiles/blink.dir/home/dmytro/Documents/pico/pico-sdk/src/rp2_common/pico_standard_link/crt0.S.obj
                0x0000000010000100                __vectors
                0x0000000010000100                __VECTOR_TABLE
                0x00000000100001c0                isr_invalid
                0x00000000100001c0                __default_isrs_start
                0x00000000100001c2                isr_nmi
                0x00000000100001c4                isr_hardfault
                0x00000000100001c6                isr_svcall
                0x00000000100001c8                isr_pendsv
                0x00000000100001ca                isr_systick
                0x00000000100001cc                isr_irq30
                0x00000000100001cc                __unhandled_user_irq
                0x00000000100001cc                isr_irq13
                0x00000000100001cc                isr_irq27
                0x00000000100001cc                isr_irq31
                0x00000000100001cc                isr_irq5
                0x00000000100001cc                isr_irq11
                0x00000000100001cc                isr_irq23
                0x00000000100001cc                isr_irq18
                0x00000000100001cc                isr_irq28
                0x00000000100001cc                isr_irq19
                0x00000000100001cc                isr_irq0
                0x00000000100001cc                isr_irq6
                0x00000000100001cc                isr_irq22
                0x00000000100001cc                isr_irq17
                0x00000000100001cc                isr_irq14
                0x00000000100001cc                isr_irq2
                0x00000000100001cc                isr_irq10
                0x00000000100001cc                isr_irq8
                0x00000000100001cc                isr_irq24
                0x00000000100001cc                isr_irq1
                0x00000000100001cc                isr_irq7
                0x00000000100001cc                isr_irq21
                0x00000000100001cc                isr_irq20
                0x00000000100001cc                isr_irq15
                0x00000000100001cc                isr_irq25
                0x00000000100001cc                isr_irq4
                0x00000000100001cc                isr_irq16
                0x00000000100001cc                isr_irq29
                0x00000000100001cc                isr_irq26
                0x00000000100001cc                __default_isrs_end
                0x00000000100001cc                isr_irq3
                0x00000000100001cc                isr_irq12
                0x00000000100001cc                isr_irq9
                0x00000000100001d2                unhandled_user_irq_num_in_r0
 *(.binary_info_header)
 .binary_info_header
                0x00000000100001d4       0x14 CMakeFiles/blink.dir/home/dmytro/Documents/pico/pico-sdk/src/rp2_common/pico_standard_link/crt0.S.obj
                0x00000000100001e8                __binary_info_header_end = .
 *(.reset)
 .reset         0x00000000100001e8       0xa0 CMakeFiles/blink.dir/home/dmytro/Documents/pico/pico-sdk/src/rp2_common/pico_standard_link/crt0.S.obj
                0x00000000100001e8                _entry_point
 .reset         0x0000000010000288       0x30 CMakeFiles/blink.dir/home/dmytro/Documents/pico/pico-sdk/src/rp2_common/pico_standard_link/binary_info.c.obj
 *(.init)
 .init          0x00000000100002b8        0x4 /usr/lib/gcc/arm-none-eabi/10.3.1/thumb/v6-m/nofp/crti.o
                0x00000000100002b8                _init
 *(EXCLUDE_FILE(*libm.a: *libc.a:*lib_a-mem*.o *libgcc.a:) .text*)
 .text          0x00000000100002bc       0x98 /usr/lib/gcc/arm-none-eabi/10.3.1/thumb/v6-m/nofp/crtbegin.o
 .text._Z12apply_windowPs
                0x0000000010000354       0x24 CMakeFiles/blink.dir/main.cpp.obj
                0x0000000010000354                apply_window(short*)
 .text.main     0x0000000010000378      0x1ec CMakeFiles/blink.dir/main.cpp.obj
                0x0000000010000378                main
 .text._ZN3PWMC2Ejj
                0x0000000010000564       0x16 CMakeFiles/blink.dir/lib/pwm.cpp.obj
                0x0000000010000564                PWM::PWM(unsigned int, unsigned int)
                0x0000000010000564                PWM::PWM(unsigned int, unsigned int)
 *fill*         0x000000001000057a        0x2 
 .text._ZN3PWM4initEv
                0x000000001000057c       0x90 CMakeFiles/blink.dir/lib/pwm.cpp.obj
                0x000000001000057c                PWM::init()
 .text._ZN3PWM17set_resolution_usEt
                0x000000001000060c       0x80 CMakeFiles/blink.dir/lib/pwm.cpp.obj
                0x000000001000060c                PWM::set_resolution_us(unsigned short)
 .text._ZN3PWM8set_freqEj
                0x000000001000068c       0x90 CMakeFiles/blink.dir/lib/pwm.cpp.obj
                0x000000001000068c                PWM::set_freq(unsigned int)
 .text._ZN3PWM14set_duty_cycleEj
                0x000000001000071c       0x88 CMakeFiles/blink.dir/lib/pwm.cpp.obj
                0x000000001000071c                PWM::set_duty_cycle(unsigned int)
 .text._ZN3PWM11set_enabledEb
                0x00000000100007a4       0x28 CMakeFiles/blink.dir/lib/pwm.cpp.obj
                0x00000000100007a4                PWM::set_enabled(bool)
 .text.set_sys_clock_pll
                0x00000000100007cc       0x78 CMakeFiles/blink.dir/home/dmytro/Documents/pico/pico-sdk/src/rp2_common/pico_stdlib/stdlib.c.obj
                0x00000000100007cc                set_sys_clock_pll
 .text.check_sys_clock_khz
                0x0000000010000844       0xb0 CMakeFiles/blink.dir/home/dmytro/Documents/pico/pico-sdk/src/rp2_common/pico_stdlib/stdlib.c.obj
                0x0000000010000844                check_sys_clock_khz
 .text.gpio_set_function
                0x00000000100008f4       0x30 CMakeFiles/blink.dir/home/dmytro/Documents/pico/pico-sdk/src/rp2_common/hardware_gpio/gpio.c.obj
                0x00000000100008f4                gpio_set_function
 .text.gpio_set_pulls
                0x0000000010000924       0x34 CMakeFiles/blink.dir/home/dmytro/Documents/pico/pico-sdk/src/rp2_common/hardware_gpio/gpio.c.obj
                0x0000000010000924                gpio_set_pulls
 .text.gpio_set_input_enabled
                0x0000000010000958       0x30 CMakeFiles/blink.dir/home/dmytro/Documents/pico/pico-sdk/src/rp2_common/hardware_gpio/gpio.c.obj
                0x0000000010000958                gpio_set_input_enabled
 .text.gpio_init
                0x0000000010000988       0x16 CMakeFiles/blink.dir/home/dmytro/Documents/pico/pico-sdk/src/rp2_common/hardware_gpio/gpio.c.obj
                0x0000000010000988                gpio_init
 *fill*         0x000000001000099e        0x2 
 .text.running_on_fpga
                0x00000000100009a0       0x14 CMakeFiles/blink.dir/home/dmytro/Documents/pico/pico-sdk/src/rp2_common/pico_platform/platform.c.obj
                0x00000000100009a0                running_on_fpga
 .text.hw_claim_lock
                0x00000000100009b4       0x18 CMakeFiles/blink.dir/home/dmytro/Documents/pico/pico-sdk/src/rp2_common/hardware_claim/claim.c.obj
                0x00000000100009b4                hw_claim_lock
 .text.hw_claim_unlock
                0x00000000100009cc       0x14 CMakeFiles/blink.dir/home/dmytro/Documents/pico/pico-sdk/src/rp2_common/hardware_claim/claim.c.obj
                0x00000000100009cc                hw_claim_unlock
 .text.hw_claim_or_assert
                0x00000000100009e0       0x32 CMakeFiles/blink.dir/home/dmytro/Documents/pico/pico-sdk/src/rp2_common/hardware_claim/claim.c.obj
                0x00000000100009e0                hw_claim_or_assert
 .text.hw_claim_unused_from_range
                0x0000000010000a12       0x50 CMakeFiles/blink.dir/home/dmytro/Documents/pico/pico-sdk/src/rp2_common/hardware_claim/claim.c.obj
                0x0000000010000a12                hw_claim_unused_from_range
 *fill*         0x0000000010000a62        0x2 
 .text.spin_locks_reset
                0x0000000010000a64       0x20 CMakeFiles/blink.dir/home/dmytro/Documents/pico/pico-sdk/src/rp2_common/hardware_sync/sync.c.obj
                0x0000000010000a64                spin_locks_reset
 .text.next_striped_spin_lock_num
                0x0000000010000a84       0x1c CMakeFiles/blink.dir/home/dmytro/Documents/pico/pico-sdk/src/rp2_common/hardware_sync/sync.c.obj
                0x0000000010000a84                next_striped_spin_lock_num
 .text.spin_lock_claim_unused
                0x0000000010000aa0       0x20 CMakeFiles/blink.dir/home/dmytro/Documents/pico/pico-sdk/src/rp2_common/hardware_sync/sync.c.obj
                0x0000000010000aa0                spin_lock_claim_unused
 .text.set_raw_irq_handler_and_unlock
                0x0000000010000ac0       0x28 CMakeFiles/blink.dir/home/dmytro/Documents/pico/pico-sdk/src/rp2_common/hardware_irq/irq.c.obj
 .text.make_branch
                0x0000000010000ae8       0x48 CMakeFiles/blink.dir/home/dmytro/Documents/pico/pico-sdk/src/rp2_common/hardware_irq/irq.c.obj
 .text.insert_branch_and_link
                0x0000000010000b30       0x40 CMakeFiles/blink.dir/home/dmytro/Documents/pico/pico-sdk/src/rp2_common/hardware_irq/irq.c.obj
 .text.irq_is_enabled
                0x0000000010000b70       0x18 CMakeFiles/blink.dir/home/dmytro/Documents/pico/pico-sdk/src/rp2_common/hardware_irq/irq.c.obj
                0x0000000010000b70                irq_is_enabled
 .text.irq_set_mask_enabled
                0x0000000010000b88       0x20 CMakeFiles/blink.dir/home/dmytro/Documents/pico/pico-sdk/src/rp2_common/hardware_irq/irq.c.obj
                0x0000000010000b88                irq_set_mask_enabled
 .text.irq_set_enabled
                0x0000000010000ba8        0xe CMakeFiles/blink.dir/home/dmytro/Documents/pico/pico-sdk/src/rp2_common/hardware_irq/irq.c.obj
                0x0000000010000ba8                irq_set_enabled
 *fill*         0x0000000010000bb6        0x2 
 .text.irq_set_pending
                0x0000000010000bb8       0x10 CMakeFiles/blink.dir/home/dmytro/Documents/pico/pico-sdk/src/rp2_common/hardware_irq/irq.c.obj
                0x0000000010000bb8                irq_set_pending
 .text.irq_get_vtable_handler
                0x0000000010000bc8       0x10 CMakeFiles/blink.dir/home/dmytro/Documents/pico/pico-sdk/src/rp2_common/hardware_irq/irq.c.obj
                0x0000000010000bc8                irq_get_vtable_handler
 .text.irq_has_shared_handler
                0x0000000010000bd8       0x24 CMakeFiles/blink.dir/home/dmytro/Documents/pico/pico-sdk/src/rp2_common/hardware_irq/irq.c.obj
                0x0000000010000bd8                irq_has_shared_handler
 .text.irq_set_exclusive_handler
                0x0000000010000bfc       0x54 CMakeFiles/blink.dir/home/dmytro/Documents/pico/pico-sdk/src/rp2_common/hardware_irq/irq.c.obj
                0x0000000010000bfc                irq_set_exclusive_handler
 .text.irq_add_shared_handler
                0x0000000010000c50      0x234 CMakeFiles/blink.dir/home/dmytro/Documents/pico/pico-sdk/src/rp2_common/hardware_irq/irq.c.obj
                0x0000000010000c50                irq_add_shared_handler
 .text.irq_remove_handler
                0x0000000010000e84      0x1ac CMakeFiles/blink.dir/home/dmytro/Documents/pico/pico-sdk/src/rp2_common/hardware_irq/irq.c.obj
                0x0000000010000e84                irq_remove_handler
 .text.irq_add_tail_to_free_list
                0x0000000010001030       0xf0 CMakeFiles/blink.dir/home/dmytro/Documents/pico/pico-sdk/src/rp2_common/hardware_irq/irq.c.obj
                0x0000000010001030                irq_add_tail_to_free_list
 .text.irq_init_priorities
                0x0000000010001120       0x1c CMakeFiles/blink.dir/home/dmytro/Documents/pico/pico-sdk/src/rp2_common/hardware_irq/irq.c.obj
                0x0000000010001120                irq_init_priorities
 .text.user_irq_claim_unused
                0x000000001000113c       0x28 CMakeFiles/blink.dir/home/dmytro/Documents/pico/pico-sdk/src/rp2_common/hardware_irq/irq.c.obj
                0x000000001000113c                user_irq_claim_unused
 .text.lock_init
                0x0000000010001164       0x10 CMakeFiles/blink.dir/home/dmytro/Documents/pico/pico-sdk/src/common/pico_sync/lock_core.c.obj
                0x0000000010001164                lock_init
 .text.mutex_init
                0x0000000010001174       0x1a CMakeFiles/blink.dir/home/dmytro/Documents/pico/pico-sdk/src/common/pico_sync/mutex.c.obj
                0x0000000010001174                mutex_init
 .text.recursive_mutex_init
                0x000000001000118e       0x1e CMakeFiles/blink.dir/home/dmytro/Documents/pico/pico-sdk/src/common/pico_sync/mutex.c.obj
                0x000000001000118e                recursive_mutex_init
 .text.critical_section_init_with_lock_num
                0x00000000100011ac       0x14 CMakeFiles/blink.dir/home/dmytro/Documents/pico/pico-sdk/src/common/pico_sync/critical_section.c.obj
                0x00000000100011ac                critical_section_init_with_lock_num
 .text.critical_section_init
                0x00000000100011c0       0x14 CMakeFiles/blink.dir/home/dmytro/Documents/pico/pico-sdk/src/common/pico_sync/critical_section.c.obj
                0x00000000100011c0                critical_section_init
 .text.alarm_pool_post_alloc_init
                0x00000000100011d4       0x40 CMakeFiles/blink.dir/home/dmytro/Documents/pico/pico-sdk/src/common/pico_time/time.c.obj
 .text.sleep_until_callback
                0x0000000010001214       0x30 CMakeFiles/blink.dir/home/dmytro/Documents/pico/pico-sdk/src/common/pico_time/time.c.obj
 .text.timer_pool_entry_comparator
                0x0000000010001244       0x7c CMakeFiles/blink.dir/home/dmytro/Documents/pico/pico-sdk/src/common/pico_time/time.c.obj
                0x0000000010001244                timer_pool_entry_comparator
 .text.ph_add_child_node
                0x00000000100012c0       0xa4 CMakeFiles/blink.dir/home/dmytro/Documents/pico/pico-sdk/src/common/pico_time/time.c.obj
 .text.ph_merge_nodes
                0x0000000010001364       0x3e CMakeFiles/blink.dir/home/dmytro/Documents/pico/pico-sdk/src/common/pico_time/time.c.obj
 *fill*         0x00000000100013a2        0x2 
 .text.add_alarm_under_lock
                0x00000000100013a4      0x174 CMakeFiles/blink.dir/home/dmytro/Documents/pico/pico-sdk/src/common/pico_time/time.c.obj
 .text.alarm_pool_alarm_callback
                0x0000000010001518      0x33c CMakeFiles/blink.dir/home/dmytro/Documents/pico/pico-sdk/src/common/pico_time/time.c.obj
 .text.alarm_pool_init_default
                0x0000000010001854       0x40 CMakeFiles/blink.dir/home/dmytro/Documents/pico/pico-sdk/src/common/pico_time/time.c.obj
                0x0000000010001854                alarm_pool_init_default
 .text.alarm_pool_get_default
                0x0000000010001894       0x2c CMakeFiles/blink.dir/home/dmytro/Documents/pico/pico-sdk/src/common/pico_time/time.c.obj
                0x0000000010001894                alarm_pool_get_default
 .text.alarm_pool_add_alarm_at
                0x00000000100018c0      0x168 CMakeFiles/blink.dir/home/dmytro/Documents/pico/pico-sdk/src/common/pico_time/time.c.obj
                0x00000000100018c0                alarm_pool_add_alarm_at
 .text.alarm_pool_cancel_alarm
                0x0000000010001a28       0xf0 CMakeFiles/blink.dir/home/dmytro/Documents/pico/pico-sdk/src/common/pico_time/time.c.obj
                0x0000000010001a28                alarm_pool_cancel_alarm
 .text.alarm_pool_core_num
                0x0000000010001b18        0x4 CMakeFiles/blink.dir/home/dmytro/Documents/pico/pico-sdk/src/common/pico_time/time.c.obj
                0x0000000010001b18                alarm_pool_core_num
 .text.sleep_until
                0x0000000010001b1c       0xfc CMakeFiles/blink.dir/home/dmytro/Documents/pico/pico-sdk/src/common/pico_time/time.c.obj
                0x0000000010001b1c                sleep_until
 .text.sleep_us
                0x0000000010001c18       0x58 CMakeFiles/blink.dir/home/dmytro/Documents/pico/pico-sdk/src/common/pico_time/time.c.obj
                0x0000000010001c18                sleep_us
 .text.sleep_ms
                0x0000000010001c70       0x14 CMakeFiles/blink.dir/home/dmytro/Documents/pico/pico-sdk/src/common/pico_time/time.c.obj
                0x0000000010001c70                sleep_ms
 .text.best_effort_wfe_or_timeout
                0x0000000010001c84       0xac CMakeFiles/blink.dir/home/dmytro/Documents/pico/pico-sdk/src/common/pico_time/time.c.obj
                0x0000000010001c84                best_effort_wfe_or_timeout
 .text.hardware_alarm_irq_handler
                0x0000000010001d30       0x90 CMakeFiles/blink.dir/home/dmytro/Documents/pico/pico-sdk/src/rp2_common/hardware_timer/timer.c.obj
 .text.hardware_alarm_claim
                0x0000000010001dc0       0x18 CMakeFiles/blink.dir/home/dmytro/Documents/pico/pico-sdk/src/rp2_common/hardware_timer/timer.c.obj
                0x0000000010001dc0                hardware_alarm_claim
 .text.time_us_64
                0x0000000010001dd8       0x18 CMakeFiles/blink.dir/home/dmytro/Documents/pico/pico-sdk/src/rp2_common/hardware_timer/timer.c.obj
                0x0000000010001dd8                time_us_64
 .text.busy_wait_until
                0x0000000010001df0       0x28 CMakeFiles/blink.dir/home/dmytro/Documents/pico/pico-sdk/src/rp2_common/hardware_timer/timer.c.obj
                0x0000000010001df0                busy_wait_until
 .text.hardware_alarm_set_callback
                0x0000000010001e18       0x90 CMakeFiles/blink.dir/home/dmytro/Documents/pico/pico-sdk/src/rp2_common/hardware_timer/timer.c.obj
                0x0000000010001e18                hardware_alarm_set_callback
 .text.hardware_alarm_set_target
                0x0000000010001ea8       0xe8 CMakeFiles/blink.dir/home/dmytro/Documents/pico/pico-sdk/src/rp2_common/hardware_timer/timer.c.obj
                0x0000000010001ea8                hardware_alarm_set_target
 .text.hardware_alarm_cancel
                0x0000000010001f90       0x40 CMakeFiles/blink.dir/home/dmytro/Documents/pico/pico-sdk/src/rp2_common/hardware_timer/timer.c.obj
                0x0000000010001f90                hardware_alarm_cancel
 .text.ph_add_child_node
                0x0000000010001fd0       0xa4 CMakeFiles/blink.dir/home/dmytro/Documents/pico/pico-sdk/src/common/pico_util/pheap.c.obj
 .text.ph_merge_nodes
                0x0000000010002074       0x3e CMakeFiles/blink.dir/home/dmytro/Documents/pico/pico-sdk/src/common/pico_util/pheap.c.obj
 *fill*         0x00000000100020b2        0x2 
 .text.ph_clear
                0x00000000100020b4       0x70 CMakeFiles/blink.dir/home/dmytro/Documents/pico/pico-sdk/src/common/pico_util/pheap.c.obj
                0x00000000100020b4                ph_clear
 .text.ph_post_alloc_init
                0x0000000010002124        0xe CMakeFiles/blink.dir/home/dmytro/Documents/pico/pico-sdk/src/common/pico_util/pheap.c.obj
                0x0000000010002124                ph_post_alloc_init
 *fill*         0x0000000010002132        0x2 
 .text.ph_merge_two_pass
                0x0000000010002134       0xa8 CMakeFiles/blink.dir/home/dmytro/Documents/pico/pico-sdk/src/common/pico_util/pheap.c.obj
                0x0000000010002134                ph_merge_two_pass
 .text.ph_remove_any_head
                0x00000000100021dc      0x128 CMakeFiles/blink.dir/home/dmytro/Documents/pico/pico-sdk/src/common/pico_util/pheap.c.obj
 .text.ph_remove_head
                0x0000000010002304       0x14 CMakeFiles/blink.dir/home/dmytro/Documents/pico/pico-sdk/src/common/pico_util/pheap.c.obj
                0x0000000010002304                ph_remove_head
 .text.ph_remove_and_free_node
                0x0000000010002318       0xf8 CMakeFiles/blink.dir/home/dmytro/Documents/pico/pico-sdk/src/common/pico_util/pheap.c.obj
                0x0000000010002318                ph_remove_and_free_node
 .text.clock_configure
                0x0000000010002410      0x104 CMakeFiles/blink.dir/home/dmytro/Documents/pico/pico-sdk/src/rp2_common/hardware_clocks/clocks.c.obj
                0x0000000010002410                clock_configure
 .text.clocks_init
                0x0000000010002514      0x100 CMakeFiles/blink.dir/home/dmytro/Documents/pico/pico-sdk/src/rp2_common/hardware_clocks/clocks.c.obj
                0x0000000010002514                clocks_init
 .text.clock_get_hz
                0x0000000010002614        0xc CMakeFiles/blink.dir/home/dmytro/Documents/pico/pico-sdk/src/rp2_common/hardware_clocks/clocks.c.obj
                0x0000000010002614                clock_get_hz
 .text.pll_init
                0x0000000010002620      0x12c CMakeFiles/blink.dir/home/dmytro/Documents/pico/pico-sdk/src/rp2_common/hardware_pll/pll.c.obj
                0x0000000010002620                pll_init
 .text.vreg_set_voltage
                0x000000001000274c       0x1c CMakeFiles/blink.dir/home/dmytro/Documents/pico/pico-sdk/src/rp2_common/hardware_vreg/vreg.c.obj
                0x000000001000274c                vreg_set_voltage
 .text.watchdog_start_tick
                0x0000000010002768       0x10 CMakeFiles/blink.dir/home/dmytro/Documents/pico/pico-sdk/src/rp2_common/hardware_watchdog/watchdog.c.obj
                0x0000000010002768                watchdog_start_tick
 .text.watchdog_update
                0x0000000010002778       0x14 CMakeFiles/blink.dir/home/dmytro/Documents/pico/pico-sdk/src/rp2_common/hardware_watchdog/watchdog.c.obj
                0x0000000010002778                watchdog_update
 .text._watchdog_enable
                0x000000001000278c       0x78 CMakeFiles/blink.dir/home/dmytro/Documents/pico/pico-sdk/src/rp2_common/hardware_watchdog/watchdog.c.obj
                0x000000001000278c                _watchdog_enable
 .text.watchdog_reboot
                0x0000000010002804       0x48 CMakeFiles/blink.dir/home/dmytro/Documents/pico/pico-sdk/src/rp2_common/hardware_watchdog/watchdog.c.obj
                0x0000000010002804                watchdog_reboot
 .text.xosc_init
                0x000000001000284c       0x28 CMakeFiles/blink.dir/home/dmytro/Documents/pico/pico-sdk/src/rp2_common/hardware_xosc/xosc.c.obj
                0x000000001000284c                xosc_init
 .text._exit    0x0000000010002874        0x4 CMakeFiles/blink.dir/home/dmytro/Documents/pico/pico-sdk/src/rp2_common/pico_runtime/runtime.c.obj
                0x0000000010002874                _exit
 .text.exit     0x0000000010002878        0x6 CMakeFiles/blink.dir/home/dmytro/Documents/pico/pico-sdk/src/rp2_common/pico_runtime/runtime.c.obj
                0x0000000010002878                exit
 *fill*         0x000000001000287e        0x2 
 .text.__assert_func
                0x0000000010002880       0x3c CMakeFiles/blink.dir/home/dmytro/Documents/pico/pico-sdk/src/rp2_common/pico_runtime/runtime.c.obj
                0x0000000010002880                __assert_func
 .text.runtime_init
                0x00000000100028bc       0xf8 CMakeFiles/blink.dir/home/dmytro/Documents/pico/pico-sdk/src/rp2_common/pico_runtime/runtime.c.obj
                0x00000000100028bc                runtime_init
 .text.panic    0x00000000100029b4       0x30 CMakeFiles/blink.dir/home/dmytro/Documents/pico/pico-sdk/src/rp2_common/pico_runtime/runtime.c.obj
                0x00000000100029b4                panic
 .text._out_null
                0x00000000100029e4        0x2 CMakeFiles/blink.dir/home/dmytro/Documents/pico/pico-sdk/src/rp2_common/pico_printf/printf.c.obj
 .text._out_fct
                0x00000000100029e6        0xe CMakeFiles/blink.dir/home/dmytro/Documents/pico/pico-sdk/src/rp2_common/pico_printf/printf.c.obj
 .text._atoi    0x00000000100029f4       0x24 CMakeFiles/blink.dir/home/dmytro/Documents/pico/pico-sdk/src/rp2_common/pico_printf/printf.c.obj
 .text._out_rev
                0x0000000010002a18       0xae CMakeFiles/blink.dir/home/dmytro/Documents/pico/pico-sdk/src/rp2_common/pico_printf/printf.c.obj
 .text._ntoa_format
                0x0000000010002ac6      0x112 CMakeFiles/blink.dir/home/dmytro/Documents/pico/pico-sdk/src/rp2_common/pico_printf/printf.c.obj
 .text._ntoa_long
                0x0000000010002bd8       0xbc CMakeFiles/blink.dir/home/dmytro/Documents/pico/pico-sdk/src/rp2_common/pico_printf/printf.c.obj
 .text._ntoa_long_long
                0x0000000010002c94       0xe2 CMakeFiles/blink.dir/home/dmytro/Documents/pico/pico-sdk/src/rp2_common/pico_printf/printf.c.obj
 *fill*         0x0000000010002d76        0x2 
 .text._etoa    0x0000000010002d78      0x414 CMakeFiles/blink.dir/home/dmytro/Documents/pico/pico-sdk/src/rp2_common/pico_printf/printf.c.obj
 .text._ftoa    0x000000001000318c      0x354 CMakeFiles/blink.dir/home/dmytro/Documents/pico/pico-sdk/src/rp2_common/pico_printf/printf.c.obj
 .text._vsnprintf
                0x00000000100034e0      0x624 CMakeFiles/blink.dir/home/dmytro/Documents/pico/pico-sdk/src/rp2_common/pico_printf/printf.c.obj
 .text.vfctprintf
                0x0000000010003b04       0x20 CMakeFiles/blink.dir/home/dmytro/Documents/pico/pico-sdk/src/rp2_common/pico_printf/printf.c.obj
                0x0000000010003b04                vfctprintf
 .text          0x0000000010003b24       0x10 CMakeFiles/blink.dir/home/dmytro/Documents/pico/pico-sdk/src/rp2_common/pico_bit_ops/bit_ops_aeabi.S.obj
 .text.rom_func_lookup
                0x0000000010003b34       0x10 CMakeFiles/blink.dir/home/dmytro/Documents/pico/pico-sdk/src/rp2_common/pico_bootrom/bootrom.c.obj
                0x0000000010003b34                rom_func_lookup
 .text.rom_data_lookup
                0x0000000010003b44       0x10 CMakeFiles/blink.dir/home/dmytro/Documents/pico/pico-sdk/src/rp2_common/pico_bootrom/bootrom.c.obj
                0x0000000010003b44                rom_data_lookup
 .text.rom_funcs_lookup
                0x0000000010003b54       0x36 CMakeFiles/blink.dir/home/dmytro/Documents/pico/pico-sdk/src/rp2_common/pico_bootrom/bootrom.c.obj
                0x0000000010003b54                rom_funcs_lookup
 *fill*         0x0000000010003b8a        0x2 
 .text.__wrap___aeabi_idiv
                0x0000000010003b8c       0x50 CMakeFiles/blink.dir/home/dmytro/Documents/pico/pico-sdk/src/rp2_common/pico_divider/divider.S.obj
                0x0000000010003b8c                __wrap___aeabi_idivmod
                0x0000000010003b8c                divmod_s32s32
                0x0000000010003b8c                div_s32s32
                0x0000000010003b8c                __wrap___aeabi_idiv
                0x0000000010003b94                divmod_s32s32_unsafe
                0x0000000010003bc0                divmod_s32s32_savestate
 .text.__wrap___aeabi_uidiv
                0x0000000010003bdc       0x4c CMakeFiles/blink.dir/home/dmytro/Documents/pico/pico-sdk/src/rp2_common/pico_divider/divider.S.obj
                0x0000000010003bdc                __wrap___aeabi_uidiv
                0x0000000010003bdc                __wrap___aeabi_uidivmod
                0x0000000010003bdc                div_u32u32
                0x0000000010003bdc                divmod_u32u32
                0x0000000010003be4                divmod_u32u32_unsafe
                0x0000000010003c0c                divmod_u32u32_savestate
 .text.__wrap___aeabi_ldiv
                0x0000000010003c28      0x424 CMakeFiles/blink.dir/home/dmytro/Documents/pico/pico-sdk/src/rp2_common/pico_divider/divider.S.obj
                0x0000000010003c28                div_s64s64
                0x0000000010003c28                divmod_s64s64
                0x0000000010003c28                __wrap___aeabi_ldivmod
                0x0000000010003c58                div_u64u64
                0x0000000010003c58                divmod_u64u64
                0x0000000010003c58                __wrap___aeabi_uldivmod
                0x0000000010003c68                divmod_u64u64_savestate
                0x0000000010003c88                divmod_s64s64_unsafe
                0x0000000010003d10                divmod_u64u64_unsafe
 .text.__wrap___aeabi_darithmetic
                0x000000001000404c       0x80 CMakeFiles/blink.dir/home/dmytro/Documents/pico/pico-sdk/src/rp2_common/pico_double/double_aeabi.S.obj
                0x000000001000404c                __wrap___aeabi_drsub
                0x0000000010004052                __wrap___aeabi_dsub
                0x0000000010004064                __wrap___aeabi_dadd
                0x0000000010004076                __wrap___aeabi_ddiv
                0x00000000100040b2                __wrap___aeabi_dmul
 .text.__wrap___aeabi_cdcmple
                0x00000000100040cc       0x6c CMakeFiles/blink.dir/home/dmytro/Documents/pico/pico-sdk/src/rp2_common/pico_double/double_aeabi.S.obj
                0x00000000100040cc                __wrap___aeabi_cdrcmple
                0x00000000100040dc                __wrap___aeabi_cdcmple
                0x00000000100040dc                __wrap___aeabi_cdcmpeq
 .text.__wrap___aeabi_dcmplt
                0x0000000010004138        0xc CMakeFiles/blink.dir/home/dmytro/Documents/pico/pico-sdk/src/rp2_common/pico_double/double_aeabi.S.obj
                0x0000000010004138                __wrap___aeabi_dcmplt
 .text.__wrap___aeabi_dcmple
                0x0000000010004144       0x10 CMakeFiles/blink.dir/home/dmytro/Documents/pico/pico-sdk/src/rp2_common/pico_double/double_aeabi.S.obj
                0x0000000010004144                __wrap___aeabi_dcmple
 .text.__wrap___aeabi_dcmpge
                0x0000000010004154       0x10 CMakeFiles/blink.dir/home/dmytro/Documents/pico/pico-sdk/src/rp2_common/pico_double/double_aeabi.S.obj
                0x0000000010004154                __wrap___aeabi_dcmpge
 .text.__wrap___aeabi_dcmpgt
                0x0000000010004164        0xa CMakeFiles/blink.dir/home/dmytro/Documents/pico/pico-sdk/src/rp2_common/pico_double/double_aeabi.S.obj
                0x0000000010004164                __wrap___aeabi_dcmpgt
 .text.__wrap___aeabi_dcmpun
                0x000000001000416e       0x1c CMakeFiles/blink.dir/home/dmytro/Documents/pico/pico-sdk/src/rp2_common/pico_double/double_aeabi.S.obj
                0x000000001000416e                __wrap___aeabi_dcmpun
 *fill*         0x000000001000418a        0x2 
 .text.__wrap___aeabi_i2d
                0x000000001000418c       0x38 CMakeFiles/blink.dir/home/dmytro/Documents/pico/pico-sdk/src/rp2_common/pico_double/double_aeabi.S.obj
                0x000000001000418c                __wrap___aeabi_ui2d
                0x0000000010004194                __wrap___aeabi_i2d
 .text.__wrap___aeabi_d2iz
                0x00000000100041c4       0x48 CMakeFiles/blink.dir/home/dmytro/Documents/pico/pico-sdk/src/rp2_common/pico_double/double_aeabi.S.obj
                0x00000000100041c4                __wrap___aeabi_d2iz
                0x00000000100041c4                double2int_z
 .text.__wrap___aeabi_d2uiz
                0x000000001000420c       0x18 CMakeFiles/blink.dir/home/dmytro/Documents/pico/pico-sdk/src/rp2_common/pico_double/double_aeabi.S.obj
                0x000000001000420c                double2uint
                0x000000001000420c                __wrap___aeabi_d2uiz
 .text.__wrap___aeabi_d2f
                0x0000000010004224       0x18 CMakeFiles/blink.dir/home/dmytro/Documents/pico/pico-sdk/src/rp2_common/pico_double/double_aeabi.S.obj
                0x0000000010004224                __wrap___aeabi_d2f
 .text.__wrap_srqt
                0x000000001000423c       0x18 CMakeFiles/blink.dir/home/dmytro/Documents/pico/pico-sdk/src/rp2_common/pico_double/double_aeabi.S.obj
                0x000000001000423c                __wrap_sqrt
 .text.__aeabi_double_init
                0x0000000010004254       0xc8 CMakeFiles/blink.dir/home/dmytro/Documents/pico/pico-sdk/src/rp2_common/pico_double/double_init_rom.c.obj
                0x0000000010004254                __aeabi_double_init
 .text.double_table_shim_on_use_helper
                0x000000001000431c       0x34 CMakeFiles/blink.dir/home/dmytro/Documents/pico/pico-sdk/src/rp2_common/pico_double/double_v1_rom_shim.S.obj
                0x000000001000431c                double_table_shim_on_use_helper
 .text.__wrap___aeabi_dsub
                0x0000000010004350       0x10 CMakeFiles/blink.dir/home/dmytro/Documents/pico/pico-sdk/src/rp2_common/pico_double/double_v1_rom_shim.S.obj
                0x0000000010004350                drsub_shim
                0x0000000010004356                dsub_shim
 .text.dadd_shim
                0x0000000010004360      0x15c CMakeFiles/blink.dir/home/dmytro/Documents/pico/pico-sdk/src/rp2_common/pico_double/double_v1_rom_shim.S.obj
                0x0000000010004360                dadd_shim
 .text.dmul_shim
                0x00000000100044bc      0x15c CMakeFiles/blink.dir/home/dmytro/Documents/pico/pico-sdk/src/rp2_common/pico_double/double_v1_rom_shim.S.obj
                0x00000000100044bc                dmul_shim
 .text.ddiv_shim
                0x0000000010004618      0x1b0 CMakeFiles/blink.dir/home/dmytro/Documents/pico/pico-sdk/src/rp2_common/pico_double/double_v1_rom_shim.S.obj
                0x0000000010004618                ddiv_shim
 .text.dsqrt_shim
                0x00000000100047c8      0x1a8 CMakeFiles/blink.dir/home/dmytro/Documents/pico/pico-sdk/src/rp2_common/pico_double/double_v1_rom_shim.S.obj
                0x00000000100047e4                dsqrt_shim
 .text.double2uint_shim
                0x0000000010004970        0xe CMakeFiles/blink.dir/home/dmytro/Documents/pico/pico-sdk/src/rp2_common/pico_double/double_v1_rom_shim.S.obj
                0x0000000010004970                double2uint_shim
                0x0000000010004972                double2ufix_shim
 *fill*         0x000000001000497e        0x2 
 .text.double2uint64_shim
                0x0000000010004980       0x70 CMakeFiles/blink.dir/home/dmytro/Documents/pico/pico-sdk/src/rp2_common/pico_double/double_v1_rom_shim.S.obj
                0x0000000010004980                double2uint64_shim
                0x0000000010004982                double2ufix64_shim
                0x00000000100049a2                d2fix_a
 .text.double2float_shim
                0x00000000100049f0       0x5c CMakeFiles/blink.dir/home/dmytro/Documents/pico/pico-sdk/src/rp2_common/pico_double/double_v1_rom_shim.S.obj
                0x00000000100049f0                double2float_shim
 .text.dunpacks
                0x0000000010004a4c       0x3c CMakeFiles/blink.dir/home/dmytro/Documents/pico/pico-sdk/src/rp2_common/pico_double/double_v1_rom_shim.S.obj
                0x0000000010004a4c                dunpacks
 .text.__aeabi_lmul
                0x0000000010004a88       0x32 CMakeFiles/blink.dir/home/dmytro/Documents/pico/pico-sdk/src/rp2_common/pico_int64_ops/pico_int64_ops_aeabi.S.obj
                0x0000000010004a88                __wrap___aeabi_lmul
 *fill*         0x0000000010004aba        0x2 
 .text.__wrap___aeabi_farithmetic
                0x0000000010004abc       0x58 CMakeFiles/blink.dir/home/dmytro/Documents/pico/pico-sdk/src/rp2_common/pico_float/float_aeabi.S.obj
                0x0000000010004abc                __wrap___aeabi_frsub
                0x0000000010004ac2                __wrap___aeabi_fsub
                0x0000000010004acc                __wrap___aeabi_fadd
                0x0000000010004ad6                __wrap___aeabi_fdiv
                0x0000000010004b02                __wrap___aeabi_fmul
 .text.__wrap___aeabi_cfcmple
                0x0000000010004b14       0x50 CMakeFiles/blink.dir/home/dmytro/Documents/pico/pico-sdk/src/rp2_common/pico_float/float_aeabi.S.obj
                0x0000000010004b14                __wrap___aeabi_cfrcmple
                0x0000000010004b20                __wrap___aeabi_cfcmpeq
                0x0000000010004b20                __wrap___aeabi_cfcmple
 .text.__wrap___aeabi_fcmpgt
                0x0000000010004b64        0xa CMakeFiles/blink.dir/home/dmytro/Documents/pico/pico-sdk/src/rp2_common/pico_float/float_aeabi.S.obj
                0x0000000010004b64                __wrap___aeabi_fcmpgt
 .text.__wrap___aeabi_ui2f
                0x0000000010004b6e        0xa CMakeFiles/blink.dir/home/dmytro/Documents/pico/pico-sdk/src/rp2_common/pico_float/float_aeabi.S.obj
                0x0000000010004b6e                __wrap___aeabi_ui2f
 .text.__wrap___aeabi_i2f
                0x0000000010004b78       0x44 CMakeFiles/blink.dir/home/dmytro/Documents/pico/pico-sdk/src/rp2_common/pico_float/float_aeabi.S.obj
                0x0000000010004b78                __wrap___aeabi_i2f
 .text.__wrap___aeabi_f2uiz
                0x0000000010004bbc       0x10 CMakeFiles/blink.dir/home/dmytro/Documents/pico/pico-sdk/src/rp2_common/pico_float/float_aeabi.S.obj
                0x0000000010004bbc                __wrap___aeabi_f2uiz
 .text.__wrap___aeabi_f2d
                0x0000000010004bcc       0x14 CMakeFiles/blink.dir/home/dmytro/Documents/pico/pico-sdk/src/rp2_common/pico_float/float_aeabi.S.obj
                0x0000000010004bcc                __wrap___aeabi_f2d
 .text.__aeabi_float_init
                0x0000000010004be0       0xfc CMakeFiles/blink.dir/home/dmytro/Documents/pico/pico-sdk/src/rp2_common/pico_float/float_init_rom.c.obj
                0x0000000010004be0                __aeabi_float_init
 .text.float_table_shim_on_use_helper
                0x0000000010004cdc       0x34 CMakeFiles/blink.dir/home/dmytro/Documents/pico/pico-sdk/src/rp2_common/pico_float/float_v1_rom_shim.S.obj
                0x0000000010004cdc                float_table_shim_on_use_helper
 .text.float2double_shim
                0x0000000010004d10       0x30 CMakeFiles/blink.dir/home/dmytro/Documents/pico/pico-sdk/src/rp2_common/pico_float/float_v1_rom_shim.S.obj
                0x0000000010004d10                float2double_shim
 .text          0x0000000010004d40       0x10 CMakeFiles/blink.dir/home/dmytro/Documents/pico/pico-sdk/src/rp2_common/pico_mem_ops/mem_ops_aeabi.S.obj
                0x0000000010004d40                __aeabi_mem_init
 .text.memset   0x0000000010004d50        0xc CMakeFiles/blink.dir/home/dmytro/Documents/pico/pico-sdk/src/rp2_common/pico_mem_ops/mem_ops_aeabi.S.obj
                0x0000000010004d50                __wrap_memset
 .text.memcpy   0x0000000010004d5c        0xc CMakeFiles/blink.dir/home/dmytro/Documents/pico/pico-sdk/src/rp2_common/pico_mem_ops/mem_ops_aeabi.S.obj
                0x0000000010004d5c                __wrap___aeabi_memcpy
                0x0000000010004d5c                __wrap_memcpy
 .text.stdio_out_chars_no_crlf
                0x0000000010004d68        0xe CMakeFiles/blink.dir/home/dmytro/Documents/pico/pico-sdk/src/rp2_common/pico_stdio/stdio.c.obj
 *fill*         0x0000000010004d76        0x2 
 .text.stdio_out_chars_crlf
                0x0000000010004d78       0x80 CMakeFiles/blink.dir/home/dmytro/Documents/pico/pico-sdk/src/rp2_common/pico_stdio/stdio.c.obj
 .text.stdio_stack_buffer_flush
                0x0000000010004df8       0x44 CMakeFiles/blink.dir/home/dmytro/Documents/pico/pico-sdk/src/rp2_common/pico_stdio/stdio.c.obj
 .text.stdio_buffered_printer
                0x0000000010004e3c       0x20 CMakeFiles/blink.dir/home/dmytro/Documents/pico/pico-sdk/src/rp2_common/pico_stdio/stdio.c.obj
 .text.stdout_serialize_begin
                0x0000000010004e5c       0x5c CMakeFiles/blink.dir/home/dmytro/Documents/pico/pico-sdk/src/rp2_common/pico_stdio/stdio.c.obj
                0x0000000010004e5c                stdout_serialize_begin
 .text.stdout_serialize_end
                0x0000000010004eb8       0x10 CMakeFiles/blink.dir/home/dmytro/Documents/pico/pico-sdk/src/rp2_common/pico_stdio/stdio.c.obj
                0x0000000010004eb8                stdout_serialize_end
 .text.stdio_put_string
                0x0000000010004ec8       0x98 CMakeFiles/blink.dir/home/dmytro/Documents/pico/pico-sdk/src/rp2_common/pico_stdio/stdio.c.obj
 .text.stdio_set_driver_enabled
                0x0000000010004f60       0x2c CMakeFiles/blink.dir/home/dmytro/Documents/pico/pico-sdk/src/rp2_common/pico_stdio/stdio.c.obj
                0x0000000010004f60                stdio_set_driver_enabled
 .text.stdio_flush
                0x0000000010004f8c       0x20 CMakeFiles/blink.dir/home/dmytro/Documents/pico/pico-sdk/src/rp2_common/pico_stdio/stdio.c.obj
                0x0000000010004f8c                stdio_flush
 .text.__wrap_puts
                0x0000000010004fac       0x1e CMakeFiles/blink.dir/home/dmytro/Documents/pico/pico-sdk/src/rp2_common/pico_stdio/stdio.c.obj
                0x0000000010004fac                __wrap_puts
 *fill*         0x0000000010004fca        0x2 
 .text.__wrap_vprintf
                0x0000000010004fcc       0x40 CMakeFiles/blink.dir/home/dmytro/Documents/pico/pico-sdk/src/rp2_common/pico_stdio/stdio.c.obj
                0x0000000010004fcc                __wrap_vprintf
 .text.__wrap_printf
                0x000000001000500c       0x18 CMakeFiles/blink.dir/home/dmytro/Documents/pico/pico-sdk/src/rp2_common/pico_stdio/stdio.c.obj
                0x000000001000500c                __wrap_printf
 .text.stdio_init_all
                0x0000000010005024        0x8 CMakeFiles/blink.dir/home/dmytro/Documents/pico/pico-sdk/src/rp2_common/pico_stdio/stdio.c.obj
                0x0000000010005024                stdio_init_all
 .text.resetd_init
                0x000000001000502c        0x2 CMakeFiles/blink.dir/home/dmytro/Documents/pico/pico-sdk/src/rp2_common/pico_stdio_usb/reset_interface.c.obj
 *fill*         0x000000001000502e        0x2 
 .text.resetd_reset
                0x0000000010005030        0xc CMakeFiles/blink.dir/home/dmytro/Documents/pico/pico-sdk/src/rp2_common/pico_stdio_usb/reset_interface.c.obj
 .text.resetd_open
                0x000000001000503c       0x34 CMakeFiles/blink.dir/home/dmytro/Documents/pico/pico-sdk/src/rp2_common/pico_stdio_usb/reset_interface.c.obj
 .text.resetd_xfer_cb
                0x0000000010005070        0x4 CMakeFiles/blink.dir/home/dmytro/Documents/pico/pico-sdk/src/rp2_common/pico_stdio_usb/reset_interface.c.obj
 .text.reset_usb_boot
                0x0000000010005074       0x18 CMakeFiles/blink.dir/home/dmytro/Documents/pico/pico-sdk/src/rp2_common/pico_stdio_usb/reset_interface.c.obj
 .text.resetd_control_xfer_cb
                0x000000001000508c       0x5c CMakeFiles/blink.dir/home/dmytro/Documents/pico/pico-sdk/src/rp2_common/pico_stdio_usb/reset_interface.c.obj
 .text.usbd_app_driver_get_cb
                0x00000000100050e8        0xc CMakeFiles/blink.dir/home/dmytro/Documents/pico/pico-sdk/src/rp2_common/pico_stdio_usb/reset_interface.c.obj
                0x00000000100050e8                usbd_app_driver_get_cb
 .text.tud_cdc_line_coding_cb
                0x00000000100050f4       0x28 CMakeFiles/blink.dir/home/dmytro/Documents/pico/pico-sdk/src/rp2_common/pico_stdio_usb/reset_interface.c.obj
                0x00000000100050f4                tud_cdc_line_coding_cb
 .text.stdio_usb_set_chars_available_callback
                0x000000001000511c       0x14 CMakeFiles/blink.dir/home/dmytro/Documents/pico/pico-sdk/src/rp2_common/pico_stdio_usb/stdio_usb.c.obj
                0x000000001000511c                stdio_usb_set_chars_available_callback
 .text.usb_irq  0x0000000010005130       0x10 CMakeFiles/blink.dir/home/dmytro/Documents/pico/pico-sdk/src/rp2_common/pico_stdio_usb/stdio_usb.c.obj
 .text.timer_task
                0x0000000010005140       0x58 CMakeFiles/blink.dir/home/dmytro/Documents/pico/pico-sdk/src/rp2_common/pico_stdio_usb/stdio_usb.c.obj
 .text.low_priority_worker_irq
                0x0000000010005198       0xd8 CMakeFiles/blink.dir/home/dmytro/Documents/pico/pico-sdk/src/rp2_common/pico_stdio_usb/stdio_usb.c.obj
 .text.tud_cdc_rx_cb
                0x0000000010005270       0x20 CMakeFiles/blink.dir/home/dmytro/Documents/pico/pico-sdk/src/rp2_common/pico_stdio_usb/stdio_usb.c.obj
                0x0000000010005270                tud_cdc_rx_cb
 .text.stdio_usb_init
                0x0000000010005290      0x12c CMakeFiles/blink.dir/home/dmytro/Documents/pico/pico-sdk/src/rp2_common/pico_stdio_usb/stdio_usb.c.obj
                0x0000000010005290                stdio_usb_init
 .text.stdio_usb_connected
                0x00000000100053bc        0xa CMakeFiles/blink.dir/home/dmytro/Documents/pico/pico-sdk/src/rp2_common/pico_stdio_usb/stdio_usb.c.obj
                0x00000000100053bc                stdio_usb_connected
 *fill*         0x00000000100053c6        0x2 
 .text.stdio_usb_in_chars
                0x00000000100053c8       0xc4 CMakeFiles/blink.dir/home/dmytro/Documents/pico/pico-sdk/src/rp2_common/pico_stdio_usb/stdio_usb.c.obj
                0x00000000100053c8                stdio_usb_in_chars
 .text.stdio_usb_out_chars
                0x000000001000548c      0x114 CMakeFiles/blink.dir/home/dmytro/Documents/pico/pico-sdk/src/rp2_common/pico_stdio_usb/stdio_usb.c.obj
 .text.tud_descriptor_device_cb
                0x00000000100055a0        0x8 CMakeFiles/blink.dir/home/dmytro/Documents/pico/pico-sdk/src/rp2_common/pico_stdio_usb/stdio_usb_descriptors.c.obj
                0x00000000100055a0                tud_descriptor_device_cb
 .text.tud_descriptor_configuration_cb
                0x00000000100055a8        0x8 CMakeFiles/blink.dir/home/dmytro/Documents/pico/pico-sdk/src/rp2_common/pico_stdio_usb/stdio_usb_descriptors.c.obj
                0x00000000100055a8                tud_descriptor_configuration_cb
 .text.tud_descriptor_string_cb
                0x00000000100055b0       0x6c CMakeFiles/blink.dir/home/dmytro/Documents/pico/pico-sdk/src/rp2_common/pico_stdio_usb/stdio_usb_descriptors.c.obj
                0x00000000100055b0                tud_descriptor_string_cb
 .text._retrieve_unique_id_on_boot
                0x000000001000561c       0x10 CMakeFiles/blink.dir/home/dmytro/Documents/pico/pico-sdk/src/rp2_common/pico_unique_id/unique_id.c.obj
 .text.pico_get_unique_board_id_string
                0x000000001000562c       0x60 CMakeFiles/blink.dir/home/dmytro/Documents/pico/pico-sdk/src/rp2_common/pico_unique_id/unique_id.c.obj
                0x000000001000562c                pico_get_unique_board_id_string
 .text.flash_get_unique_id
                0x000000001000568c       0x46 CMakeFiles/blink.dir/home/dmytro/Documents/pico/pico-sdk/src/rp2_common/hardware_flash/flash.c.obj
                0x000000001000568c                flash_get_unique_id
 *fill*         0x00000000100056d2        0x2 
 .text.hw_endpoint_get_by_addr
                0x00000000100056d4       0x18 CMakeFiles/blink.dir/home/dmytro/Documents/pico/pico-sdk/lib/tinyusb/src/portable/raspberrypi/rp2040/dcd_rp2040.c.obj
 .text._hw_endpoint_alloc
                0x00000000100056ec       0x70 CMakeFiles/blink.dir/home/dmytro/Documents/pico/pico-sdk/lib/tinyusb/src/portable/raspberrypi/rp2040/dcd_rp2040.c.obj
 .text.hw_endpoint_init
                0x000000001000575c       0x88 CMakeFiles/blink.dir/home/dmytro/Documents/pico/pico-sdk/lib/tinyusb/src/portable/raspberrypi/rp2040/dcd_rp2040.c.obj
 .text.hw_endpoint_xfer
                0x00000000100057e4       0x14 CMakeFiles/blink.dir/home/dmytro/Documents/pico/pico-sdk/lib/tinyusb/src/portable/raspberrypi/rp2040/dcd_rp2040.c.obj
 .text.dcd_int_enable
                0x00000000100057f8       0x2c CMakeFiles/blink.dir/home/dmytro/Documents/pico/pico-sdk/lib/tinyusb/src/portable/raspberrypi/rp2040/dcd_rp2040.c.obj
                0x00000000100057f8                dcd_int_enable
 .text.dcd_set_address
                0x0000000010005824       0x2c CMakeFiles/blink.dir/home/dmytro/Documents/pico/pico-sdk/lib/tinyusb/src/portable/raspberrypi/rp2040/dcd_rp2040.c.obj
                0x0000000010005824                dcd_set_address
 .text.dcd_connect
                0x0000000010005850       0x10 CMakeFiles/blink.dir/home/dmytro/Documents/pico/pico-sdk/lib/tinyusb/src/portable/raspberrypi/rp2040/dcd_rp2040.c.obj
                0x0000000010005850                dcd_connect
 .text.dcd_init
                0x0000000010005860       0x80 CMakeFiles/blink.dir/home/dmytro/Documents/pico/pico-sdk/lib/tinyusb/src/portable/raspberrypi/rp2040/dcd_rp2040.c.obj
                0x0000000010005860                dcd_init
 .text.dcd_edpt0_status_complete
                0x00000000100058e0       0x1c CMakeFiles/blink.dir/home/dmytro/Documents/pico/pico-sdk/lib/tinyusb/src/portable/raspberrypi/rp2040/dcd_rp2040.c.obj
                0x00000000100058e0                dcd_edpt0_status_complete
 .text.dcd_edpt_open
                0x00000000100058fc       0x40 CMakeFiles/blink.dir/home/dmytro/Documents/pico/pico-sdk/lib/tinyusb/src/portable/raspberrypi/rp2040/dcd_rp2040.c.obj
                0x00000000100058fc                dcd_edpt_open
 .text.dcd_edpt_close_all
                0x000000001000593c        0x8 CMakeFiles/blink.dir/home/dmytro/Documents/pico/pico-sdk/lib/tinyusb/src/portable/raspberrypi/rp2040/dcd_rp2040.c.obj
                0x000000001000593c                dcd_edpt_close_all
 .text.dcd_edpt_xfer
                0x0000000010005944       0x34 CMakeFiles/blink.dir/home/dmytro/Documents/pico/pico-sdk/lib/tinyusb/src/portable/raspberrypi/rp2040/dcd_rp2040.c.obj
                0x0000000010005944                dcd_edpt_xfer
 .text.dcd_edpt_stall
                0x0000000010005978       0x2c CMakeFiles/blink.dir/home/dmytro/Documents/pico/pico-sdk/lib/tinyusb/src/portable/raspberrypi/rp2040/dcd_rp2040.c.obj
                0x0000000010005978                dcd_edpt_stall
 .text.dcd_edpt_clear_stall
                0x00000000100059a4       0x20 CMakeFiles/blink.dir/home/dmytro/Documents/pico/pico-sdk/lib/tinyusb/src/portable/raspberrypi/rp2040/dcd_rp2040.c.obj
                0x00000000100059a4                dcd_edpt_clear_stall
 .text.rp2040_usb_init
                0x00000000100059c4       0x4c CMakeFiles/blink.dir/home/dmytro/Documents/pico/pico-sdk/lib/tinyusb/src/portable/raspberrypi/rp2040/rp2040_usb.c.obj
                0x00000000100059c4                rp2040_usb_init
 .text.hw_endpoint_xfer_start
                0x0000000010005a10       0x50 CMakeFiles/blink.dir/home/dmytro/Documents/pico/pico-sdk/lib/tinyusb/src/portable/raspberrypi/rp2040/rp2040_usb.c.obj
                0x0000000010005a10                hw_endpoint_xfer_start
 .text.configuration_reset
                0x0000000010005a60       0x84 CMakeFiles/blink.dir/home/dmytro/Documents/pico/pico-sdk/lib/tinyusb/src/device/usbd.c.obj
 .text.usbd_reset
                0x0000000010005ae4        0xc CMakeFiles/blink.dir/home/dmytro/Documents/pico/pico-sdk/lib/tinyusb/src/device/usbd.c.obj
 .text.invoke_class_control
                0x0000000010005af0       0x1a CMakeFiles/blink.dir/home/dmytro/Documents/pico/pico-sdk/lib/tinyusb/src/device/usbd.c.obj
 *fill*         0x0000000010005b0a        0x2 
 .text.process_set_config
                0x0000000010005b0c      0x178 CMakeFiles/blink.dir/home/dmytro/Documents/pico/pico-sdk/lib/tinyusb/src/device/usbd.c.obj
 .text.process_get_descriptor
                0x0000000010005c84       0xdc CMakeFiles/blink.dir/home/dmytro/Documents/pico/pico-sdk/lib/tinyusb/src/device/usbd.c.obj
 .text.tud_mounted
                0x0000000010005d60       0x10 CMakeFiles/blink.dir/home/dmytro/Documents/pico/pico-sdk/lib/tinyusb/src/device/usbd.c.obj
                0x0000000010005d60                tud_mounted
 .text.tud_suspended
                0x0000000010005d70       0x10 CMakeFiles/blink.dir/home/dmytro/Documents/pico/pico-sdk/lib/tinyusb/src/device/usbd.c.obj
                0x0000000010005d70                tud_suspended
 .text.tud_inited
                0x0000000010005d80       0x14 CMakeFiles/blink.dir/home/dmytro/Documents/pico/pico-sdk/lib/tinyusb/src/device/usbd.c.obj
                0x0000000010005d80                tud_inited
 .text.tud_init
                0x0000000010005d94       0xcc CMakeFiles/blink.dir/home/dmytro/Documents/pico/pico-sdk/lib/tinyusb/src/device/usbd.c.obj
                0x0000000010005d94                tud_init
 .text.usbd_defer_func
                0x0000000010005e60       0x2a CMakeFiles/blink.dir/home/dmytro/Documents/pico/pico-sdk/lib/tinyusb/src/device/usbd.c.obj
                0x0000000010005e60                usbd_defer_func
 *fill*         0x0000000010005e8a        0x2 
 .text.usbd_edpt_open
                0x0000000010005e8c       0x34 CMakeFiles/blink.dir/home/dmytro/Documents/pico/pico-sdk/lib/tinyusb/src/device/usbd.c.obj
                0x0000000010005e8c                usbd_edpt_open
 .text.usbd_open_edpt_pair
                0x0000000010005ec0       0x62 CMakeFiles/blink.dir/home/dmytro/Documents/pico/pico-sdk/lib/tinyusb/src/device/usbd.c.obj
                0x0000000010005ec0                usbd_open_edpt_pair
 *fill*         0x0000000010005f22        0x2 
 .text.usbd_edpt_claim
                0x0000000010005f24       0x28 CMakeFiles/blink.dir/home/dmytro/Documents/pico/pico-sdk/lib/tinyusb/src/device/usbd.c.obj
                0x0000000010005f24                usbd_edpt_claim
 .text.usbd_edpt_release
                0x0000000010005f4c       0x28 CMakeFiles/blink.dir/home/dmytro/Documents/pico/pico-sdk/lib/tinyusb/src/device/usbd.c.obj
                0x0000000010005f4c                usbd_edpt_release
 .text.usbd_edpt_xfer
                0x0000000010005f74       0x78 CMakeFiles/blink.dir/home/dmytro/Documents/pico/pico-sdk/lib/tinyusb/src/device/usbd.c.obj
                0x0000000010005f74                usbd_edpt_xfer
 .text.usbd_edpt_stall
                0x0000000010005fec       0x48 CMakeFiles/blink.dir/home/dmytro/Documents/pico/pico-sdk/lib/tinyusb/src/device/usbd.c.obj
                0x0000000010005fec                usbd_edpt_stall
 .text.usbd_edpt_clear_stall
                0x0000000010006034       0x48 CMakeFiles/blink.dir/home/dmytro/Documents/pico/pico-sdk/lib/tinyusb/src/device/usbd.c.obj
                0x0000000010006034                usbd_edpt_clear_stall
 .text.usbd_edpt_stalled
                0x000000001000607c       0x1c CMakeFiles/blink.dir/home/dmytro/Documents/pico/pico-sdk/lib/tinyusb/src/device/usbd.c.obj
                0x000000001000607c                usbd_edpt_stalled
 .text.process_control_request
                0x0000000010006098      0x37c CMakeFiles/blink.dir/home/dmytro/Documents/pico/pico-sdk/lib/tinyusb/src/device/usbd.c.obj
 .text.tud_task_ext
                0x0000000010006414      0x1b4 CMakeFiles/blink.dir/home/dmytro/Documents/pico/pico-sdk/lib/tinyusb/src/device/usbd.c.obj
                0x0000000010006414                tud_task_ext
 .text._data_stage_xact
                0x00000000100065c8       0x58 CMakeFiles/blink.dir/home/dmytro/Documents/pico/pico-sdk/lib/tinyusb/src/device/usbd_control.c.obj
 .text.tud_control_status
                0x0000000010006620       0x38 CMakeFiles/blink.dir/home/dmytro/Documents/pico/pico-sdk/lib/tinyusb/src/device/usbd_control.c.obj
                0x0000000010006620                tud_control_status
 .text.tud_control_xfer
                0x0000000010006658       0x74 CMakeFiles/blink.dir/home/dmytro/Documents/pico/pico-sdk/lib/tinyusb/src/device/usbd_control.c.obj
                0x0000000010006658                tud_control_xfer
 .text.usbd_control_reset
                0x00000000100066cc       0x14 CMakeFiles/blink.dir/home/dmytro/Documents/pico/pico-sdk/lib/tinyusb/src/device/usbd_control.c.obj
                0x00000000100066cc                usbd_control_reset
 .text.usbd_control_set_complete_callback
                0x00000000100066e0        0xc CMakeFiles/blink.dir/home/dmytro/Documents/pico/pico-sdk/lib/tinyusb/src/device/usbd_control.c.obj
                0x00000000100066e0                usbd_control_set_complete_callback
 .text.usbd_control_set_request
                0x00000000100066ec       0x1c CMakeFiles/blink.dir/home/dmytro/Documents/pico/pico-sdk/lib/tinyusb/src/device/usbd_control.c.obj
                0x00000000100066ec                usbd_control_set_request
 .text.usbd_control_xfer_cb
                0x0000000010006708       0xcc CMakeFiles/blink.dir/home/dmytro/Documents/pico/pico-sdk/lib/tinyusb/src/device/usbd_control.c.obj
                0x0000000010006708                usbd_control_xfer_cb
 .text._prep_out_transaction
                0x00000000100067d4       0x4a CMakeFiles/blink.dir/home/dmytro/Documents/pico/pico-sdk/lib/tinyusb/src/class/cdc/cdc_device.c.obj
 *fill*         0x000000001000681e        0x2 
 .text.tud_cdc_n_connected
                0x0000000010006820       0x44 CMakeFiles/blink.dir/home/dmytro/Documents/pico/pico-sdk/lib/tinyusb/src/class/cdc/cdc_device.c.obj
                0x0000000010006820                tud_cdc_n_connected
 .text.tud_cdc_n_available
                0x0000000010006864       0x18 CMakeFiles/blink.dir/home/dmytro/Documents/pico/pico-sdk/lib/tinyusb/src/class/cdc/cdc_device.c.obj
                0x0000000010006864                tud_cdc_n_available
 .text.tud_cdc_n_read
                0x000000001000687c       0x28 CMakeFiles/blink.dir/home/dmytro/Documents/pico/pico-sdk/lib/tinyusb/src/class/cdc/cdc_device.c.obj
                0x000000001000687c                tud_cdc_n_read
 .text.tud_cdc_n_write_flush
                0x00000000100068a4       0xb8 CMakeFiles/blink.dir/home/dmytro/Documents/pico/pico-sdk/lib/tinyusb/src/class/cdc/cdc_device.c.obj
                0x00000000100068a4                tud_cdc_n_write_flush
 .text.tud_cdc_n_write
                0x000000001000695c       0x38 CMakeFiles/blink.dir/home/dmytro/Documents/pico/pico-sdk/lib/tinyusb/src/class/cdc/cdc_device.c.obj
                0x000000001000695c                tud_cdc_n_write
 .text.tud_cdc_n_write_available
                0x0000000010006994       0x1c CMakeFiles/blink.dir/home/dmytro/Documents/pico/pico-sdk/lib/tinyusb/src/class/cdc/cdc_device.c.obj
                0x0000000010006994                tud_cdc_n_write_available
 .text.cdcd_init
                0x00000000100069b0       0xbc CMakeFiles/blink.dir/home/dmytro/Documents/pico/pico-sdk/lib/tinyusb/src/class/cdc/cdc_device.c.obj
                0x00000000100069b0                cdcd_init
 .text.cdcd_reset
                0x0000000010006a6c       0x44 CMakeFiles/blink.dir/home/dmytro/Documents/pico/pico-sdk/lib/tinyusb/src/class/cdc/cdc_device.c.obj
                0x0000000010006a6c                cdcd_reset
 .text.cdcd_open
                0x0000000010006ab0       0xcc CMakeFiles/blink.dir/home/dmytro/Documents/pico/pico-sdk/lib/tinyusb/src/class/cdc/cdc_device.c.obj
                0x0000000010006ab0                cdcd_open
 .text.cdcd_control_xfer_cb
                0x0000000010006b7c      0x134 CMakeFiles/blink.dir/home/dmytro/Documents/pico/pico-sdk/lib/tinyusb/src/class/cdc/cdc_device.c.obj
                0x0000000010006b7c                cdcd_control_xfer_cb
 .text.cdcd_xfer_cb
                0x0000000010006cb0      0x130 CMakeFiles/blink.dir/home/dmytro/Documents/pico/pico-sdk/lib/tinyusb/src/class/cdc/cdc_device.c.obj
                0x0000000010006cb0                cdcd_xfer_cb
 .text.tusb_init
                0x0000000010006de0        0xa CMakeFiles/blink.dir/home/dmytro/Documents/pico/pico-sdk/lib/tinyusb/src/tusb.c.obj
                0x0000000010006de0                tusb_init
 .text.tusb_inited
                0x0000000010006dea        0xe CMakeFiles/blink.dir/home/dmytro/Documents/pico/pico-sdk/lib/tinyusb/src/tusb.c.obj
                0x0000000010006dea                tusb_inited
 .text.tu_edpt_claim
                0x0000000010006df8       0x50 CMakeFiles/blink.dir/home/dmytro/Documents/pico/pico-sdk/lib/tinyusb/src/tusb.c.obj
                0x0000000010006df8                tu_edpt_claim
 .text.tu_edpt_release
                0x0000000010006e48       0x3c CMakeFiles/blink.dir/home/dmytro/Documents/pico/pico-sdk/lib/tinyusb/src/tusb.c.obj
                0x0000000010006e48                tu_edpt_release
 .text.tu_edpt_validate
                0x0000000010006e84       0x78 CMakeFiles/blink.dir/home/dmytro/Documents/pico/pico-sdk/lib/tinyusb/src/tusb.c.obj
                0x0000000010006e84                tu_edpt_validate
 .text.tu_edpt_bind_driver
                0x0000000010006efc       0x26 CMakeFiles/blink.dir/home/dmytro/Documents/pico/pico-sdk/lib/tinyusb/src/tusb.c.obj
                0x0000000010006efc                tu_edpt_bind_driver
 .text.advance_index
                0x0000000010006f22       0x1a CMakeFiles/blink.dir/home/dmytro/Documents/pico/pico-sdk/lib/tinyusb/src/common/tusb_fifo.c.obj
 .text._tu_fifo_peek
                0x0000000010006f3c       0x56 CMakeFiles/blink.dir/home/dmytro/Documents/pico/pico-sdk/lib/tinyusb/src/common/tusb_fifo.c.obj
 .text._ff_pull_const_addr
                0x0000000010006f92       0x4c CMakeFiles/blink.dir/home/dmytro/Documents/pico/pico-sdk/lib/tinyusb/src/common/tusb_fifo.c.obj
 .text._ff_pull_n
                0x0000000010006fde      0x110 CMakeFiles/blink.dir/home/dmytro/Documents/pico/pico-sdk/lib/tinyusb/src/common/tusb_fifo.c.obj
 .text._tu_fifo_peek_n
                0x00000000100070ee       0x6a CMakeFiles/blink.dir/home/dmytro/Documents/pico/pico-sdk/lib/tinyusb/src/common/tusb_fifo.c.obj
 .text._tu_fifo_read_n
                0x0000000010007158       0x4e CMakeFiles/blink.dir/home/dmytro/Documents/pico/pico-sdk/lib/tinyusb/src/common/tusb_fifo.c.obj
 .text._ff_push_const_addr
                0x00000000100071a6       0x40 CMakeFiles/blink.dir/home/dmytro/Documents/pico/pico-sdk/lib/tinyusb/src/common/tusb_fifo.c.obj
 .text._ff_push_n
                0x00000000100071e6      0x10c CMakeFiles/blink.dir/home/dmytro/Documents/pico/pico-sdk/lib/tinyusb/src/common/tusb_fifo.c.obj
 .text._tu_fifo_write_n
                0x00000000100072f2       0xf0 CMakeFiles/blink.dir/home/dmytro/Documents/pico/pico-sdk/lib/tinyusb/src/common/tusb_fifo.c.obj
 .text.tu_fifo_config
                0x00000000100073e2       0x7c CMakeFiles/blink.dir/home/dmytro/Documents/pico/pico-sdk/lib/tinyusb/src/common/tusb_fifo.c.obj
                0x00000000100073e2                tu_fifo_config
 .text.tu_fifo_count
                0x000000001000745e       0x2a CMakeFiles/blink.dir/home/dmytro/Documents/pico/pico-sdk/lib/tinyusb/src/common/tusb_fifo.c.obj
                0x000000001000745e                tu_fifo_count
 .text.tu_fifo_empty
                0x0000000010007488       0x10 CMakeFiles/blink.dir/home/dmytro/Documents/pico/pico-sdk/lib/tinyusb/src/common/tusb_fifo.c.obj
                0x0000000010007488                tu_fifo_empty
 .text.tu_fifo_full
                0x0000000010007498       0x28 CMakeFiles/blink.dir/home/dmytro/Documents/pico/pico-sdk/lib/tinyusb/src/common/tusb_fifo.c.obj
                0x0000000010007498                tu_fifo_full
 .text.tu_fifo_remaining
                0x00000000100074c0       0x2c CMakeFiles/blink.dir/home/dmytro/Documents/pico/pico-sdk/lib/tinyusb/src/common/tusb_fifo.c.obj
                0x00000000100074c0                tu_fifo_remaining
 .text.tu_fifo_read
                0x00000000100074ec       0x42 CMakeFiles/blink.dir/home/dmytro/Documents/pico/pico-sdk/lib/tinyusb/src/common/tusb_fifo.c.obj
                0x00000000100074ec                tu_fifo_read
 .text.tu_fifo_read_n
                0x000000001000752e        0xa CMakeFiles/blink.dir/home/dmytro/Documents/pico/pico-sdk/lib/tinyusb/src/common/tusb_fifo.c.obj
                0x000000001000752e                tu_fifo_read_n
 .text.tu_fifo_write
                0x0000000010007538       0x64 CMakeFiles/blink.dir/home/dmytro/Documents/pico/pico-sdk/lib/tinyusb/src/common/tusb_fifo.c.obj
                0x0000000010007538                tu_fifo_write
 .text.tu_fifo_write_n
                0x000000001000759c        0xa CMakeFiles/blink.dir/home/dmytro/Documents/pico/pico-sdk/lib/tinyusb/src/common/tusb_fifo.c.obj
                0x000000001000759c                tu_fifo_write_n
 .text.tu_fifo_clear
                0x00000000100075a6       0x3e CMakeFiles/blink.dir/home/dmytro/Documents/pico/pico-sdk/lib/tinyusb/src/common/tusb_fifo.c.obj
                0x00000000100075a6                tu_fifo_clear
 .text.tu_fifo_set_overwritable
                0x00000000100075e4       0x46 CMakeFiles/blink.dir/home/dmytro/Documents/pico/pico-sdk/lib/tinyusb/src/common/tusb_fifo.c.obj
                0x00000000100075e4                tu_fifo_set_overwritable
 *fill*         0x000000001000762a        0x2 
 .text.adc_init
                0x000000001000762c       0x34 CMakeFiles/blink.dir/home/dmytro/Documents/pico/pico-sdk/src/rp2_common/hardware_adc/adc.c.obj
                0x000000001000762c                adc_init
 .text.dma_claim_unused_channel
                0x0000000010007660       0x20 CMakeFiles/blink.dir/home/dmytro/Documents/pico/pico-sdk/src/rp2_common/hardware_dma/dma.c.obj
                0x0000000010007660                dma_claim_unused_channel
 .text          0x0000000010007680       0x5c /usr/lib/gcc/arm-none-eabi/10.3.1/../../../arm-none-eabi/lib/thumb/v6-m/nofp/libg.a(lib_a-strlen-stub.o)
                0x0000000010007680                strlen
 *(.fini)
 .fini          0x00000000100076dc        0x4 /usr/lib/gcc/arm-none-eabi/10.3.1/thumb/v6-m/nofp/crti.o
                0x00000000100076dc                _fini
 .fini.__stub   0x00000000100076e0       0xf0 linker stubs
 *crtbegin.o(.ctors)
 *crtbegin?.o(.ctors)
 *(EXCLUDE_FILE(*crtend.o *crtend?.o) .ctors)
 *(SORT_BY_NAME(.ctors.*))
 *(.ctors)
 *crtbegin.o(.dtors)
 *crtbegin?.o(.dtors)
 *(EXCLUDE_FILE(*crtend.o *crtend?.o) .dtors)
 *(SORT_BY_NAME(.dtors.*))
 *(.dtors)
 *(.eh_frame*)
 .eh_frame      0x00000000100077d0        0x0 /usr/lib/gcc/arm-none-eabi/10.3.1/thumb/v6-m/nofp/crtbegin.o
                0x00000000100077d0                . = ALIGN (0x4)

.glue_7         0x00000000100077d0        0x0
 .glue_7        0x00000000100077d0        0x0 linker stubs

.glue_7t        0x00000000100077d0        0x0
 .glue_7t       0x00000000100077d0        0x0 linker stubs

.vfp11_veneer   0x00000000100077d0        0x0
 .vfp11_veneer  0x00000000100077d0        0x0 linker stubs

.v4_bx          0x00000000100077d0        0x0
 .v4_bx         0x00000000100077d0        0x0 linker stubs

.iplt           0x00000000100077d0        0x0
 .iplt          0x00000000100077d0        0x0 /usr/lib/gcc/arm-none-eabi/10.3.1/thumb/v6-m/nofp/crtbegin.o

.rodata         0x00000000100077d0     0x174c
 *(EXCLUDE_FILE(*libm.a: *libc.a:*lib_a-mem*.o *libgcc.a:) .rodata*)
 .rodata.str1.4
                0x00000000100077d0       0x3c CMakeFiles/blink.dir/main.cpp.obj
 .rodata.main.str1.4
                0x000000001000780c       0xe8 CMakeFiles/blink.dir/main.cpp.obj
 .rodata.spin_lock_claim_unused.str1.4
                0x00000000100078f4       0x1b CMakeFiles/blink.dir/home/dmytro/Documents/pico/pico-sdk/src/rp2_common/hardware_sync/sync.c.obj
 *fill*         0x000000001000790f        0x1 
 .rodata.make_branch.str1.4
                0x0000000010007910       0x77 CMakeFiles/blink.dir/home/dmytro/Documents/pico/pico-sdk/src/rp2_common/hardware_irq/irq.c.obj
 *fill*         0x0000000010007987        0x1 
 .rodata.insert_branch_and_link.str1.4
                0x0000000010007988       0x10 CMakeFiles/blink.dir/home/dmytro/Documents/pico/pico-sdk/src/rp2_common/hardware_irq/irq.c.obj
 .rodata.irq_set_exclusive_handler.str1.4
                0x0000000010007998       0x36 CMakeFiles/blink.dir/home/dmytro/Documents/pico/pico-sdk/src/rp2_common/hardware_irq/irq.c.obj
 *fill*         0x00000000100079ce        0x2 
 .rodata.irq_add_shared_handler.str1.4
                0x00000000100079d0       0xd9 CMakeFiles/blink.dir/home/dmytro/Documents/pico/pico-sdk/src/rp2_common/hardware_irq/irq.c.obj
 *fill*         0x0000000010007aa9        0x3 
 .rodata.irq_remove_handler.str1.4
                0x0000000010007aac       0x3a CMakeFiles/blink.dir/home/dmytro/Documents/pico/pico-sdk/src/rp2_common/hardware_irq/irq.c.obj
 *fill*         0x0000000010007ae6        0x2 
 .rodata.irq_add_tail_to_free_list.str1.4
                0x0000000010007ae8       0x3a CMakeFiles/blink.dir/home/dmytro/Documents/pico/pico-sdk/src/rp2_common/hardware_irq/irq.c.obj
 *fill*         0x0000000010007b22        0x2 
 .rodata.user_irq_claim_unused.str1.4
                0x0000000010007b24       0x1b CMakeFiles/blink.dir/home/dmytro/Documents/pico/pico-sdk/src/rp2_common/hardware_irq/irq.c.obj
 *fill*         0x0000000010007b3f        0x1 
 .rodata.__func__.0
                0x0000000010007b40       0x1a CMakeFiles/blink.dir/home/dmytro/Documents/pico/pico-sdk/src/rp2_common/hardware_irq/irq.c.obj
 *fill*         0x0000000010007b5a        0x2 
 .rodata.__func__.1
                0x0000000010007b5c       0x17 CMakeFiles/blink.dir/home/dmytro/Documents/pico/pico-sdk/src/rp2_common/hardware_irq/irq.c.obj
 *fill*         0x0000000010007b73        0x1 
 .rodata.__func__.2
                0x0000000010007b74       0x13 CMakeFiles/blink.dir/home/dmytro/Documents/pico/pico-sdk/src/rp2_common/hardware_irq/irq.c.obj
 *fill*         0x0000000010007b87        0x1 
 .rodata.__func__.3
                0x0000000010007b88        0xc CMakeFiles/blink.dir/home/dmytro/Documents/pico/pico-sdk/src/rp2_common/hardware_irq/irq.c.obj
 .rodata.__func__.4
                0x0000000010007b94        0xf CMakeFiles/blink.dir/home/dmytro/Documents/pico/pico-sdk/src/rp2_common/hardware_irq/irq.c.obj
 *fill*         0x0000000010007ba3        0x1 
 .rodata.__func__.5
                0x0000000010007ba4       0x17 CMakeFiles/blink.dir/home/dmytro/Documents/pico/pico-sdk/src/rp2_common/hardware_irq/irq.c.obj
 *fill*         0x0000000010007bbb        0x1 
 .rodata.__func__.6
                0x0000000010007bbc       0x1a CMakeFiles/blink.dir/home/dmytro/Documents/pico/pico-sdk/src/rp2_common/hardware_irq/irq.c.obj
 *fill*         0x0000000010007bd6        0x2 
 .rodata.str1.4
                0x0000000010007bd8      0x101 CMakeFiles/blink.dir/home/dmytro/Documents/pico/pico-sdk/src/common/pico_sync/mutex.c.obj
 *fill*         0x0000000010007cd9        0x3 
 .rodata.__func__.1
                0x0000000010007cdc        0xb CMakeFiles/blink.dir/home/dmytro/Documents/pico/pico-sdk/src/common/pico_sync/mutex.c.obj
 *fill*         0x0000000010007ce7        0x1 
 .rodata.__func__.3
                0x0000000010007ce8       0x18 CMakeFiles/blink.dir/home/dmytro/Documents/pico/pico-sdk/src/common/pico_sync/mutex.c.obj
 .rodata.__func__.4
                0x0000000010007d00       0x15 CMakeFiles/blink.dir/home/dmytro/Documents/pico/pico-sdk/src/common/pico_sync/mutex.c.obj
 *fill*         0x0000000010007d15        0x3 
 .rodata.repeating_timer_callback.str1.4
                0x0000000010007d18       0x55 CMakeFiles/blink.dir/home/dmytro/Documents/pico/pico-sdk/src/common/pico_time/time.c.obj
 *fill*         0x0000000010007d6d        0x3 
 .rodata.timer_pool_entry_comparator.str1.4
                0x0000000010007d70       0x22 CMakeFiles/blink.dir/home/dmytro/Documents/pico/pico-sdk/src/common/pico_time/time.c.obj
 *fill*         0x0000000010007d92        0x2 
 .rodata.ph_add_child_node.str1.4
                0x0000000010007d94       0x9e CMakeFiles/blink.dir/home/dmytro/Documents/pico/pico-sdk/src/common/pico_time/time.c.obj
 *fill*         0x0000000010007e32        0x2 
 .rodata.add_alarm_under_lock.str1.4
                0x0000000010007e34       0x28 CMakeFiles/blink.dir/home/dmytro/Documents/pico/pico-sdk/src/common/pico_time/time.c.obj
                                         0x2b (size before relaxing)
 .rodata.alarm_pool_alarm_callback.str1.4
                0x0000000010007e5c       0x98 CMakeFiles/blink.dir/home/dmytro/Documents/pico/pico-sdk/src/common/pico_time/time.c.obj
                                        0x104 (size before relaxing)
 .rodata.alarm_pool_get_default.str1.4
                0x0000000010007ef4       0x21 CMakeFiles/blink.dir/home/dmytro/Documents/pico/pico-sdk/src/common/pico_time/time.c.obj
 *fill*         0x0000000010007f15        0x3 
 .rodata.alarm_pool_cancel_alarm.str1.4
                0x0000000010007f18       0x27 CMakeFiles/blink.dir/home/dmytro/Documents/pico/pico-sdk/src/common/pico_time/time.c.obj
 *fill*         0x0000000010007f3f        0x1 
 .rodata.sleep_until.str1.4
                0x0000000010007f40       0x4d CMakeFiles/blink.dir/home/dmytro/Documents/pico/pico-sdk/src/common/pico_time/time.c.obj
 *fill*         0x0000000010007f8d        0x3 
 .rodata.__func__.1
                0x0000000010007f90       0x18 CMakeFiles/blink.dir/home/dmytro/Documents/pico/pico-sdk/src/common/pico_time/time.c.obj
 .rodata.__func__.10
                0x0000000010007fa8       0x15 CMakeFiles/blink.dir/home/dmytro/Documents/pico/pico-sdk/src/common/pico_time/time.c.obj
 *fill*         0x0000000010007fbd        0x3 
 .rodata.__func__.11
                0x0000000010007fc0       0x1a CMakeFiles/blink.dir/home/dmytro/Documents/pico/pico-sdk/src/common/pico_time/time.c.obj
 *fill*         0x0000000010007fda        0x2 
 .rodata.__func__.12
                0x0000000010007fdc        0xa CMakeFiles/blink.dir/home/dmytro/Documents/pico/pico-sdk/src/common/pico_time/time.c.obj
 *fill*         0x0000000010007fe6        0x2 
 .rodata.__func__.3
                0x0000000010007fe8       0x17 CMakeFiles/blink.dir/home/dmytro/Documents/pico/pico-sdk/src/common/pico_time/time.c.obj
 *fill*         0x0000000010007fff        0x1 
 .rodata.__func__.4
                0x0000000010008000       0x12 CMakeFiles/blink.dir/home/dmytro/Documents/pico/pico-sdk/src/common/pico_time/time.c.obj
 *fill*         0x0000000010008012        0x2 
 .rodata.__func__.5
                0x0000000010008014        0xd CMakeFiles/blink.dir/home/dmytro/Documents/pico/pico-sdk/src/common/pico_time/time.c.obj
 *fill*         0x0000000010008021        0x3 
 .rodata.__func__.6
                0x0000000010008024       0x12 CMakeFiles/blink.dir/home/dmytro/Documents/pico/pico-sdk/src/common/pico_time/time.c.obj
 *fill*         0x0000000010008036        0x2 
 .rodata.__func__.7
                0x0000000010008038        0xf CMakeFiles/blink.dir/home/dmytro/Documents/pico/pico-sdk/src/common/pico_time/time.c.obj
 *fill*         0x0000000010008047        0x1 
 .rodata.__func__.8
                0x0000000010008048        0xc CMakeFiles/blink.dir/home/dmytro/Documents/pico/pico-sdk/src/common/pico_time/time.c.obj
 .rodata.__func__.9
                0x0000000010008054       0x15 CMakeFiles/blink.dir/home/dmytro/Documents/pico/pico-sdk/src/common/pico_time/time.c.obj
 *fill*         0x0000000010008069        0x3 
 .rodata.hardware_alarm_claim.str1.4
                0x000000001000806c       0x22 CMakeFiles/blink.dir/home/dmytro/Documents/pico/pico-sdk/src/rp2_common/hardware_timer/timer.c.obj
 *fill*         0x000000001000808e        0x2 
 .rodata.hardware_alarm_set_target.str1.4
                0x0000000010008090       0x6f CMakeFiles/blink.dir/home/dmytro/Documents/pico/pico-sdk/src/rp2_common/hardware_timer/timer.c.obj
 *fill*         0x00000000100080ff        0x1 
 .rodata.__func__.0
                0x0000000010008100       0x1a CMakeFiles/blink.dir/home/dmytro/Documents/pico/pico-sdk/src/rp2_common/hardware_timer/timer.c.obj
 .rodata.ph_add_child_node.str1.4
                0x000000001000811a       0x9e CMakeFiles/blink.dir/home/dmytro/Documents/pico/pico-sdk/src/common/pico_util/pheap.c.obj
 *fill*         0x000000001000811a        0x2 
 .rodata.ph_remove_any_head.str1.4
                0x000000001000811c       0x98 CMakeFiles/blink.dir/home/dmytro/Documents/pico/pico-sdk/src/common/pico_util/pheap.c.obj
                                         0xac (size before relaxing)
 .rodata.ph_remove_and_free_node.str1.4
                0x00000000100081b4       0x1e CMakeFiles/blink.dir/home/dmytro/Documents/pico/pico-sdk/src/common/pico_util/pheap.c.obj
                                         0x26 (size before relaxing)
 *fill*         0x00000000100081d2        0x2 
 .rodata.__func__.0
                0x00000000100081d4       0x18 CMakeFiles/blink.dir/home/dmytro/Documents/pico/pico-sdk/src/common/pico_util/pheap.c.obj
 .rodata.__func__.1
                0x00000000100081ec       0x13 CMakeFiles/blink.dir/home/dmytro/Documents/pico/pico-sdk/src/common/pico_util/pheap.c.obj
 *fill*         0x00000000100081ff        0x1 
 .rodata.__func__.2
                0x0000000010008200       0x12 CMakeFiles/blink.dir/home/dmytro/Documents/pico/pico-sdk/src/common/pico_util/pheap.c.obj
 *fill*         0x0000000010008212        0x2 
 .rodata.__func__.3
                0x0000000010008214        0xc CMakeFiles/blink.dir/home/dmytro/Documents/pico/pico-sdk/src/common/pico_util/pheap.c.obj
 .rodata.clock_configure.str1.4
                0x0000000010008220       0x61 CMakeFiles/blink.dir/home/dmytro/Documents/pico/pico-sdk/src/rp2_common/hardware_clocks/clocks.c.obj
 *fill*         0x0000000010008281        0x3 
 .rodata.__func__.1
                0x0000000010008284       0x10 CMakeFiles/blink.dir/home/dmytro/Documents/pico/pico-sdk/src/rp2_common/hardware_clocks/clocks.c.obj
 .rodata.pll_init.str1.4
                0x0000000010008294      0x12b CMakeFiles/blink.dir/home/dmytro/Documents/pico/pico-sdk/src/rp2_common/hardware_pll/pll.c.obj
 *fill*         0x00000000100083bf        0x1 
 .rodata.__func__.0
                0x00000000100083c0        0x9 CMakeFiles/blink.dir/home/dmytro/Documents/pico/pico-sdk/src/rp2_common/hardware_pll/pll.c.obj
 *fill*         0x00000000100083c9        0x3 
 .rodata.__assert_func.str1.4
                0x00000000100083cc       0x3f CMakeFiles/blink.dir/home/dmytro/Documents/pico/pico-sdk/src/rp2_common/pico_runtime/runtime.c.obj
                                         0x43 (size before relaxing)
 *fill*         0x000000001000840b        0x1 
 .rodata.runtime_init.str1.4
                0x000000001000840c       0x6b CMakeFiles/blink.dir/home/dmytro/Documents/pico/pico-sdk/src/rp2_common/pico_runtime/runtime.c.obj
 *fill*         0x0000000010008477        0x1 
 .rodata.panic.str1.4
                0x0000000010008478       0x12 CMakeFiles/blink.dir/home/dmytro/Documents/pico/pico-sdk/src/rp2_common/pico_runtime/runtime.c.obj
 *fill*         0x000000001000848a        0x2 
 .rodata.__func__.2
                0x000000001000848c        0xd CMakeFiles/blink.dir/home/dmytro/Documents/pico/pico-sdk/src/rp2_common/pico_runtime/runtime.c.obj
 *fill*         0x0000000010008499        0x3 
 .rodata._ftoa.str1.4
                0x000000001000849c       0x15 CMakeFiles/blink.dir/home/dmytro/Documents/pico/pico-sdk/src/rp2_common/pico_printf/printf.c.obj
 *fill*         0x00000000100084b1        0x3 
 .rodata._vsnprintf
                0x00000000100084b4      0x1e0 CMakeFiles/blink.dir/home/dmytro/Documents/pico/pico-sdk/src/rp2_common/pico_printf/printf.c.obj
 *fill*         0x0000000010008694        0x4 
 .rodata.pow10.0
                0x0000000010008698       0x50 CMakeFiles/blink.dir/home/dmytro/Documents/pico/pico-sdk/src/rp2_common/pico_printf/printf.c.obj
 .rodata.__aeabi_double_init.str1.4
                0x00000000100086e8       0xb2 CMakeFiles/blink.dir/home/dmytro/Documents/pico/pico-sdk/src/rp2_common/pico_double/double_init_rom.c.obj
 *fill*         0x000000001000879a        0x2 
 .rodata.__func__.0
                0x000000001000879c       0x14 CMakeFiles/blink.dir/home/dmytro/Documents/pico/pico-sdk/src/rp2_common/pico_double/double_init_rom.c.obj
 .rodata.__aeabi_float_init.str1.4
                0x00000000100087b0       0x84 CMakeFiles/blink.dir/home/dmytro/Documents/pico/pico-sdk/src/rp2_common/pico_float/float_init_rom.c.obj
                                         0x88 (size before relaxing)
 .rodata.__func__.0
                0x0000000010008834       0x13 CMakeFiles/blink.dir/home/dmytro/Documents/pico/pico-sdk/src/rp2_common/pico_float/float_init_rom.c.obj
 *fill*         0x0000000010008847        0x1 
 .rodata.str1.4
                0x0000000010008848       0x40 CMakeFiles/blink.dir/home/dmytro/Documents/pico/pico-sdk/src/rp2_common/pico_standard_link/binary_info.c.obj
 .rodata.__bi_44
                0x0000000010008888        0xc CMakeFiles/blink.dir/home/dmytro/Documents/pico/pico-sdk/src/rp2_common/pico_standard_link/binary_info.c.obj
 .rodata.__bi_75
                0x0000000010008894        0xc CMakeFiles/blink.dir/home/dmytro/Documents/pico/pico-sdk/src/rp2_common/pico_standard_link/binary_info.c.obj
 .rodata.__bi_81
                0x00000000100088a0        0xc CMakeFiles/blink.dir/home/dmytro/Documents/pico/pico-sdk/src/rp2_common/pico_standard_link/binary_info.c.obj
 .rodata.stdout_serialize_begin.str1.4
                0x00000000100088ac       0x6b CMakeFiles/blink.dir/home/dmytro/Documents/pico/pico-sdk/src/rp2_common/pico_stdio/stdio.c.obj
 .rodata.__func__.3
                0x00000000100088ac       0x15 CMakeFiles/blink.dir/home/dmytro/Documents/pico/pico-sdk/src/rp2_common/pico_stdio/stdio.c.obj
 *fill*         0x00000000100088c1        0x3 
 .rodata.crlf_str.2
                0x00000000100088c4        0x2 CMakeFiles/blink.dir/home/dmytro/Documents/pico/pico-sdk/src/rp2_common/pico_stdio/stdio.c.obj
 *fill*         0x00000000100088c6        0x2 
 .rodata._resetd_driver
                0x00000000100088c8       0x18 CMakeFiles/blink.dir/home/dmytro/Documents/pico/pico-sdk/src/rp2_common/pico_stdio_usb/reset_interface.c.obj
 .rodata.low_priority_worker_irq.str1.4
                0x00000000100088e0       0x6b CMakeFiles/blink.dir/home/dmytro/Documents/pico/pico-sdk/src/rp2_common/pico_stdio_usb/stdio_usb.c.obj
 .rodata.stdio_usb_init.str1.4
                0x00000000100088e0       0x4f CMakeFiles/blink.dir/home/dmytro/Documents/pico/pico-sdk/src/rp2_common/pico_stdio_usb/stdio_usb.c.obj
                                         0x57 (size before relaxing)
 *fill*         0x000000001000892f        0x1 
 .rodata.str1.4
                0x0000000010008930       0x13 CMakeFiles/blink.dir/home/dmytro/Documents/pico/pico-sdk/src/rp2_common/pico_stdio_usb/stdio_usb.c.obj
 *fill*         0x0000000010008943        0x1 
 .rodata.__bi_188.0
                0x0000000010008944        0xc CMakeFiles/blink.dir/home/dmytro/Documents/pico/pico-sdk/src/rp2_common/pico_stdio_usb/stdio_usb.c.obj
 .rodata.__func__.1
                0x0000000010008950        0xf CMakeFiles/blink.dir/home/dmytro/Documents/pico/pico-sdk/src/rp2_common/pico_stdio_usb/stdio_usb.c.obj
 *fill*         0x000000001000895f        0x1 
 .rodata.__func__.3
                0x0000000010008960       0x15 CMakeFiles/blink.dir/home/dmytro/Documents/pico/pico-sdk/src/rp2_common/pico_stdio_usb/stdio_usb.c.obj
 *fill*         0x0000000010008975        0x3 
 .rodata.str1.4
                0x0000000010008978       0x2a CMakeFiles/blink.dir/home/dmytro/Documents/pico/pico-sdk/src/rp2_common/pico_stdio_usb/stdio_usb_descriptors.c.obj
 *fill*         0x00000000100089a2        0x2 
 .rodata.usbd_desc_cfg
                0x00000000100089a4       0x54 CMakeFiles/blink.dir/home/dmytro/Documents/pico/pico-sdk/src/rp2_common/pico_stdio_usb/stdio_usb_descriptors.c.obj
 .rodata.usbd_desc_device
                0x00000000100089f8       0x12 CMakeFiles/blink.dir/home/dmytro/Documents/pico/pico-sdk/src/rp2_common/pico_stdio_usb/stdio_usb_descriptors.c.obj
 *fill*         0x0000000010008a0a        0x2 
 .rodata.usbd_desc_str
                0x0000000010008a0c       0x18 CMakeFiles/blink.dir/home/dmytro/Documents/pico/pico-sdk/src/rp2_common/pico_stdio_usb/stdio_usb_descriptors.c.obj
 .rodata.pico_get_unique_board_id_string.str1.4
                0x0000000010008a24       0x57 CMakeFiles/blink.dir/home/dmytro/Documents/pico/pico-sdk/src/rp2_common/pico_unique_id/unique_id.c.obj
 *fill*         0x0000000010008a7b        0x1 
 .rodata.__func__.0
                0x0000000010008a7c       0x20 CMakeFiles/blink.dir/home/dmytro/Documents/pico/pico-sdk/src/rp2_common/pico_unique_id/unique_id.c.obj
 .rodata.str1.4
                0x0000000010008a9c      0x162 CMakeFiles/blink.dir/home/dmytro/Documents/pico/pico-sdk/src/rp2_common/hardware_flash/flash.c.obj
 *fill*         0x0000000010008bfe        0x2 
 .rodata.__func__.0
                0x0000000010008c00        0xd CMakeFiles/blink.dir/home/dmytro/Documents/pico/pico-sdk/src/rp2_common/hardware_flash/flash.c.obj
 *fill*         0x0000000010008c0d        0x3 
 .rodata._hw_endpoint_alloc.str1.4
                0x0000000010008c10       0xc1 CMakeFiles/blink.dir/home/dmytro/Documents/pico/pico-sdk/lib/tinyusb/src/portable/raspberrypi/rp2040/dcd_rp2040.c.obj
 *fill*         0x0000000010008cd1        0x3 
 .rodata.str1.4
                0x0000000010008cd4       0x14 CMakeFiles/blink.dir/home/dmytro/Documents/pico/pico-sdk/lib/tinyusb/src/portable/raspberrypi/rp2040/dcd_rp2040.c.obj
 .rodata.dcd_int_enable.str1.4
                0x0000000010008ce8        0xc CMakeFiles/blink.dir/home/dmytro/Documents/pico/pico-sdk/lib/tinyusb/src/portable/raspberrypi/rp2040/dcd_rp2040.c.obj
 .rodata.__func__.0
                0x0000000010008cf4        0xe CMakeFiles/blink.dir/home/dmytro/Documents/pico/pico-sdk/lib/tinyusb/src/portable/raspberrypi/rp2040/dcd_rp2040.c.obj
 *fill*         0x0000000010008d02        0x2 
 .rodata.__func__.1
                0x0000000010008d04        0xe CMakeFiles/blink.dir/home/dmytro/Documents/pico/pico-sdk/lib/tinyusb/src/portable/raspberrypi/rp2040/dcd_rp2040.c.obj
 *fill*         0x0000000010008d12        0x2 
 .rodata.__func__.3
                0x0000000010008d14       0x10 CMakeFiles/blink.dir/home/dmytro/Documents/pico/pico-sdk/lib/tinyusb/src/portable/raspberrypi/rp2040/dcd_rp2040.c.obj
 .rodata.__func__.5
                0x0000000010008d24        0xf CMakeFiles/blink.dir/home/dmytro/Documents/pico/pico-sdk/lib/tinyusb/src/portable/raspberrypi/rp2040/dcd_rp2040.c.obj
 *fill*         0x0000000010008d33        0x1 
 .rodata.__func__.6
                0x0000000010008d34       0x13 CMakeFiles/blink.dir/home/dmytro/Documents/pico/pico-sdk/lib/tinyusb/src/portable/raspberrypi/rp2040/dcd_rp2040.c.obj
 *fill*         0x0000000010008d47        0x1 
 .rodata.__func__.7
                0x0000000010008d48        0x9 CMakeFiles/blink.dir/home/dmytro/Documents/pico/pico-sdk/lib/tinyusb/src/portable/raspberrypi/rp2040/dcd_rp2040.c.obj
 *fill*         0x0000000010008d51        0x3 
 .rodata.str1.4
                0x0000000010008d54       0xf3 CMakeFiles/blink.dir/home/dmytro/Documents/pico/pico-sdk/lib/tinyusb/src/portable/raspberrypi/rp2040/rp2040_usb.c.obj
 *fill*         0x0000000010008e47        0x1 
 .rodata.__func__.0
                0x0000000010008e48        0xf CMakeFiles/blink.dir/home/dmytro/Documents/pico/pico-sdk/lib/tinyusb/src/portable/raspberrypi/rp2040/rp2040_usb.c.obj
 *fill*         0x0000000010008e57        0x1 
 .rodata.process_get_descriptor
                0x0000000010008e58       0x40 CMakeFiles/blink.dir/home/dmytro/Documents/pico/pico-sdk/lib/tinyusb/src/device/usbd.c.obj
 .rodata.process_control_request
                0x0000000010008e98       0x28 CMakeFiles/blink.dir/home/dmytro/Documents/pico/pico-sdk/lib/tinyusb/src/device/usbd.c.obj
 .rodata.tud_task_ext
                0x0000000010008ec0       0x24 CMakeFiles/blink.dir/home/dmytro/Documents/pico/pico-sdk/lib/tinyusb/src/device/usbd.c.obj
 .rodata._usbd_driver
                0x0000000010008ee4       0x18 CMakeFiles/blink.dir/home/dmytro/Documents/pico/pico-sdk/lib/tinyusb/src/device/usbd.c.obj
 .rodata.dma_claim_unused_channel.str1.4
                0x0000000010008efc       0x1e CMakeFiles/blink.dir/home/dmytro/Documents/pico/pico-sdk/src/rp2_common/hardware_dma/dma.c.obj
                0x0000000010008f1c                . = ALIGN (0x4)
 *fill*         0x0000000010008f1a        0x2 
 *(SORT_BY_ALIGNMENT(SORT_BY_NAME(.flashdata*)))
                0x0000000010008f1c                . = ALIGN (0x4)

.rel.dyn        0x0000000010008f1c        0x0
 .rel.iplt      0x0000000010008f1c        0x0 /usr/lib/gcc/arm-none-eabi/10.3.1/thumb/v6-m/nofp/crtbegin.o

.ARM.extab
 *(.ARM.extab* .gnu.linkonce.armextab.*)
                0x0000000010008f1c                __exidx_start = .

.ARM.exidx
 *(.ARM.exidx* .gnu.linkonce.armexidx.*)
                0x0000000010008f1c                __exidx_end = .
                0x0000000010008f1c                . = ALIGN (0x4)
                0x0000000010008f1c                __binary_info_start = .

.binary_info    0x0000000010008f1c       0x20
 *(.binary_info.keep.*)
 .binary_info.keep.__bi_ptr22
                0x0000000010008f1c        0x4 CMakeFiles/blink.dir/home/dmytro/Documents/pico/pico-sdk/src/rp2_common/pico_standard_link/binary_info.c.obj
 .binary_info.keep.__bi_ptr30
                0x0000000010008f20        0x4 CMakeFiles/blink.dir/home/dmytro/Documents/pico/pico-sdk/src/rp2_common/pico_standard_link/binary_info.c.obj
 .binary_info.keep.__bi_ptr38
                0x0000000010008f24        0x4 CMakeFiles/blink.dir/home/dmytro/Documents/pico/pico-sdk/src/rp2_common/pico_standard_link/binary_info.c.obj
 .binary_info.keep.__bi_ptr44
                0x0000000010008f28        0x4 CMakeFiles/blink.dir/home/dmytro/Documents/pico/pico-sdk/src/rp2_common/pico_standard_link/binary_info.c.obj
 .binary_info.keep.__bi_ptr50
                0x0000000010008f2c        0x4 CMakeFiles/blink.dir/home/dmytro/Documents/pico/pico-sdk/src/rp2_common/pico_standard_link/binary_info.c.obj
 .binary_info.keep.__bi_ptr75
                0x0000000010008f30        0x4 CMakeFiles/blink.dir/home/dmytro/Documents/pico/pico-sdk/src/rp2_common/pico_standard_link/binary_info.c.obj
 .binary_info.keep.__bi_ptr81
                0x0000000010008f34        0x4 CMakeFiles/blink.dir/home/dmytro/Documents/pico/pico-sdk/src/rp2_common/pico_standard_link/binary_info.c.obj
 *(.binary_info.*)
 .binary_info.__bi_ptr188
                0x0000000010008f38        0x4 CMakeFiles/blink.dir/home/dmytro/Documents/pico/pico-sdk/src/rp2_common/pico_stdio_usb/stdio_usb.c.obj
                0x0000000010008f3c                __binary_info_end = .
                0x0000000010008f3c                . = ALIGN (0x4)
                0x0000000010008f3c                __etext = .

.ram_vector_table
                0x0000000020000000       0xc0
 *(.ram_vector_table)
 .ram_vector_table
                0x0000000020000000       0xc0 CMakeFiles/blink.dir/home/dmytro/Documents/pico/pico-sdk/src/rp2_common/pico_runtime/runtime.c.obj
                0x0000000020000000                ram_vector_table

.data           0x00000000200000c0     0x1d68 load address 0x0000000010008f3c
                0x00000000200000c0                __data_start__ = .
 *(vtable)
 *(.time_critical*)
 .time_critical.compute_fft_and_print_magnitudes
                0x00000000200000c0      0x104 CMakeFiles/blink.dir/main.cpp.obj
                0x00000000200000c0                compute_fft_and_print_magnitudes(unsigned short*, int, double)
 .time_critical.fix_fft
                0x00000000200001c4      0x218 CMakeFiles/blink.dir/lib/_fix_fft.c.obj
                0x00000000200001c4                fix_fft
 .time_critical.mutex_try_enter
                0x00000000200003dc       0x46 CMakeFiles/blink.dir/home/dmytro/Documents/pico/pico-sdk/src/common/pico_sync/mutex.c.obj
                0x00000000200003dc                mutex_try_enter
 *fill*         0x0000000020000422        0x2 
 .time_critical.mutex_enter_block_until
                0x0000000020000424       0x8c CMakeFiles/blink.dir/home/dmytro/Documents/pico/pico-sdk/src/common/pico_sync/mutex.c.obj
                0x0000000020000424                mutex_enter_block_until
 .time_critical.mutex_try_enter_block_until
                0x00000000200004b0       0x34 CMakeFiles/blink.dir/home/dmytro/Documents/pico/pico-sdk/src/common/pico_sync/mutex.c.obj
                0x00000000200004b0                mutex_try_enter_block_until
 .time_critical.mutex_enter_timeout_ms
                0x00000000200004e4       0x68 CMakeFiles/blink.dir/home/dmytro/Documents/pico/pico-sdk/src/common/pico_sync/mutex.c.obj
                0x00000000200004e4                mutex_enter_timeout_ms
 .time_critical.mutex_exit
                0x000000002000054c       0x4c CMakeFiles/blink.dir/home/dmytro/Documents/pico/pico-sdk/src/common/pico_sync/mutex.c.obj
                0x000000002000054c                mutex_exit
 .time_critical.flash_init_boot2_copyout
                0x0000000020000598       0x30 CMakeFiles/blink.dir/home/dmytro/Documents/pico/pico-sdk/src/rp2_common/hardware_flash/flash.c.obj
 .time_critical.flash_enable_xip_via_boot2
                0x00000000200005c8       0x10 CMakeFiles/blink.dir/home/dmytro/Documents/pico/pico-sdk/src/rp2_common/hardware_flash/flash.c.obj
 .time_critical.flash_cs_force
                0x00000000200005d8       0x28 CMakeFiles/blink.dir/home/dmytro/Documents/pico/pico-sdk/src/rp2_common/hardware_flash/flash.c.obj
 .time_critical.flash_do_cmd
                0x0000000020000600       0xd8 CMakeFiles/blink.dir/home/dmytro/Documents/pico/pico-sdk/src/rp2_common/hardware_flash/flash.c.obj
                0x0000000020000600                flash_do_cmd
 .time_critical.reset_non_control_endpoints
                0x00000000200006d8       0x40 CMakeFiles/blink.dir/home/dmytro/Documents/pico/pico-sdk/lib/tinyusb/src/portable/raspberrypi/rp2040/dcd_rp2040.c.obj
 .time_critical.hw_handle_buff_status
                0x0000000020000718       0xa4 CMakeFiles/blink.dir/home/dmytro/Documents/pico/pico-sdk/lib/tinyusb/src/portable/raspberrypi/rp2040/dcd_rp2040.c.obj