Archive member included to satisfy reference by file (symbol)

/usr/lib/gcc/arm-none-eabi/10.3.1/thumb/v6-m/nofp/libgcc.a(_dvmd_tls.o)
                              CMakeFiles/blink.dir/home/dmytro/Documents/pico/pico-sdk/src/rp2_common/pico_divider/divider.S.obj (__aeabi_idiv0)
/usr/lib/gcc/arm-none-eabi/10.3.1/../../../arm-none-eabi/lib/thumb/v6-m/nofp/libg.a(lib_a-atexit.o)
                              /usr/lib/gcc/arm-none-eabi/10.3.1/../../../arm-none-eabi/lib/thumb/v6-m/nofp/crt0.o (atexit)
/usr/lib/gcc/arm-none-eabi/10.3.1/../../../arm-none-eabi/lib/thumb/v6-m/nofp/libg.a(lib_a-calloc.o)
                              CMakeFiles/blink.dir/home/dmytro/Documents/pico/pico-sdk/src/rp2_common/pico_malloc/pico_malloc.c.obj (calloc)
/usr/lib/gcc/arm-none-eabi/10.3.1/../../../arm-none-eabi/lib/thumb/v6-m/nofp/libg.a(lib_a-callocr.o)
                              /usr/lib/gcc/arm-none-eabi/10.3.1/../../../arm-none-eabi/lib/thumb/v6-m/nofp/libg.a(lib_a-calloc.o) (_calloc_r)
/usr/lib/gcc/arm-none-eabi/10.3.1/../../../arm-none-eabi/lib/thumb/v6-m/nofp/libg.a(lib_a-fini.o)
                              /usr/lib/gcc/arm-none-eabi/10.3.1/../../../arm-none-eabi/lib/thumb/v6-m/nofp/crt0.o (__libc_fini_array)
/usr/lib/gcc/arm-none-eabi/10.3.1/../../../arm-none-eabi/lib/thumb/v6-m/nofp/libg.a(lib_a-impure.o)
                              /usr/lib/gcc/arm-none-eabi/10.3.1/../../../arm-none-eabi/lib/thumb/v6-m/nofp/libg.a(lib_a-calloc.o) (_impure_ptr)
/usr/lib/gcc/arm-none-eabi/10.3.1/../../../arm-none-eabi/lib/thumb/v6-m/nofp/libg.a(lib_a-init.o)
                              /usr/lib/gcc/arm-none-eabi/10.3.1/../../../arm-none-eabi/lib/thumb/v6-m/nofp/crt0.o (__libc_init_array)
/usr/lib/gcc/arm-none-eabi/10.3.1/../../../arm-none-eabi/lib/thumb/v6-m/nofp/libg.a(lib_a-malloc.o)
                              CMakeFiles/blink.dir/home/dmytro/Documents/pico/pico-sdk/src/rp2_common/pico_malloc/pico_malloc.c.obj (malloc)
/usr/lib/gcc/arm-none-eabi/10.3.1/../../../arm-none-eabi/lib/thumb/v6-m/nofp/libg.a(lib_a-mallocr.o)
                              /usr/lib/gcc/arm-none-eabi/10.3.1/../../../arm-none-eabi/lib/thumb/v6-m/nofp/libg.a(lib_a-callocr.o) (_malloc_r)
/usr/lib/gcc/arm-none-eabi/10.3.1/../../../arm-none-eabi/lib/thumb/v6-m/nofp/libg.a(lib_a-mlock.o)
                              /usr/lib/gcc/arm-none-eabi/10.3.1/../../../arm-none-eabi/lib/thumb/v6-m/nofp/libg.a(lib_a-mallocr.o) (__malloc_lock)
/usr/lib/gcc/arm-none-eabi/10.3.1/../../../arm-none-eabi/lib/thumb/v6-m/nofp/libg.a(lib_a-realloc.o)
                              CMakeFiles/blink.dir/home/dmytro/Documents/pico/pico-sdk/src/rp2_common/pico_malloc/pico_malloc.c.obj (realloc)
/usr/lib/gcc/arm-none-eabi/10.3.1/../../../arm-none-eabi/lib/thumb/v6-m/nofp/libg.a(lib_a-reallocr.o)
                              /usr/lib/gcc/arm-none-eabi/10.3.1/../../../arm-none-eabi/lib/thumb/v6-m/nofp/libg.a(lib_a-realloc.o) (_realloc_r)
/usr/lib/gcc/arm-none-eabi/10.3.1/../../../arm-none-eabi/lib/thumb/v6-m/nofp/libg.a(lib_a-sbrkr.o)
                              /usr/lib/gcc/arm-none-eabi/10.3.1/../../../arm-none-eabi/lib/thumb/v6-m/nofp/libg.a(lib_a-mallocr.o) (_sbrk_r)
/usr/lib/gcc/arm-none-eabi/10.3.1/../../../arm-none-eabi/lib/thumb/v6-m/nofp/libg.a(lib_a-strlen-stub.o)
                              CMakeFiles/blink.dir/home/dmytro/Documents/pico/pico-sdk/src/rp2_common/pico_stdio/stdio.c.obj (strlen)
/usr/lib/gcc/arm-none-eabi/10.3.1/../../../arm-none-eabi/lib/thumb/v6-m/nofp/libg.a(lib_a-__atexit.o)
                              /usr/lib/gcc/arm-none-eabi/10.3.1/../../../arm-none-eabi/lib/thumb/v6-m/nofp/libg.a(lib_a-atexit.o) (__register_exitproc)
/usr/lib/gcc/arm-none-eabi/10.3.1/../../../arm-none-eabi/lib/thumb/v6-m/nofp/libg.a(lib_a-freer.o)
                              /usr/lib/gcc/arm-none-eabi/10.3.1/../../../arm-none-eabi/lib/thumb/v6-m/nofp/libg.a(lib_a-malloc.o) (_free_r)
/usr/lib/gcc/arm-none-eabi/10.3.1/../../../arm-none-eabi/lib/thumb/v6-m/nofp/libg.a(lib_a-memmove.o)
                              /usr/lib/gcc/arm-none-eabi/10.3.1/../../../arm-none-eabi/lib/thumb/v6-m/nofp/libg.a(lib_a-reallocr.o) (memmove)
/usr/lib/gcc/arm-none-eabi/10.3.1/../../../arm-none-eabi/lib/thumb/v6-m/nofp/libg.a(lib_a-reent.o)
                              /usr/lib/gcc/arm-none-eabi/10.3.1/../../../arm-none-eabi/lib/thumb/v6-m/nofp/libg.a(lib_a-sbrkr.o) (errno)

Discarded input sections

 .text          0x0000000000000000        0x0 /usr/lib/gcc/arm-none-eabi/10.3.1/thumb/v6-m/nofp/crti.o
 .data          0x0000000000000000        0x0 /usr/lib/gcc/arm-none-eabi/10.3.1/thumb/v6-m/nofp/crti.o
 .bss           0x0000000000000000        0x0 /usr/lib/gcc/arm-none-eabi/10.3.1/thumb/v6-m/nofp/crti.o
 .data          0x0000000000000000        0x4 /usr/lib/gcc/arm-none-eabi/10.3.1/thumb/v6-m/nofp/crtbegin.o
 .rodata        0x0000000000000000       0x24 /usr/lib/gcc/arm-none-eabi/10.3.1/thumb/v6-m/nofp/crtbegin.o
[...]
Memory Configuration

Name             Origin             Length             Attributes
FLASH            0x0000000010000000 0x0000000000200000 xr
RAM              0x0000000020000000 0x0000000000040000 xrw
SCRATCH_X        0x0000000020040000 0x0000000000001000 xrw
SCRATCH_Y        0x0000000020041000 0x0000000000001000 xrw
*default*        0x0000000000000000 0xffffffffffffffff

Linker script and memory map

LOAD /usr/lib/gcc/arm-none-eabi/10.3.1/thumb/v6-m/nofp/crti.o
LOAD /usr/lib/gcc/arm-none-eabi/10.3.1/thumb/v6-m/nofp/crtbegin.o
LOAD /usr/lib/gcc/arm-none-eabi/10.3.1/../../../arm-none-eabi/lib/thumb/v6-m/nofp/crt0.o

.flash_begin    0x0000000010000000        0x0
                0x0000000010000000                __flash_binary_start = .

.boot2          0x0000000010000000      0x100
                0x0000000010000000                __boot2_start__ = .
 *(.boot2)
 .boot2         0x0000000010000000      0x100 /tmp/ccJbIGBj.o
                0x0000000010000100                __boot2_end__ = .
                0x0000000000000001                ASSERT (((__boot2_end__ - __boot2_start__) == 0x100), ERROR: Pico second stage bootloader must be 256 bytes in size)

.text           0x0000000010000100     0x8298
                0x0000000010000100                __logical_binary_start = .
 *(.vectors)
 .vectors       0x0000000010000100       0xd4 CMakeFiles/blink.dir/home/dmytro/Documents/pico/pico-sdk/src/rp2_common/pico_standard_link/crt0.S.obj
                0x0000000010000100                __vectors
                0x0000000010000100                __VECTOR_TABLE
                0x00000000100001c0                isr_invalid
                0x00000000100001c0                __default_isrs_start
                0x00000000100001c2                isr_nmi
                0x00000000100001c4                isr_hardfault
                0x00000000100001c6                isr_svcall
                0x00000000100001c8                isr_pendsv
                0x00000000100001ca                isr_systick
                0x00000000100001cc                isr_irq30
                0x00000000100001cc                __unhandled_user_irq
                0x00000000100001cc                isr_irq13
                0x00000000100001cc                isr_irq27
                0x00000000100001cc                isr_irq31
                0x00000000100001cc                isr_irq5
                0x00000000100001cc                isr_irq11
                0x00000000100001cc                isr_irq23
                0x00000000100001cc                isr_irq18
                0x00000000100001cc                isr_irq28
                0x00000000100001cc                isr_irq19
                0x00000000100001cc                isr_irq0
                0x00000000100001cc                isr_irq6
                0x00000000100001cc                isr_irq22
                0x00000000100001cc                isr_irq17
                0x00000000100001cc                isr_irq14
                0x00000000100001cc                isr_irq2
                0x00000000100001cc                isr_irq10
                0x00000000100001cc                isr_irq8
                0x00000000100001cc                isr_irq24
                0x00000000100001cc                isr_irq1
                0x00000000100001cc                isr_irq7
                0x00000000100001cc                isr_irq21
                0x00000000100001cc                isr_irq20
                0x00000000100001cc                isr_irq15
                0x00000000100001cc                isr_irq25
                0x00000000100001cc                isr_irq4
                0x00000000100001cc                isr_irq16
                0x00000000100001cc                isr_irq29
                0x00000000100001cc                isr_irq26
                0x00000000100001cc                __default_isrs_end
                0x00000000100001cc                isr_irq3
                0x00000000100001cc                isr_irq12
                0x00000000100001cc                isr_irq9
                0x00000000100001d2                unhandled_user_irq_num_in_r0
 *(.binary_info_header)
 .binary_info_header
                0x00000000100001d4       0x14 CMakeFiles/blink.dir/home/dmytro/Documents/pico/pico-sdk/src/rp2_common/pico_standard_link/crt0.S.obj
                0x00000000100001e8                __binary_info_header_end = .
 *(.reset)
 .reset         0x00000000100001e8       0xa0 CMakeFiles/blink.dir/home/dmytro/Documents/pico/pico-sdk/src/rp2_common/pico_standard_link/crt0.S.obj
                0x00000000100001e8                _entry_point
 .reset         0x0000000010000288       0x30 CMakeFiles/blink.dir/home/dmytro/Documents/pico/pico-sdk/src/rp2_common/pico_standard_link/binary_info.c.obj
 *(.init)
 .init          0x00000000100002b8        0x4 /usr/lib/gcc/arm-none-eabi/10.3.1/thumb/v6-m/nofp/crti.o
                0x00000000100002b8                _init
 *(EXCLUDE_FILE(*libm.a: *libc.a:*lib_a-mem*.o *libgcc.a:) .text*)
 .text          0x00000000100002bc       0x98 /usr/lib/gcc/arm-none-eabi/10.3.1/thumb/v6-m/nofp/crtbegin.o
 .text._Z32compute_fft_and_print_magnitudesPsid
                0x0000000010000354       0xf0 CMakeFiles/blink.dir/main.cpp.obj
                0x0000000010000354                compute_fft_and_print_magnitudes(short*, int, double)
 .text.main     0x0000000010000444      0x22c CMakeFiles/blink.dir/main.cpp.obj
                0x0000000010000444                main
 .text.fix_fft  0x0000000010000670      0x218 CMakeFiles/blink.dir/lib/_fix_fft.c.obj
                0x0000000010000670                fix_fft
 .text._ZN3PWMC2Ejj
                0x0000000010000888       0x16 CMakeFiles/blink.dir/lib/pwm.cpp.obj
                0x0000000010000888                PWM::PWM(unsigned int, unsigned int)
                0x0000000010000888                PWM::PWM(unsigned int, unsigned int)
 *fill*         0x000000001000089e        0x2 
 .text._ZN3PWM4initEv
                0x00000000100008a0       0x90 CMakeFiles/blink.dir/lib/pwm.cpp.obj
                0x00000000100008a0                PWM::init()
 .text._ZN3PWM17set_resolution_usEt
                0x0000000010000930       0x80 CMakeFiles/blink.dir/lib/pwm.cpp.obj
                0x0000000010000930                PWM::set_resolution_us(unsigned short)
 .text._ZN3PWM8set_freqEj
                0x00000000100009b0       0x90 CMakeFiles/blink.dir/lib/pwm.cpp.obj
                0x00000000100009b0                PWM::set_freq(unsigned int)
 .text._ZN3PWM14set_duty_cycleEj
                0x0000000010000a40       0x88 CMakeFiles/blink.dir/lib/pwm.cpp.obj
                0x0000000010000a40                PWM::set_duty_cycle(unsigned int)
 .text._ZN3PWM11set_enabledEb
                0x0000000010000ac8       0x28 CMakeFiles/blink.dir/lib/pwm.cpp.obj
                0x0000000010000ac8                PWM::set_enabled(bool)
 .text.set_sys_clock_pll
                0x0000000010000af0       0x78 CMakeFiles/blink.dir/home/dmytro/Documents/pico/pico-sdk/src/rp2_common/pico_stdlib/stdlib.c.obj
                0x0000000010000af0                set_sys_clock_pll
 .text.check_sys_clock_khz
                0x0000000010000b68       0xb0 CMakeFiles/blink.dir/home/dmytro/Documents/pico/pico-sdk/src/rp2_common/pico_stdlib/stdlib.c.obj
                0x0000000010000b68                check_sys_clock_khz
 .text.gpio_set_function
                0x0000000010000c18       0x30 CMakeFiles/blink.dir/home/dmytro/Documents/pico/pico-sdk/src/rp2_common/hardware_gpio/gpio.c.obj
                0x0000000010000c18                gpio_set_function
 .text.gpio_set_pulls
                0x0000000010000c48       0x34 CMakeFiles/blink.dir/home/dmytro/Documents/pico/pico-sdk/src/rp2_common/hardware_gpio/gpio.c.obj
                0x0000000010000c48                gpio_set_pulls
 .text.gpio_set_input_enabled
                0x0000000010000c7c       0x30 CMakeFiles/blink.dir/home/dmytro/Documents/pico/pico-sdk/src/rp2_common/hardware_gpio/gpio.c.obj
                0x0000000010000c7c                gpio_set_input_enabled
 .text.gpio_init
                0x0000000010000cac       0x16 CMakeFiles/blink.dir/home/dmytro/Documents/pico/pico-sdk/src/rp2_common/hardware_gpio/gpio.c.obj
                0x0000000010000cac                gpio_init
 *fill*         0x0000000010000cc2        0x2 
 .text.running_on_fpga
                0x0000000010000cc4       0x14 CMakeFiles/blink.dir/home/dmytro/Documents/pico/pico-sdk/src/rp2_common/pico_platform/platform.c.obj
                0x0000000010000cc4                running_on_fpga
 .text.hw_claim_lock
                0x0000000010000cd8       0x18 CMakeFiles/blink.dir/home/dmytro/Documents/pico/pico-sdk/src/rp2_common/hardware_claim/claim.c.obj
                0x0000000010000cd8                hw_claim_lock
 .text.hw_claim_unlock
                0x0000000010000cf0       0x14 CMakeFiles/blink.dir/home/dmytro/Documents/pico/pico-sdk/src/rp2_common/hardware_claim/claim.c.obj
                0x0000000010000cf0                hw_claim_unlock
 .text.hw_claim_or_assert
                0x0000000010000d04       0x32 CMakeFiles/blink.dir/home/dmytro/Documents/pico/pico-sdk/src/rp2_common/hardware_claim/claim.c.obj
                0x0000000010000d04                hw_claim_or_assert
 .text.hw_claim_unused_from_range
                0x0000000010000d36       0x50 CMakeFiles/blink.dir/home/dmytro/Documents/pico/pico-sdk/src/rp2_common/hardware_claim/claim.c.obj
                0x0000000010000d36                hw_claim_unused_from_range
 *fill*         0x0000000010000d86        0x2 
 .text.spin_locks_reset
                0x0000000010000d88       0x20 CMakeFiles/blink.dir/home/dmytro/Documents/pico/pico-sdk/src/rp2_common/hardware_sync/sync.c.obj
                0x0000000010000d88                spin_locks_reset
 .text.next_striped_spin_lock_num
                0x0000000010000da8       0x1c CMakeFiles/blink.dir/home/dmytro/Documents/pico/pico-sdk/src/rp2_common/hardware_sync/sync.c.obj
                0x0000000010000da8                next_striped_spin_lock_num
 .text.spin_lock_claim_unused
                0x0000000010000dc4       0x20 CMakeFiles/blink.dir/home/dmytro/Documents/pico/pico-sdk/src/rp2_common/hardware_sync/sync.c.obj
                0x0000000010000dc4                spin_lock_claim_unused
 .text.set_raw_irq_handler_and_unlock
                0x0000000010000de4       0x28 CMakeFiles/blink.dir/home/dmytro/Documents/pico/pico-sdk/src/rp2_common/hardware_irq/irq.c.obj
 .text.make_branch
                0x0000000010000e0c       0x48 CMakeFiles/blink.dir/home/dmytro/Documents/pico/pico-sdk/src/rp2_common/hardware_irq/irq.c.obj
 .text.insert_branch_and_link
                0x0000000010000e54       0x40 CMakeFiles/blink.dir/home/dmytro/Documents/pico/pico-sdk/src/rp2_common/hardware_irq/irq.c.obj
 .text.irq_is_enabled
                0x0000000010000e94       0x18 CMakeFiles/blink.dir/home/dmytro/Documents/pico/pico-sdk/src/rp2_common/hardware_irq/irq.c.obj
                0x0000000010000e94                irq_is_enabled
 .text.irq_set_mask_enabled
                0x0000000010000eac       0x20 CMakeFiles/blink.dir/home/dmytro/Documents/pico/pico-sdk/src/rp2_common/hardware_irq/irq.c.obj
                0x0000000010000eac                irq_set_mask_enabled
 .text.irq_set_enabled
                0x0000000010000ecc        0xe CMakeFiles/blink.dir/home/dmytro/Documents/pico/pico-sdk/src/rp2_common/hardware_irq/irq.c.obj
                0x0000000010000ecc                irq_set_enabled
 *fill*         0x0000000010000eda        0x2 
 .text.irq_set_pending
                0x0000000010000edc       0x10 CMakeFiles/blink.dir/home/dmytro/Documents/pico/pico-sdk/src/rp2_common/hardware_irq/irq.c.obj
                0x0000000010000edc                irq_set_pending
 .text.irq_get_vtable_handler
                0x0000000010000eec       0x10 CMakeFiles/blink.dir/home/dmytro/Documents/pico/pico-sdk/src/rp2_common/hardware_irq/irq.c.obj
                0x0000000010000eec                irq_get_vtable_handler
 .text.irq_has_shared_handler
                0x0000000010000efc       0x24 CMakeFiles/blink.dir/home/dmytro/Documents/pico/pico-sdk/src/rp2_common/hardware_irq/irq.c.obj
                0x0000000010000efc                irq_has_shared_handler
 .text.irq_set_exclusive_handler
                0x0000000010000f20       0x54 CMakeFiles/blink.dir/home/dmytro/Documents/pico/pico-sdk/src/rp2_common/hardware_irq/irq.c.obj
                0x0000000010000f20                irq_set_exclusive_handler
 .text.irq_add_shared_handler
                0x0000000010000f74      0x234 CMakeFiles/blink.dir/home/dmytro/Documents/pico/pico-sdk/src/rp2_common/hardware_irq/irq.c.obj
                0x0000000010000f74                irq_add_shared_handler
 .text.irq_remove_handler
                0x00000000100011a8      0x1ac CMakeFiles/blink.dir/home/dmytro/Documents/pico/pico-sdk/src/rp2_common/hardware_irq/irq.c.obj
                0x00000000100011a8                irq_remove_handler
 .text.irq_add_tail_to_free_list
                0x0000000010001354       0xf0 CMakeFiles/blink.dir/home/dmytro/Documents/pico/pico-sdk/src/rp2_common/hardware_irq/irq.c.obj
                0x0000000010001354                irq_add_tail_to_free_list
 .text.irq_init_priorities
                0x0000000010001444       0x1c CMakeFiles/blink.dir/home/dmytro/Documents/pico/pico-sdk/src/rp2_common/hardware_irq/irq.c.obj
                0x0000000010001444                irq_init_priorities
 .text.user_irq_claim_unused
                0x0000000010001460       0x28 CMakeFiles/blink.dir/home/dmytro/Documents/pico/pico-sdk/src/rp2_common/hardware_irq/irq.c.obj
                0x0000000010001460                user_irq_claim_unused
 .text.lock_init
                0x0000000010001488       0x10 CMakeFiles/blink.dir/home/dmytro/Documents/pico/pico-sdk/src/common/pico_sync/lock_core.c.obj
                0x0000000010001488                lock_init
 .text.mutex_init
                0x0000000010001498       0x1a CMakeFiles/blink.dir/home/dmytro/Documents/pico/pico-sdk/src/common/pico_sync/mutex.c.obj
                0x0000000010001498                mutex_init
 .text.recursive_mutex_init
                0x00000000100014b2       0x1e CMakeFiles/blink.dir/home/dmytro/Documents/pico/pico-sdk/src/common/pico_sync/mutex.c.obj
                0x00000000100014b2                recursive_mutex_init
 .text.critical_section_init_with_lock_num
                0x00000000100014d0       0x14 CMakeFiles/blink.dir/home/dmytro/Documents/pico/pico-sdk/src/common/pico_sync/critical_section.c.obj
                0x00000000100014d0                critical_section_init_with_lock_num
 .text.critical_section_init
                0x00000000100014e4       0x14 CMakeFiles/blink.dir/home/dmytro/Documents/pico/pico-sdk/src/common/pico_sync/critical_section.c.obj
                0x00000000100014e4                critical_section_init
 .text.alarm_pool_post_alloc_init
                0x00000000100014f8       0x40 CMakeFiles/blink.dir/home/dmytro/Documents/pico/pico-sdk/src/common/pico_time/time.c.obj
 .text.sleep_until_callback
                0x0000000010001538       0x30 CMakeFiles/blink.dir/home/dmytro/Documents/pico/pico-sdk/src/common/pico_time/time.c.obj
 .text.timer_pool_entry_comparator
                0x0000000010001568       0x7c CMakeFiles/blink.dir/home/dmytro/Documents/pico/pico-sdk/src/common/pico_time/time.c.obj
                0x0000000010001568                timer_pool_entry_comparator
 .text.ph_add_child_node
                0x00000000100015e4       0xa4 CMakeFiles/blink.dir/home/dmytro/Documents/pico/pico-sdk/src/common/pico_time/time.c.obj
 .text.ph_merge_nodes
                0x0000000010001688       0x3e CMakeFiles/blink.dir/home/dmytro/Documents/pico/pico-sdk/src/common/pico_time/time.c.obj
 *fill*         0x00000000100016c6        0x2 
 .text.add_alarm_under_lock
                0x00000000100016c8      0x174 CMakeFiles/blink.dir/home/dmytro/Documents/pico/pico-sdk/src/common/pico_time/time.c.obj
 .text.alarm_pool_alarm_callback
                0x000000001000183c      0x33c CMakeFiles/blink.dir/home/dmytro/Documents/pico/pico-sdk/src/common/pico_time/time.c.obj
 .text.alarm_pool_init_default
                0x0000000010001b78       0x40 CMakeFiles/blink.dir/home/dmytro/Documents/pico/pico-sdk/src/common/pico_time/time.c.obj
                0x0000000010001b78                alarm_pool_init_default
 .text.alarm_pool_get_default
                0x0000000010001bb8       0x2c CMakeFiles/blink.dir/home/dmytro/Documents/pico/pico-sdk/src/common/pico_time/time.c.obj
                0x0000000010001bb8                alarm_pool_get_default
 .text.alarm_pool_add_alarm_at
                0x0000000010001be4      0x168 CMakeFiles/blink.dir/home/dmytro/Documents/pico/pico-sdk/src/common/pico_time/time.c.obj
                0x0000000010001be4                alarm_pool_add_alarm_at
 .text.alarm_pool_cancel_alarm
                0x0000000010001d4c       0xf0 CMakeFiles/blink.dir/home/dmytro/Documents/pico/pico-sdk/src/common/pico_time/time.c.obj
                0x0000000010001d4c                alarm_pool_cancel_alarm
 .text.alarm_pool_core_num
                0x0000000010001e3c        0x4 CMakeFiles/blink.dir/home/dmytro/Documents/pico/pico-sdk/src/common/pico_time/time.c.obj
                0x0000000010001e3c                alarm_pool_core_num
 .text.sleep_until
                0x0000000010001e40       0xfc CMakeFiles/blink.dir/home/dmytro/Documents/pico/pico-sdk/src/common/pico_time/time.c.obj
                0x0000000010001e40                sleep_until
 .text.sleep_us
                0x0000000010001f3c       0x58 CMakeFiles/blink.dir/home/dmytro/Documents/pico/pico-sdk/src/common/pico_time/time.c.obj
                0x0000000010001f3c                sleep_us
 .text.sleep_ms
                0x0000000010001f94       0x14 CMakeFiles/blink.dir/home/dmytro/Documents/pico/pico-sdk/src/common/pico_time/time.c.obj
                0x0000000010001f94                sleep_ms
 .text.best_effort_wfe_or_timeout
                0x0000000010001fa8       0xac CMakeFiles/blink.dir/home/dmytro/Documents/pico/pico-sdk/src/common/pico_time/time.c.obj
                0x0000000010001fa8                best_effort_wfe_or_timeout
 .text.hardware_alarm_irq_handler
                0x0000000010002054       0x90 CMakeFiles/blink.dir/home/dmytro/Documents/pico/pico-sdk/src/rp2_common/hardware_timer/timer.c.obj
 .text.hardware_alarm_claim
                0x00000000100020e4       0x18 CMakeFiles/blink.dir/home/dmytro/Documents/pico/pico-sdk/src/rp2_common/hardware_timer/timer.c.obj
                0x00000000100020e4                hardware_alarm_claim
 .text.time_us_64
                0x00000000100020fc       0x18 CMakeFiles/blink.dir/home/dmytro/Documents/pico/pico-sdk/src/rp2_common/hardware_timer/timer.c.obj
                0x00000000100020fc                time_us_64
 .text.busy_wait_until
                0x0000000010002114       0x28 CMakeFiles/blink.dir/home/dmytro/Documents/pico/pico-sdk/src/rp2_common/hardware_timer/timer.c.obj
                0x0000000010002114                busy_wait_until
 .text.hardware_alarm_set_callback
                0x000000001000213c       0x90 CMakeFiles/blink.dir/home/dmytro/Documents/pico/pico-sdk/src/rp2_common/hardware_timer/timer.c.obj
                0x000000001000213c                hardware_alarm_set_callback
 .text.hardware_alarm_set_target
                0x00000000100021cc       0xe8 CMakeFiles/blink.dir/home/dmytro/Documents/pico/pico-sdk/src/rp2_common/hardware_timer/timer.c.obj
                0x00000000100021cc                hardware_alarm_set_target
 .text.hardware_alarm_cancel
                0x00000000100022b4       0x40 CMakeFiles/blink.dir/home/dmytro/Documents/pico/pico-sdk/src/rp2_common/hardware_timer/timer.c.obj
                0x00000000100022b4                hardware_alarm_cancel
 .text.ph_add_child_node
                0x00000000100022f4       0xa4 CMakeFiles/blink.dir/home/dmytro/Documents/pico/pico-sdk/src/common/pico_util/pheap.c.obj
 .text.ph_merge_nodes
                0x0000000010002398       0x3e CMakeFiles/blink.dir/home/dmytro/Documents/pico/pico-sdk/src/common/pico_util/pheap.c.obj
 *fill*         0x00000000100023d6        0x2 
 .text.ph_clear
                0x00000000100023d8       0x70 CMakeFiles/blink.dir/home/dmytro/Documents/pico/pico-sdk/src/common/pico_util/pheap.c.obj
                0x00000000100023d8                ph_clear
 .text.ph_post_alloc_init
                0x0000000010002448        0xe CMakeFiles/blink.dir/home/dmytro/Documents/pico/pico-sdk/src/common/pico_util/pheap.c.obj
                0x0000000010002448                ph_post_alloc_init
 *fill*         0x0000000010002456        0x2 
 .text.ph_merge_two_pass
                0x0000000010002458       0xa8 CMakeFiles/blink.dir/home/dmytro/Documents/pico/pico-sdk/src/common/pico_util/pheap.c.obj
                0x0000000010002458                ph_merge_two_pass
 .text.ph_remove_any_head
                0x0000000010002500      0x128 CMakeFiles/blink.dir/home/dmytro/Documents/pico/pico-sdk/src/common/pico_util/pheap.c.obj
 .text.ph_remove_head
                0x0000000010002628       0x14 CMakeFiles/blink.dir/home/dmytro/Documents/pico/pico-sdk/src/common/pico_util/pheap.c.obj
                0x0000000010002628                ph_remove_head
 .text.ph_remove_and_free_node
                0x000000001000263c       0xf8 CMakeFiles/blink.dir/home/dmytro/Documents/pico/pico-sdk/src/common/pico_util/pheap.c.obj
                0x000000001000263c                ph_remove_and_free_node
 .text.clock_configure
                0x0000000010002734      0x104 CMakeFiles/blink.dir/home/dmytro/Documents/pico/pico-sdk/src/rp2_common/hardware_clocks/clocks.c.obj
                0x0000000010002734                clock_configure
 .text.clocks_init
                0x0000000010002838      0x100 CMakeFiles/blink.dir/home/dmytro/Documents/pico/pico-sdk/src/rp2_common/hardware_clocks/clocks.c.obj
                0x0000000010002838                clocks_init
 .text.clock_get_hz
                0x0000000010002938        0xc CMakeFiles/blink.dir/home/dmytro/Documents/pico/pico-sdk/src/rp2_common/hardware_clocks/clocks.c.obj
                0x0000000010002938                clock_get_hz
 .text.pll_init
                0x0000000010002944      0x12c CMakeFiles/blink.dir/home/dmytro/Documents/pico/pico-sdk/src/rp2_common/hardware_pll/pll.c.obj
                0x0000000010002944                pll_init
 .text.watchdog_start_tick
                0x0000000010002a70       0x10 CMakeFiles/blink.dir/home/dmytro/Documents/pico/pico-sdk/src/rp2_common/hardware_watchdog/watchdog.c.obj
                0x0000000010002a70                watchdog_start_tick
 .text.watchdog_update
                0x0000000010002a80       0x14 CMakeFiles/blink.dir/home/dmytro/Documents/pico/pico-sdk/src/rp2_common/hardware_watchdog/watchdog.c.obj
                0x0000000010002a80                watchdog_update
 .text._watchdog_enable
                0x0000000010002a94       0x78 CMakeFiles/blink.dir/home/dmytro/Documents/pico/pico-sdk/src/rp2_common/hardware_watchdog/watchdog.c.obj
                0x0000000010002a94                _watchdog_enable
 .text.watchdog_reboot
                0x0000000010002b0c       0x48 CMakeFiles/blink.dir/home/dmytro/Documents/pico/pico-sdk/src/rp2_common/hardware_watchdog/watchdog.c.obj
                0x0000000010002b0c                watchdog_reboot
 .text.xosc_init
                0x0000000010002b54       0x28 CMakeFiles/blink.dir/home/dmytro/Documents/pico/pico-sdk/src/rp2_common/hardware_xosc/xosc.c.obj
                0x0000000010002b54                xosc_init
 .text._exit    0x0000000010002b7c        0x4 CMakeFiles/blink.dir/home/dmytro/Documents/pico/pico-sdk/src/rp2_common/pico_runtime/runtime.c.obj
                0x0000000010002b7c                _exit
 .text._sbrk    0x0000000010002b80       0x38 CMakeFiles/blink.dir/home/dmytro/Documents/pico/pico-sdk/src/rp2_common/pico_runtime/runtime.c.obj
                0x0000000010002b80                _sbrk
 .text.exit     0x0000000010002bb8        0x6 CMakeFiles/blink.dir/home/dmytro/Documents/pico/pico-sdk/src/rp2_common/pico_runtime/runtime.c.obj
                0x0000000010002bb8                exit
 *fill*         0x0000000010002bbe        0x2 
 .text.__assert_func
                0x0000000010002bc0       0x3c CMakeFiles/blink.dir/home/dmytro/Documents/pico/pico-sdk/src/rp2_common/pico_runtime/runtime.c.obj
                0x0000000010002bc0                __assert_func
 .text.runtime_init
                0x0000000010002bfc       0xf8 CMakeFiles/blink.dir/home/dmytro/Documents/pico/pico-sdk/src/rp2_common/pico_runtime/runtime.c.obj
                0x0000000010002bfc                runtime_init
 .text.panic    0x0000000010002cf4       0x30 CMakeFiles/blink.dir/home/dmytro/Documents/pico/pico-sdk/src/rp2_common/pico_runtime/runtime.c.obj
                0x0000000010002cf4                panic
 .text._out_null
                0x0000000010002d24        0x2 CMakeFiles/blink.dir/home/dmytro/Documents/pico/pico-sdk/src/rp2_common/pico_printf/printf.c.obj
 .text._out_fct
                0x0000000010002d26        0xe CMakeFiles/blink.dir/home/dmytro/Documents/pico/pico-sdk/src/rp2_common/pico_printf/printf.c.obj
 .text._atoi    0x0000000010002d34       0x24 CMakeFiles/blink.dir/home/dmytro/Documents/pico/pico-sdk/src/rp2_common/pico_printf/printf.c.obj
 .text._out_rev
                0x0000000010002d58       0xae CMakeFiles/blink.dir/home/dmytro/Documents/pico/pico-sdk/src/rp2_common/pico_printf/printf.c.obj
 .text._ntoa_format
                0x0000000010002e06      0x112 CMakeFiles/blink.dir/home/dmytro/Documents/pico/pico-sdk/src/rp2_common/pico_printf/printf.c.obj
 .text._ntoa_long
                0x0000000010002f18       0xbc CMakeFiles/blink.dir/home/dmytro/Documents/pico/pico-sdk/src/rp2_common/pico_printf/printf.c.obj
 .text._ntoa_long_long
                0x0000000010002fd4       0xe2 CMakeFiles/blink.dir/home/dmytro/Documents/pico/pico-sdk/src/rp2_common/pico_printf/printf.c.obj
 *fill*         0x00000000100030b6        0x2 
 .text._etoa    0x00000000100030b8      0x414 CMakeFiles/blink.dir/home/dmytro/Documents/pico/pico-sdk/src/rp2_common/pico_printf/printf.c.obj
 .text._ftoa    0x00000000100034cc      0x354 CMakeFiles/blink.dir/home/dmytro/Documents/pico/pico-sdk/src/rp2_common/pico_printf/printf.c.obj
 .text._vsnprintf
                0x0000000010003820      0x624 CMakeFiles/blink.dir/home/dmytro/Documents/pico/pico-sdk/src/rp2_common/pico_printf/printf.c.obj
 .text.vfctprintf
                0x0000000010003e44       0x20 CMakeFiles/blink.dir/home/dmytro/Documents/pico/pico-sdk/src/rp2_common/pico_printf/printf.c.obj
                0x0000000010003e44                vfctprintf
 .text          0x0000000010003e64       0x10 CMakeFiles/blink.dir/home/dmytro/Documents/pico/pico-sdk/src/rp2_common/pico_bit_ops/bit_ops_aeabi.S.obj
 .text.rom_func_lookup
                0x0000000010003e74       0x10 CMakeFiles/blink.dir/home/dmytro/Documents/pico/pico-sdk/src/rp2_common/pico_bootrom/bootrom.c.obj
                0x0000000010003e74                rom_func_lookup
 .text.rom_data_lookup
                0x0000000010003e84       0x10 CMakeFiles/blink.dir/home/dmytro/Documents/pico/pico-sdk/src/rp2_common/pico_bootrom/bootrom.c.obj
                0x0000000010003e84                rom_data_lookup
 .text.rom_funcs_lookup
                0x0000000010003e94       0x36 CMakeFiles/blink.dir/home/dmytro/Documents/pico/pico-sdk/src/rp2_common/pico_bootrom/bootrom.c.obj
                0x0000000010003e94                rom_funcs_lookup
 *fill*         0x0000000010003eca        0x2 
 .text.__wrap___aeabi_idiv
                0x0000000010003ecc       0x50 CMakeFiles/blink.dir/home/dmytro/Documents/pico/pico-sdk/src/rp2_common/pico_divider/divider.S.obj
                0x0000000010003ecc                __wrap___aeabi_idivmod
                0x0000000010003ecc                divmod_s32s32
                0x0000000010003ecc                div_s32s32
                0x0000000010003ecc                __wrap___aeabi_idiv
                0x0000000010003ed4                divmod_s32s32_unsafe
                0x0000000010003f00                divmod_s32s32_savestate
 .text.__wrap___aeabi_uidiv
                0x0000000010003f1c       0x4c CMakeFiles/blink.dir/home/dmytro/Documents/pico/pico-sdk/src/rp2_common/pico_divider/divider.S.obj
                0x0000000010003f1c                __wrap___aeabi_uidiv
                0x0000000010003f1c                __wrap___aeabi_uidivmod
                0x0000000010003f1c                div_u32u32
                0x0000000010003f1c                divmod_u32u32
                0x0000000010003f24                divmod_u32u32_unsafe
                0x0000000010003f4c                divmod_u32u32_savestate
 .text.__wrap___aeabi_ldiv
                0x0000000010003f68      0x424 CMakeFiles/blink.dir/home/dmytro/Documents/pico/pico-sdk/src/rp2_common/pico_divider/divider.S.obj
                0x0000000010003f68                div_s64s64
                0x0000000010003f68                divmod_s64s64
                0x0000000010003f68                __wrap___aeabi_ldivmod
                0x0000000010003f98                div_u64u64
                0x0000000010003f98                divmod_u64u64
                0x0000000010003f98                __wrap___aeabi_uldivmod
                0x0000000010003fa8                divmod_u64u64_savestate
                0x0000000010003fc8                divmod_s64s64_unsafe
                0x0000000010004050                divmod_u64u64_unsafe
 .text.__wrap___aeabi_darithmetic
                0x000000001000438c       0x80 CMakeFiles/blink.dir/home/dmytro/Documents/pico/pico-sdk/src/rp2_common/pico_double/double_aeabi.S.obj
                0x000000001000438c                __wrap___aeabi_drsub
                0x0000000010004392                __wrap___aeabi_dsub
                0x00000000100043a4                __wrap___aeabi_dadd
                0x00000000100043b6                __wrap___aeabi_ddiv
                0x00000000100043f2                __wrap___aeabi_dmul
 .text.__wrap___aeabi_cdcmple
                0x000000001000440c       0x6c CMakeFiles/blink.dir/home/dmytro/Documents/pico/pico-sdk/src/rp2_common/pico_double/double_aeabi.S.obj
                0x000000001000440c                __wrap___aeabi_cdrcmple
                0x000000001000441c                __wrap___aeabi_cdcmple
                0x000000001000441c                __wrap___aeabi_cdcmpeq
 .text.__wrap___aeabi_dcmplt
                0x0000000010004478        0xc CMakeFiles/blink.dir/home/dmytro/Documents/pico/pico-sdk/src/rp2_common/pico_double/double_aeabi.S.obj
                0x0000000010004478                __wrap___aeabi_dcmplt
 .text.__wrap___aeabi_dcmple
                0x0000000010004484       0x10 CMakeFiles/blink.dir/home/dmytro/Documents/pico/pico-sdk/src/rp2_common/pico_double/double_aeabi.S.obj
                0x0000000010004484                __wrap___aeabi_dcmple
 .text.__wrap___aeabi_dcmpge
                0x0000000010004494       0x10 CMakeFiles/blink.dir/home/dmytro/Documents/pico/pico-sdk/src/rp2_common/pico_double/double_aeabi.S.obj
                0x0000000010004494                __wrap___aeabi_dcmpge
 .text.__wrap___aeabi_dcmpgt
                0x00000000100044a4        0xa CMakeFiles/blink.dir/home/dmytro/Documents/pico/pico-sdk/src/rp2_common/pico_double/double_aeabi.S.obj
                0x00000000100044a4                __wrap___aeabi_dcmpgt
 .text.__wrap___aeabi_dcmpun
                0x00000000100044ae       0x1c CMakeFiles/blink.dir/home/dmytro/Documents/pico/pico-sdk/src/rp2_common/pico_double/double_aeabi.S.obj
                0x00000000100044ae                __wrap___aeabi_dcmpun
 *fill*         0x00000000100044ca        0x2 
 .text.__wrap___aeabi_i2d
                0x00000000100044cc       0x38 CMakeFiles/blink.dir/home/dmytro/Documents/pico/pico-sdk/src/rp2_common/pico_double/double_aeabi.S.obj
                0x00000000100044cc                __wrap___aeabi_ui2d
                0x00000000100044d4                __wrap___aeabi_i2d
 .text.__wrap___aeabi_d2iz
                0x0000000010004504       0x48 CMakeFiles/blink.dir/home/dmytro/Documents/pico/pico-sdk/src/rp2_common/pico_double/double_aeabi.S.obj
                0x0000000010004504                __wrap___aeabi_d2iz
                0x0000000010004504                double2int_z
 .text.__wrap___aeabi_d2uiz
                0x000000001000454c       0x18 CMakeFiles/blink.dir/home/dmytro/Documents/pico/pico-sdk/src/rp2_common/pico_double/double_aeabi.S.obj
                0x000000001000454c                double2uint
                0x000000001000454c                __wrap___aeabi_d2uiz
 .text.__wrap___aeabi_d2f
                0x0000000010004564       0x18 CMakeFiles/blink.dir/home/dmytro/Documents/pico/pico-sdk/src/rp2_common/pico_double/double_aeabi.S.obj
                0x0000000010004564                __wrap___aeabi_d2f
 .text.__wrap_srqt
                0x000000001000457c       0x18 CMakeFiles/blink.dir/home/dmytro/Documents/pico/pico-sdk/src/rp2_common/pico_double/double_aeabi.S.obj
                0x000000001000457c                __wrap_sqrt
 .text.__aeabi_double_init
                0x0000000010004594       0xc8 CMakeFiles/blink.dir/home/dmytro/Documents/pico/pico-sdk/src/rp2_common/pico_double/double_init_rom.c.obj
                0x0000000010004594                __aeabi_double_init
 .text.double_table_shim_on_use_helper
                0x000000001000465c       0x34 CMakeFiles/blink.dir/home/dmytro/Documents/pico/pico-sdk/src/rp2_common/pico_double/double_v1_rom_shim.S.obj
                0x000000001000465c                double_table_shim_on_use_helper
 .text.__wrap___aeabi_dsub
                0x0000000010004690       0x10 CMakeFiles/blink.dir/home/dmytro/Documents/pico/pico-sdk/src/rp2_common/pico_double/double_v1_rom_shim.S.obj
                0x0000000010004690                drsub_shim
                0x0000000010004696                dsub_shim
 .text.dadd_shim
                0x00000000100046a0      0x15c CMakeFiles/blink.dir/home/dmytro/Documents/pico/pico-sdk/src/rp2_common/pico_double/double_v1_rom_shim.S.obj
                0x00000000100046a0                dadd_shim
 .text.dmul_shim
                0x00000000100047fc      0x15c CMakeFiles/blink.dir/home/dmytro/Documents/pico/pico-sdk/src/rp2_common/pico_double/double_v1_rom_shim.S.obj
                0x00000000100047fc                dmul_shim
 .text.ddiv_shim
                0x0000000010004958      0x1b0 CMakeFiles/blink.dir/home/dmytro/Documents/pico/pico-sdk/src/rp2_common/pico_double/double_v1_rom_shim.S.obj
                0x0000000010004958                ddiv_shim
 .text.dsqrt_shim
                0x0000000010004b08      0x1a8 CMakeFiles/blink.dir/home/dmytro/Documents/pico/pico-sdk/src/rp2_common/pico_double/double_v1_rom_shim.S.obj
                0x0000000010004b24                dsqrt_shim
 .text.double2uint_shim
                0x0000000010004cb0        0xe CMakeFiles/blink.dir/home/dmytro/Documents/pico/pico-sdk/src/rp2_common/pico_double/double_v1_rom_shim.S.obj
                0x0000000010004cb0                double2uint_shim
                0x0000000010004cb2                double2ufix_shim
 *fill*         0x0000000010004cbe        0x2 
 .text.double2uint64_shim
                0x0000000010004cc0       0x70 CMakeFiles/blink.dir/home/dmytro/Documents/pico/pico-sdk/src/rp2_common/pico_double/double_v1_rom_shim.S.obj
                0x0000000010004cc0                double2uint64_shim
                0x0000000010004cc2                double2ufix64_shim
                0x0000000010004ce2                d2fix_a
 .text.double2float_shim
                0x0000000010004d30       0x5c CMakeFiles/blink.dir/home/dmytro/Documents/pico/pico-sdk/src/rp2_common/pico_double/double_v1_rom_shim.S.obj
                0x0000000010004d30                double2float_shim
 .text.dunpacks
                0x0000000010004d8c       0x3c CMakeFiles/blink.dir/home/dmytro/Documents/pico/pico-sdk/src/rp2_common/pico_double/double_v1_rom_shim.S.obj
                0x0000000010004d8c                dunpacks
 .text.__aeabi_lmul
                0x0000000010004dc8       0x32 CMakeFiles/blink.dir/home/dmytro/Documents/pico/pico-sdk/src/rp2_common/pico_int64_ops/pico_int64_ops_aeabi.S.obj
                0x0000000010004dc8                __wrap___aeabi_lmul
 *fill*         0x0000000010004dfa        0x2 
 .text.__wrap___aeabi_farithmetic
                0x0000000010004dfc       0x58 CMakeFiles/blink.dir/home/dmytro/Documents/pico/pico-sdk/src/rp2_common/pico_float/float_aeabi.S.obj
                0x0000000010004dfc                __wrap___aeabi_frsub
                0x0000000010004e02                __wrap___aeabi_fsub
                0x0000000010004e0c                __wrap___aeabi_fadd
                0x0000000010004e16                __wrap___aeabi_fdiv
                0x0000000010004e42                __wrap___aeabi_fmul
 .text.__wrap___aeabi_cfcmple
                0x0000000010004e54       0x50 CMakeFiles/blink.dir/home/dmytro/Documents/pico/pico-sdk/src/rp2_common/pico_float/float_aeabi.S.obj
                0x0000000010004e54                __wrap___aeabi_cfrcmple
                0x0000000010004e60                __wrap___aeabi_cfcmpeq
                0x0000000010004e60                __wrap___aeabi_cfcmple
 .text.__wrap___aeabi_fcmpgt
                0x0000000010004ea4        0xa CMakeFiles/blink.dir/home/dmytro/Documents/pico/pico-sdk/src/rp2_common/pico_float/float_aeabi.S.obj
                0x0000000010004ea4                __wrap___aeabi_fcmpgt
 .text.__wrap___aeabi_ui2f
                0x0000000010004eae        0xa CMakeFiles/blink.dir/home/dmytro/Documents/pico/pico-sdk/src/rp2_common/pico_float/float_aeabi.S.obj
                0x0000000010004eae                __wrap___aeabi_ui2f
 .text.__wrap___aeabi_i2f
                0x0000000010004eb8       0x44 CMakeFiles/blink.dir/home/dmytro/Documents/pico/pico-sdk/src/rp2_common/pico_float/float_aeabi.S.obj
                0x0000000010004eb8                __wrap___aeabi_i2f
 .text.__wrap___aeabi_f2uiz
                0x0000000010004efc       0x10 CMakeFiles/blink.dir/home/dmytro/Documents/pico/pico-sdk/src/rp2_common/pico_float/float_aeabi.S.obj
                0x0000000010004efc                __wrap___aeabi_f2uiz
 .text.__wrap___aeabi_f2d
                0x0000000010004f0c       0x14 CMakeFiles/blink.dir/home/dmytro/Documents/pico/pico-sdk/src/rp2_common/pico_float/float_aeabi.S.obj
                0x0000000010004f0c                __wrap___aeabi_f2d
 .text.__aeabi_float_init
                0x0000000010004f20       0xfc CMakeFiles/blink.dir/home/dmytro/Documents/pico/pico-sdk/src/rp2_common/pico_float/float_init_rom.c.obj
                0x0000000010004f20                __aeabi_float_init
 .text.float_table_shim_on_use_helper
                0x000000001000501c       0x34 CMakeFiles/blink.dir/home/dmytro/Documents/pico/pico-sdk/src/rp2_common/pico_float/float_v1_rom_shim.S.obj
                0x000000001000501c                float_table_shim_on_use_helper
 .text.float2double_shim
                0x0000000010005050       0x30 CMakeFiles/blink.dir/home/dmytro/Documents/pico/pico-sdk/src/rp2_common/pico_float/float_v1_rom_shim.S.obj
                0x0000000010005050                float2double_shim
 .text.__wrap_malloc
                0x0000000010005080       0x3c CMakeFiles/blink.dir/home/dmytro/Documents/pico/pico-sdk/src/rp2_common/pico_malloc/pico_malloc.c.obj
                0x0000000010005080                __wrap_malloc
 .text.__wrap_free
                0x00000000100050bc       0x20 CMakeFiles/blink.dir/home/dmytro/Documents/pico/pico-sdk/src/rp2_common/pico_malloc/pico_malloc.c.obj
                0x00000000100050bc                __wrap_free
 .text          0x00000000100050dc       0x10 CMakeFiles/blink.dir/home/dmytro/Documents/pico/pico-sdk/src/rp2_common/pico_mem_ops/mem_ops_aeabi.S.obj
                0x00000000100050dc                __aeabi_mem_init
 .text.memset   0x00000000100050ec        0xc CMakeFiles/blink.dir/home/dmytro/Documents/pico/pico-sdk/src/rp2_common/pico_mem_ops/mem_ops_aeabi.S.obj
                0x00000000100050ec                __wrap_memset
 .text.memcpy   0x00000000100050f8        0xc CMakeFiles/blink.dir/home/dmytro/Documents/pico/pico-sdk/src/rp2_common/pico_mem_ops/mem_ops_aeabi.S.obj
                0x00000000100050f8                __wrap___aeabi_memcpy
                0x00000000100050f8                __wrap_memcpy
 .text.stdio_out_chars_no_crlf
                0x0000000010005104        0xe CMakeFiles/blink.dir/home/dmytro/Documents/pico/pico-sdk/src/rp2_common/pico_stdio/stdio.c.obj
 *fill*         0x0000000010005112        0x2 
 .text.stdio_out_chars_crlf
                0x0000000010005114       0x80 CMakeFiles/blink.dir/home/dmytro/Documents/pico/pico-sdk/src/rp2_common/pico_stdio/stdio.c.obj
 .text.stdio_stack_buffer_flush
                0x0000000010005194       0x44 CMakeFiles/blink.dir/home/dmytro/Documents/pico/pico-sdk/src/rp2_common/pico_stdio/stdio.c.obj
 .text.stdio_buffered_printer
                0x00000000100051d8       0x20 CMakeFiles/blink.dir/home/dmytro/Documents/pico/pico-sdk/src/rp2_common/pico_stdio/stdio.c.obj
 .text.stdout_serialize_begin
                0x00000000100051f8       0x5c CMakeFiles/blink.dir/home/dmytro/Documents/pico/pico-sdk/src/rp2_common/pico_stdio/stdio.c.obj
                0x00000000100051f8                stdout_serialize_begin
 .text.stdout_serialize_end
                0x0000000010005254       0x10 CMakeFiles/blink.dir/home/dmytro/Documents/pico/pico-sdk/src/rp2_common/pico_stdio/stdio.c.obj
                0x0000000010005254                stdout_serialize_end
 .text.stdio_put_string
                0x0000000010005264       0x98 CMakeFiles/blink.dir/home/dmytro/Documents/pico/pico-sdk/src/rp2_common/pico_stdio/stdio.c.obj
 .text.stdio_set_driver_enabled
                0x00000000100052fc       0x2c CMakeFiles/blink.dir/home/dmytro/Documents/pico/pico-sdk/src/rp2_common/pico_stdio/stdio.c.obj
                0x00000000100052fc                stdio_set_driver_enabled
 .text.stdio_flush
                0x0000000010005328       0x20 CMakeFiles/blink.dir/home/dmytro/Documents/pico/pico-sdk/src/rp2_common/pico_stdio/stdio.c.obj
                0x0000000010005328                stdio_flush
 .text.__wrap_puts
                0x0000000010005348       0x1e CMakeFiles/blink.dir/home/dmytro/Documents/pico/pico-sdk/src/rp2_common/pico_stdio/stdio.c.obj
                0x0000000010005348                __wrap_puts
 *fill*         0x0000000010005366        0x2 
 .text.__wrap_vprintf
                0x0000000010005368       0x40 CMakeFiles/blink.dir/home/dmytro/Documents/pico/pico-sdk/src/rp2_common/pico_stdio/stdio.c.obj
                0x0000000010005368                __wrap_vprintf
 .text.__wrap_printf
                0x00000000100053a8       0x18 CMakeFiles/blink.dir/home/dmytro/Documents/pico/pico-sdk/src/rp2_common/pico_stdio/stdio.c.obj
                0x00000000100053a8                __wrap_printf
 .text.stdio_init_all
                0x00000000100053c0        0x8 CMakeFiles/blink.dir/home/dmytro/Documents/pico/pico-sdk/src/rp2_common/pico_stdio/stdio.c.obj
                0x00000000100053c0                stdio_init_all
 .text.resetd_init
                0x00000000100053c8        0x2 CMakeFiles/blink.dir/home/dmytro/Documents/pico/pico-sdk/src/rp2_common/pico_stdio_usb/reset_interface.c.obj
 *fill*         0x00000000100053ca        0x2 
 .text.resetd_reset
                0x00000000100053cc        0xc CMakeFiles/blink.dir/home/dmytro/Documents/pico/pico-sdk/src/rp2_common/pico_stdio_usb/reset_interface.c.obj
 .text.resetd_open
                0x00000000100053d8       0x34 CMakeFiles/blink.dir/home/dmytro/Documents/pico/pico-sdk/src/rp2_common/pico_stdio_usb/reset_interface.c.obj
 .text.resetd_xfer_cb
                0x000000001000540c        0x4 CMakeFiles/blink.dir/home/dmytro/Documents/pico/pico-sdk/src/rp2_common/pico_stdio_usb/reset_interface.c.obj
 .text.reset_usb_boot
                0x0000000010005410       0x18 CMakeFiles/blink.dir/home/dmytro/Documents/pico/pico-sdk/src/rp2_common/pico_stdio_usb/reset_interface.c.obj
 .text.resetd_control_xfer_cb
                0x0000000010005428       0x5c CMakeFiles/blink.dir/home/dmytro/Documents/pico/pico-sdk/src/rp2_common/pico_stdio_usb/reset_interface.c.obj
 .text.usbd_app_driver_get_cb
                0x0000000010005484        0xc CMakeFiles/blink.dir/home/dmytro/Documents/pico/pico-sdk/src/rp2_common/pico_stdio_usb/reset_interface.c.obj
                0x0000000010005484                usbd_app_driver_get_cb
 .text.tud_cdc_line_coding_cb
                0x0000000010005490       0x28 CMakeFiles/blink.dir/home/dmytro/Documents/pico/pico-sdk/src/rp2_common/pico_stdio_usb/reset_interface.c.obj
                0x0000000010005490                tud_cdc_line_coding_cb
 .text.stdio_usb_set_chars_available_callback
                0x00000000100054b8       0x14 CMakeFiles/blink.dir/home/dmytro/Documents/pico/pico-sdk/src/rp2_common/pico_stdio_usb/stdio_usb.c.obj
                0x00000000100054b8                stdio_usb_set_chars_available_callback
 .text.usb_irq  0x00000000100054cc       0x10 CMakeFiles/blink.dir/home/dmytro/Documents/pico/pico-sdk/src/rp2_common/pico_stdio_usb/stdio_usb.c.obj
 .text.timer_task
                0x00000000100054dc       0x58 CMakeFiles/blink.dir/home/dmytro/Documents/pico/pico-sdk/src/rp2_common/pico_stdio_usb/stdio_usb.c.obj
 .text.low_priority_worker_irq
                0x0000000010005534       0xd8 CMakeFiles/blink.dir/home/dmytro/Documents/pico/pico-sdk/src/rp2_common/pico_stdio_usb/stdio_usb.c.obj
 .text.tud_cdc_rx_cb
                0x000000001000560c       0x20 CMakeFiles/blink.dir/home/dmytro/Documents/pico/pico-sdk/src/rp2_common/pico_stdio_usb/stdio_usb.c.obj
                0x000000001000560c                tud_cdc_rx_cb
 .text.stdio_usb_init
                0x000000001000562c      0x12c CMakeFiles/blink.dir/home/dmytro/Documents/pico/pico-sdk/src/rp2_common/pico_stdio_usb/stdio_usb.c.obj
                0x000000001000562c                stdio_usb_init
 .text.stdio_usb_connected
                0x0000000010005758        0xa CMakeFiles/blink.dir/home/dmytro/Documents/pico/pico-sdk/src/rp2_common/pico_stdio_usb/stdio_usb.c.obj
                0x0000000010005758                stdio_usb_connected
 *fill*         0x0000000010005762        0x2 
 .text.stdio_usb_in_chars
                0x0000000010005764       0xc4 CMakeFiles/blink.dir/home/dmytro/Documents/pico/pico-sdk/src/rp2_common/pico_stdio_usb/stdio_usb.c.obj
                0x0000000010005764                stdio_usb_in_chars
 .text.stdio_usb_out_chars
                0x0000000010005828      0x114 CMakeFiles/blink.dir/home/dmytro/Documents/pico/pico-sdk/src/rp2_common/pico_stdio_usb/stdio_usb.c.obj
 .text.tud_descriptor_device_cb
                0x000000001000593c        0x8 CMakeFiles/blink.dir/home/dmytro/Documents/pico/pico-sdk/src/rp2_common/pico_stdio_usb/stdio_usb_descriptors.c.obj
                0x000000001000593c                tud_descriptor_device_cb
 .text.tud_descriptor_configuration_cb
                0x0000000010005944        0x8 CMakeFiles/blink.dir/home/dmytro/Documents/pico/pico-sdk/src/rp2_common/pico_stdio_usb/stdio_usb_descriptors.c.obj
                0x0000000010005944                tud_descriptor_configuration_cb
 .text.tud_descriptor_string_cb
                0x000000001000594c       0x6c CMakeFiles/blink.dir/home/dmytro/Documents/pico/pico-sdk/src/rp2_common/pico_stdio_usb/stdio_usb_descriptors.c.obj
                0x000000001000594c                tud_descriptor_string_cb
 .text._retrieve_unique_id_on_boot
                0x00000000100059b8       0x10 CMakeFiles/blink.dir/home/dmytro/Documents/pico/pico-sdk/src/rp2_common/pico_unique_id/unique_id.c.obj
 .text.pico_get_unique_board_id_string
                0x00000000100059c8       0x60 CMakeFiles/blink.dir/home/dmytro/Documents/pico/pico-sdk/src/rp2_common/pico_unique_id/unique_id.c.obj
                0x00000000100059c8                pico_get_unique_board_id_string
 .text.flash_get_unique_id
                0x0000000010005a28       0x46 CMakeFiles/blink.dir/home/dmytro/Documents/pico/pico-sdk/src/rp2_common/hardware_flash/flash.c.obj
                0x0000000010005a28                flash_get_unique_id
 *fill*         0x0000000010005a6e        0x2 
 .text.hw_endpoint_get_by_addr
                0x0000000010005a70       0x18 CMakeFiles/blink.dir/home/dmytro/Documents/pico/pico-sdk/lib/tinyusb/src/portable/raspberrypi/rp2040/dcd_rp2040.c.obj
 .text._hw_endpoint_alloc
                0x0000000010005a88       0x70 CMakeFiles/blink.dir/home/dmytro/Documents/pico/pico-sdk/lib/tinyusb/src/portable/raspberrypi/rp2040/dcd_rp2040.c.obj
 .text.hw_endpoint_init
                0x0000000010005af8       0x88 CMakeFiles/blink.dir/home/dmytro/Documents/pico/pico-sdk/lib/tinyusb/src/portable/raspberrypi/rp2040/dcd_rp2040.c.obj
 .text.hw_endpoint_xfer
                0x0000000010005b80       0x14 CMakeFiles/blink.dir/home/dmytro/Documents/pico/pico-sdk/lib/tinyusb/src/portable/raspberrypi/rp2040/dcd_rp2040.c.obj
 .text.dcd_int_enable
                0x0000000010005b94       0x2c CMakeFiles/blink.dir/home/dmytro/Documents/pico/pico-sdk/lib/tinyusb/src/portable/raspberrypi/rp2040/dcd_rp2040.c.obj
                0x0000000010005b94                dcd_int_enable
 .text.dcd_set_address
                0x0000000010005bc0       0x2c CMakeFiles/blink.dir/home/dmytro/Documents/pico/pico-sdk/lib/tinyusb/src/portable/raspberrypi/rp2040/dcd_rp2040.c.obj
                0x0000000010005bc0                dcd_set_address
 .text.dcd_connect
                0x0000000010005bec       0x10 CMakeFiles/blink.dir/home/dmytro/Documents/pico/pico-sdk/lib/tinyusb/src/portable/raspberrypi/rp2040/dcd_rp2040.c.obj
                0x0000000010005bec                dcd_connect
 .text.dcd_init
                0x0000000010005bfc       0x80 CMakeFiles/blink.dir/home/dmytro/Documents/pico/pico-sdk/lib/tinyusb/src/portable/raspberrypi/rp2040/dcd_rp2040.c.obj
                0x0000000010005bfc                dcd_init
 .text.dcd_edpt0_status_complete
                0x0000000010005c7c       0x1c CMakeFiles/blink.dir/home/dmytro/Documents/pico/pico-sdk/lib/tinyusb/src/portable/raspberrypi/rp2040/dcd_rp2040.c.obj
                0x0000000010005c7c                dcd_edpt0_status_complete
 .text.dcd_edpt_open
                0x0000000010005c98       0x40 CMakeFiles/blink.dir/home/dmytro/Documents/pico/pico-sdk/lib/tinyusb/src/portable/raspberrypi/rp2040/dcd_rp2040.c.obj
                0x0000000010005c98                dcd_edpt_open
 .text.dcd_edpt_close_all
                0x0000000010005cd8        0x8 CMakeFiles/blink.dir/home/dmytro/Documents/pico/pico-sdk/lib/tinyusb/src/portable/raspberrypi/rp2040/dcd_rp2040.c.obj
                0x0000000010005cd8                dcd_edpt_close_all
 .text.dcd_edpt_xfer
                0x0000000010005ce0       0x34 CMakeFiles/blink.dir/home/dmytro/Documents/pico/pico-sdk/lib/tinyusb/src/portable/raspberrypi/rp2040/dcd_rp2040.c.obj
                0x0000000010005ce0                dcd_edpt_xfer
 .text.dcd_edpt_stall
                0x0000000010005d14       0x2c CMakeFiles/blink.dir/home/dmytro/Documents/pico/pico-sdk/lib/tinyusb/src/portable/raspberrypi/rp2040/dcd_rp2040.c.obj
                0x0000000010005d14                dcd_edpt_stall
 .text.dcd_edpt_clear_stall
                0x0000000010005d40       0x20 CMakeFiles/blink.dir/home/dmytro/Documents/pico/pico-sdk/lib/tinyusb/src/portable/raspberrypi/rp2040/dcd_rp2040.c.obj
                0x0000000010005d40                dcd_edpt_clear_stall
 .text.rp2040_usb_init
                0x0000000010005d60       0x4c CMakeFiles/blink.dir/home/dmytro/Documents/pico/pico-sdk/lib/tinyusb/src/portable/raspberrypi/rp2040/rp2040_usb.c.obj
                0x0000000010005d60                rp2040_usb_init
 .text.hw_endpoint_xfer_start
                0x0000000010005dac       0x50 CMakeFiles/blink.dir/home/dmytro/Documents/pico/pico-sdk/lib/tinyusb/src/portable/raspberrypi/rp2040/rp2040_usb.c.obj
                0x0000000010005dac                hw_endpoint_xfer_start
 .text.configuration_reset
                0x0000000010005dfc       0x84 CMakeFiles/blink.dir/home/dmytro/Documents/pico/pico-sdk/lib/tinyusb/src/device/usbd.c.obj
 .text.usbd_reset
                0x0000000010005e80        0xc CMakeFiles/blink.dir/home/dmytro/Documents/pico/pico-sdk/lib/tinyusb/src/device/usbd.c.obj
 .text.invoke_class_control
                0x0000000010005e8c       0x1a CMakeFiles/blink.dir/home/dmytro/Documents/pico/pico-sdk/lib/tinyusb/src/device/usbd.c.obj
 *fill*         0x0000000010005ea6        0x2 
 .text.process_set_config
                0x0000000010005ea8      0x178 CMakeFiles/blink.dir/home/dmytro/Documents/pico/pico-sdk/lib/tinyusb/src/device/usbd.c.obj
 .text.process_get_descriptor
                0x0000000010006020       0xdc CMakeFiles/blink.dir/home/dmytro/Documents/pico/pico-sdk/lib/tinyusb/src/device/usbd.c.obj
 .text.tud_mounted
                0x00000000100060fc       0x10 CMakeFiles/blink.dir/home/dmytro/Documents/pico/pico-sdk/lib/tinyusb/src/device/usbd.c.obj
                0x00000000100060fc                tud_mounted
 .text.tud_suspended
                0x000000001000610c       0x10 CMakeFiles/blink.dir/home/dmytro/Documents/pico/pico-sdk/lib/tinyusb/src/device/usbd.c.obj
                0x000000001000610c                tud_suspended
 .text.tud_inited
                0x000000001000611c       0x14 CMakeFiles/blink.dir/home/dmytro/Documents/pico/pico-sdk/lib/tinyusb/src/device/usbd.c.obj
                0x000000001000611c                tud_inited
 .text.tud_init
                0x0000000010006130       0xcc CMakeFiles/blink.dir/home/dmytro/Documents/pico/pico-sdk/lib/tinyusb/src/device/usbd.c.obj
                0x0000000010006130                tud_init
 .text.usbd_defer_func
                0x00000000100061fc       0x2a CMakeFiles/blink.dir/home/dmytro/Documents/pico/pico-sdk/lib/tinyusb/src/device/usbd.c.obj
                0x00000000100061fc                usbd_defer_func
 *fill*         0x0000000010006226        0x2 
 .text.usbd_edpt_open
                0x0000000010006228       0x34 CMakeFiles/blink.dir/home/dmytro/Documents/pico/pico-sdk/lib/tinyusb/src/device/usbd.c.obj
                0x0000000010006228                usbd_edpt_open
 .text.usbd_open_edpt_pair
                0x000000001000625c       0x62 CMakeFiles/blink.dir/home/dmytro/Documents/pico/pico-sdk/lib/tinyusb/src/device/usbd.c.obj
                0x000000001000625c                usbd_open_edpt_pair
 *fill*         0x00000000100062be        0x2 
 .text.usbd_edpt_claim
                0x00000000100062c0       0x28 CMakeFiles/blink.dir/home/dmytro/Documents/pico/pico-sdk/lib/tinyusb/src/device/usbd.c.obj
                0x00000000100062c0                usbd_edpt_claim
 .text.usbd_edpt_release
                0x00000000100062e8       0x28 CMakeFiles/blink.dir/home/dmytro/Documents/pico/pico-sdk/lib/tinyusb/src/device/usbd.c.obj
                0x00000000100062e8                usbd_edpt_release
 .text.usbd_edpt_xfer
                0x0000000010006310       0x78 CMakeFiles/blink.dir/home/dmytro/Documents/pico/pico-sdk/lib/tinyusb/src/device/usbd.c.obj
                0x0000000010006310                usbd_edpt_xfer
 .text.usbd_edpt_stall
                0x0000000010006388       0x48 CMakeFiles/blink.dir/home/dmytro/Documents/pico/pico-sdk/lib/tinyusb/src/device/usbd.c.obj
                0x0000000010006388                usbd_edpt_stall
 .text.usbd_edpt_clear_stall
                0x00000000100063d0       0x48 CMakeFiles/blink.dir/home/dmytro/Documents/pico/pico-sdk/lib/tinyusb/src/device/usbd.c.obj
                0x00000000100063d0                usbd_edpt_clear_stall
 .text.usbd_edpt_stalled
                0x0000000010006418       0x1c CMakeFiles/blink.dir/home/dmytro/Documents/pico/pico-sdk/lib/tinyusb/src/device/usbd.c.obj
                0x0000000010006418                usbd_edpt_stalled
 .text.process_control_request
                0x0000000010006434      0x37c CMakeFiles/blink.dir/home/dmytro/Documents/pico/pico-sdk/lib/tinyusb/src/device/usbd.c.obj
 .text.tud_task_ext
                0x00000000100067b0      0x1b4 CMakeFiles/blink.dir/home/dmytro/Documents/pico/pico-sdk/lib/tinyusb/src/device/usbd.c.obj
                0x00000000100067b0                tud_task_ext
 .text._data_stage_xact
                0x0000000010006964       0x58 CMakeFiles/blink.dir/home/dmytro/Documents/pico/pico-sdk/lib/tinyusb/src/device/usbd_control.c.obj
 .text.tud_control_status
                0x00000000100069bc       0x38 CMakeFiles/blink.dir/home/dmytro/Documents/pico/pico-sdk/lib/tinyusb/src/device/usbd_control.c.obj
                0x00000000100069bc                tud_control_status
 .text.tud_control_xfer
                0x00000000100069f4       0x74 CMakeFiles/blink.dir/home/dmytro/Documents/pico/pico-sdk/lib/tinyusb/src/device/usbd_control.c.obj
                0x00000000100069f4                tud_control_xfer
 .text.usbd_control_reset
                0x0000000010006a68       0x14 CMakeFiles/blink.dir/home/dmytro/Documents/pico/pico-sdk/lib/tinyusb/src/device/usbd_control.c.obj
                0x0000000010006a68                usbd_control_reset
 .text.usbd_control_set_complete_callback
                0x0000000010006a7c        0xc CMakeFiles/blink.dir/home/dmytro/Documents/pico/pico-sdk/lib/tinyusb/src/device/usbd_control.c.obj
                0x0000000010006a7c                usbd_control_set_complete_callback
 .text.usbd_control_set_request
                0x0000000010006a88       0x1c CMakeFiles/blink.dir/home/dmytro/Documents/pico/pico-sdk/lib/tinyusb/src/device/usbd_control.c.obj
                0x0000000010006a88                usbd_control_set_request
 .text.usbd_control_xfer_cb
                0x0000000010006aa4       0xcc CMakeFiles/blink.dir/home/dmytro/Documents/pico/pico-sdk/lib/tinyusb/src/device/usbd_control.c.obj
                0x0000000010006aa4                usbd_control_xfer_cb
 .text._prep_out_transaction
                0x0000000010006b70       0x4a CMakeFiles/blink.dir/home/dmytro/Documents/pico/pico-sdk/lib/tinyusb/src/class/cdc/cdc_device.c.obj
 *fill*         0x0000000010006bba        0x2 
 .text.tud_cdc_n_connected
                0x0000000010006bbc       0x44 CMakeFiles/blink.dir/home/dmytro/Documents/pico/pico-sdk/lib/tinyusb/src/class/cdc/cdc_device.c.obj
                0x0000000010006bbc                tud_cdc_n_connected
 .text.tud_cdc_n_available
                0x0000000010006c00       0x18 CMakeFiles/blink.dir/home/dmytro/Documents/pico/pico-sdk/lib/tinyusb/src/class/cdc/cdc_device.c.obj
                0x0000000010006c00                tud_cdc_n_available
 .text.tud_cdc_n_read
                0x0000000010006c18       0x28 CMakeFiles/blink.dir/home/dmytro/Documents/pico/pico-sdk/lib/tinyusb/src/class/cdc/cdc_device.c.obj
                0x0000000010006c18                tud_cdc_n_read
 .text.tud_cdc_n_write_flush
                0x0000000010006c40       0xb8 CMakeFiles/blink.dir/home/dmytro/Documents/pico/pico-sdk/lib/tinyusb/src/class/cdc/cdc_device.c.obj
                0x0000000010006c40                tud_cdc_n_write_flush
 .text.tud_cdc_n_write
                0x0000000010006cf8       0x38 CMakeFiles/blink.dir/home/dmytro/Documents/pico/pico-sdk/lib/tinyusb/src/class/cdc/cdc_device.c.obj
                0x0000000010006cf8                tud_cdc_n_write
 .text.tud_cdc_n_write_available
                0x0000000010006d30       0x1c CMakeFiles/blink.dir/home/dmytro/Documents/pico/pico-sdk/lib/tinyusb/src/class/cdc/cdc_device.c.obj
                0x0000000010006d30                tud_cdc_n_write_available
 .text.cdcd_init
                0x0000000010006d4c       0xbc CMakeFiles/blink.dir/home/dmytro/Documents/pico/pico-sdk/lib/tinyusb/src/class/cdc/cdc_device.c.obj
                0x0000000010006d4c                cdcd_init
 .text.cdcd_reset
                0x0000000010006e08       0x44 CMakeFiles/blink.dir/home/dmytro/Documents/pico/pico-sdk/lib/tinyusb/src/class/cdc/cdc_device.c.obj
                0x0000000010006e08                cdcd_reset
 .text.cdcd_open
                0x0000000010006e4c       0xcc CMakeFiles/blink.dir/home/dmytro/Documents/pico/pico-sdk/lib/tinyusb/src/class/cdc/cdc_device.c.obj
                0x0000000010006e4c                cdcd_open
 .text.cdcd_control_xfer_cb
                0x0000000010006f18      0x134 CMakeFiles/blink.dir/home/dmytro/Documents/pico/pico-sdk/lib/tinyusb/src/class/cdc/cdc_device.c.obj
                0x0000000010006f18                cdcd_control_xfer_cb
 .text.cdcd_xfer_cb
                0x000000001000704c      0x130 CMakeFiles/blink.dir/home/dmytro/Documents/pico/pico-sdk/lib/tinyusb/src/class/cdc/cdc_device.c.obj
                0x000000001000704c                cdcd_xfer_cb
 .text.tusb_init
                0x000000001000717c        0xa CMakeFiles/blink.dir/home/dmytro/Documents/pico/pico-sdk/lib/tinyusb/src/tusb.c.obj
                0x000000001000717c                tusb_init
 .text.tusb_inited
                0x0000000010007186        0xe CMakeFiles/blink.dir/home/dmytro/Documents/pico/pico-sdk/lib/tinyusb/src/tusb.c.obj
                0x0000000010007186                tusb_inited
 .text.tu_edpt_claim
                0x0000000010007194       0x50 CMakeFiles/blink.dir/home/dmytro/Documents/pico/pico-sdk/lib/tinyusb/src/tusb.c.obj
                0x0000000010007194                tu_edpt_claim
 .text.tu_edpt_release
                0x00000000100071e4       0x3c CMakeFiles/blink.dir/home/dmytro/Documents/pico/pico-sdk/lib/tinyusb/src/tusb.c.obj
                0x00000000100071e4                tu_edpt_release
 .text.tu_edpt_validate
                0x0000000010007220       0x78 CMakeFiles/blink.dir/home/dmytro/Documents/pico/pico-sdk/lib/tinyusb/src/tusb.c.obj
                0x0000000010007220                tu_edpt_validate
 .text.tu_edpt_bind_driver
                0x0000000010007298       0x26 CMakeFiles/blink.dir/home/dmytro/Documents/pico/pico-sdk/lib/tinyusb/src/tusb.c.obj
                0x0000000010007298                tu_edpt_bind_driver
 .text.advance_index
                0x00000000100072be       0x1a CMakeFiles/blink.dir/home/dmytro/Documents/pico/pico-sdk/lib/tinyusb/src/common/tusb_fifo.c.obj
 .text._tu_fifo_peek
                0x00000000100072d8       0x56 CMakeFiles/blink.dir/home/dmytro/Documents/pico/pico-sdk/lib/tinyusb/src/common/tusb_fifo.c.obj
 .text._ff_pull_const_addr
                0x000000001000732e       0x4c CMakeFiles/blink.dir/home/dmytro/Documents/pico/pico-sdk/lib/tinyusb/src/common/tusb_fifo.c.obj
 .text._ff_pull_n
                0x000000001000737a      0x110 CMakeFiles/blink.dir/home/dmytro/Documents/pico/pico-sdk/lib/tinyusb/src/common/tusb_fifo.c.obj
 .text._tu_fifo_peek_n
                0x000000001000748a       0x6a CMakeFiles/blink.dir/home/dmytro/Documents/pico/pico-sdk/lib/tinyusb/src/common/tusb_fifo.c.obj
 .text._tu_fifo_read_n
                0x00000000100074f4       0x4e CMakeFiles/blink.dir/home/dmytro/Documents/pico/pico-sdk/lib/tinyusb/src/common/tusb_fifo.c.obj
 .text._ff_push_const_addr
                0x0000000010007542       0x40 CMakeFiles/blink.dir/home/dmytro/Documents/pico/pico-sdk/lib/tinyusb/src/common/tusb_fifo.c.obj
 .text._ff_push_n
                0x0000000010007582      0x10c CMakeFiles/blink.dir/home/dmytro/Documents/pico/pico-sdk/lib/tinyusb/src/common/tusb_fifo.c.obj
 .text._tu_fifo_write_n
                0x000000001000768e       0xf0 CMakeFiles/blink.dir/home/dmytro/Documents/pico/pico-sdk/lib/tinyusb/src/common/tusb_fifo.c.obj
 .text.tu_fifo_config
                0x000000001000777e       0x7c CMakeFiles/blink.dir/home/dmytro/Documents/pico/pico-sdk/lib/tinyusb/src/common/tusb_fifo.c.obj
                0x000000001000777e                tu_fifo_config
 .text.tu_fifo_count
                0x00000000100077fa       0x2a CMakeFiles/blink.dir/home/dmytro/Documents/pico/pico-sdk/lib/tinyusb/src/common/tusb_fifo.c.obj
                0x00000000100077fa                tu_fifo_count
 .text.tu_fifo_empty
                0x0000000010007824       0x10 CMakeFiles/blink.dir/home/dmytro/Documents/pico/pico-sdk/lib/tinyusb/src/common/tusb_fifo.c.obj
                0x0000000010007824                tu_fifo_empty
 .text.tu_fifo_full
                0x0000000010007834       0x28 CMakeFiles/blink.dir/home/dmytro/Documents/pico/pico-sdk/lib/tinyusb/src/common/tusb_fifo.c.obj
                0x0000000010007834                tu_fifo_full
 .text.tu_fifo_remaining
                0x000000001000785c       0x2c CMakeFiles/blink.dir/home/dmytro/Documents/pico/pico-sdk/lib/tinyusb/src/common/tusb_fifo.c.obj
                0x000000001000785c                tu_fifo_remaining
 .text.tu_fifo_read
                0x0000000010007888       0x42 CMakeFiles/blink.dir/home/dmytro/Documents/pico/pico-sdk/lib/tinyusb/src/common/tusb_fifo.c.obj
                0x0000000010007888                tu_fifo_read
 .text.tu_fifo_read_n
                0x00000000100078ca        0xa CMakeFiles/blink.dir/home/dmytro/Documents/pico/pico-sdk/lib/tinyusb/src/common/tusb_fifo.c.obj
                0x00000000100078ca                tu_fifo_read_n
 .text.tu_fifo_write
                0x00000000100078d4       0x64 CMakeFiles/blink.dir/home/dmytro/Documents/pico/pico-sdk/lib/tinyusb/src/common/tusb_fifo.c.obj
                0x00000000100078d4                tu_fifo_write
 .text.tu_fifo_write_n
                0x0000000010007938        0xa CMakeFiles/blink.dir/home/dmytro/Documents/pico/pico-sdk/lib/tinyusb/src/common/tusb_fifo.c.obj
                0x0000000010007938                tu_fifo_write_n
 .text.tu_fifo_clear
                0x0000000010007942       0x3e CMakeFiles/blink.dir/home/dmytro/Documents/pico/pico-sdk/lib/tinyusb/src/common/tusb_fifo.c.obj
                0x0000000010007942                tu_fifo_clear
 .text.tu_fifo_set_overwritable
                0x0000000010007980       0x46 CMakeFiles/blink.dir/home/dmytro/Documents/pico/pico-sdk/lib/tinyusb/src/common/tusb_fifo.c.obj
                0x0000000010007980                tu_fifo_set_overwritable
 *fill*         0x00000000100079c6        0x2 
 .text.adc_init
                0x00000000100079c8       0x34 CMakeFiles/blink.dir/home/dmytro/Documents/pico/pico-sdk/src/rp2_common/hardware_adc/adc.c.obj
                0x00000000100079c8                adc_init
 .text.dma_claim_unused_channel
                0x00000000100079fc       0x20 CMakeFiles/blink.dir/home/dmytro/Documents/pico/pico-sdk/src/rp2_common/hardware_dma/dma.c.obj
                0x00000000100079fc                dma_claim_unused_channel
 .text          0x0000000010007a1c       0x28 /usr/lib/gcc/arm-none-eabi/10.3.1/../../../arm-none-eabi/lib/thumb/v6-m/nofp/libg.a(lib_a-malloc.o)
                0x0000000010007a1c                malloc
                0x0000000010007a30                free
 .text          0x0000000010007a44      0x574 /usr/lib/gcc/arm-none-eabi/10.3.1/../../../arm-none-eabi/lib/thumb/v6-m/nofp/libg.a(lib_a-mallocr.o)
                0x0000000010007a44                _malloc_r
 .text          0x0000000010007fb8        0x8 /usr/lib/gcc/arm-none-eabi/10.3.1/../../../arm-none-eabi/lib/thumb/v6-m/nofp/libg.a(lib_a-mlock.o)
                0x0000000010007fb8                __malloc_lock
                0x0000000010007fbc                __malloc_unlock
 .text          0x0000000010007fc0       0x24 /usr/lib/gcc/arm-none-eabi/10.3.1/../../../arm-none-eabi/lib/thumb/v6-m/nofp/libg.a(lib_a-sbrkr.o)
                0x0000000010007fc0                _sbrk_r
 .text          0x0000000010007fe4       0x5c /usr/lib/gcc/arm-none-eabi/10.3.1/../../../arm-none-eabi/lib/thumb/v6-m/nofp/libg.a(lib_a-strlen-stub.o)
                0x0000000010007fe4                strlen
 .text          0x0000000010008040      0x260 /usr/lib/gcc/arm-none-eabi/10.3.1/../../../arm-none-eabi/lib/thumb/v6-m/nofp/libg.a(lib_a-freer.o)
                0x0000000010008040                _malloc_trim_r
                0x00000000100080dc                _free_r
 *(.fini)
 .fini          0x00000000100082a0        0x4 /usr/lib/gcc/arm-none-eabi/10.3.1/thumb/v6-m/nofp/crti.o
                0x00000000100082a0                _fini
 *fill*         0x00000000100082a4        0x4 
 .fini.__stub   0x00000000100082a8       0xf0 linker stubs
 *crtbegin.o(.ctors)
 *crtbegin?.o(.ctors)
 *(EXCLUDE_FILE(*crtend.o *crtend?.o) .ctors)
 *(SORT_BY_NAME(.ctors.*))
 *(.ctors)
 *crtbegin.o(.dtors)
 *crtbegin?.o(.dtors)
 *(EXCLUDE_FILE(*crtend.o *crtend?.o) .dtors)
 *(SORT_BY_NAME(.dtors.*))
 *(.dtors)
 *(.eh_frame*)
 .eh_frame      0x0000000010008398        0x0 /usr/lib/gcc/arm-none-eabi/10.3.1/thumb/v6-m/nofp/crtbegin.o
                0x0000000010008398                . = ALIGN (0x4)

.glue_7         0x0000000010008398        0x0
 .glue_7        0x0000000010008398        0x0 linker stubs

.glue_7t        0x0000000010008398        0x0
 .glue_7t       0x0000000010008398        0x0 linker stubs

.vfp11_veneer   0x0000000010008398        0x0
 .vfp11_veneer  0x0000000010008398        0x0 linker stubs

.v4_bx          0x0000000010008398        0x0
 .v4_bx         0x0000000010008398        0x0 linker stubs

.iplt           0x0000000010008398        0x0
 .iplt          0x0000000010008398        0x0 /usr/lib/gcc/arm-none-eabi/10.3.1/thumb/v6-m/nofp/crtbegin.o

.rodata         0x0000000010008398     0x17a4
 *(EXCLUDE_FILE(*libm.a: *libc.a:*lib_a-mem*.o *libgcc.a:) .rodata*)
 .rodata._Z32compute_fft_and_print_magnitudesPsid.str1.4
                0x0000000010008398       0x3d CMakeFiles/blink.dir/main.cpp.obj
 *fill*         0x00000000100083d5        0x3 
 .rodata.main.str1.4
                0x00000000100083d8      0x12c CMakeFiles/blink.dir/main.cpp.obj
 .rodata.spin_lock_claim_unused.str1.4
                0x0000000010008504       0x1b CMakeFiles/blink.dir/home/dmytro/Documents/pico/pico-sdk/src/rp2_common/hardware_sync/sync.c.obj
 *fill*         0x000000001000851f        0x1 
 .rodata.make_branch.str1.4
                0x0000000010008520       0x77 CMakeFiles/blink.dir/home/dmytro/Documents/pico/pico-sdk/src/rp2_common/hardware_irq/irq.c.obj
 *fill*         0x0000000010008597        0x1 
 .rodata.insert_branch_and_link.str1.4
                0x0000000010008598       0x10 CMakeFiles/blink.dir/home/dmytro/Documents/pico/pico-sdk/src/rp2_common/hardware_irq/irq.c.obj
 .rodata.irq_set_exclusive_handler.str1.4
                0x00000000100085a8       0x36 CMakeFiles/blink.dir/home/dmytro/Documents/pico/pico-sdk/src/rp2_common/hardware_irq/irq.c.obj
 *fill*         0x00000000100085de        0x2 
 .rodata.irq_add_shared_handler.str1.4
                0x00000000100085e0       0xd9 CMakeFiles/blink.dir/home/dmytro/Documents/pico/pico-sdk/src/rp2_common/hardware_irq/irq.c.obj
 *fill*         0x00000000100086b9        0x3 
 .rodata.irq_remove_handler.str1.4
                0x00000000100086bc       0x3a CMakeFiles/blink.dir/home/dmytro/Documents/pico/pico-sdk/src/rp2_common/hardware_irq/irq.c.obj
 *fill*         0x00000000100086f6        0x2 
 .rodata.irq_add_tail_to_free_list.str1.4
                0x00000000100086f8       0x3a CMakeFiles/blink.dir/home/dmytro/Documents/pico/pico-sdk/src/rp2_common/hardware_irq/irq.c.obj
 *fill*         0x0000000010008732        0x2 
 .rodata.user_irq_claim_unused.str1.4
                0x0000000010008734       0x1b CMakeFiles/blink.dir/home/dmytro/Documents/pico/pico-sdk/src/rp2_common/hardware_irq/irq.c.obj
 *fill*         0x000000001000874f        0x1 
 .rodata.__func__.0
                0x0000000010008750       0x1a CMakeFiles/blink.dir/home/dmytro/Documents/pico/pico-sdk/src/rp2_common/hardware_irq/irq.c.obj
 *fill*         0x000000001000876a        0x2 
 .rodata.__func__.1
                0x000000001000876c       0x17 CMakeFiles/blink.dir/home/dmytro/Documents/pico/pico-sdk/src/rp2_common/hardware_irq/irq.c.obj
 *fill*         0x0000000010008783        0x1 
 .rodata.__func__.2
                0x0000000010008784       0x13 CMakeFiles/blink.dir/home/dmytro/Documents/pico/pico-sdk/src/rp2_common/hardware_irq/irq.c.obj
 *fill*         0x0000000010008797        0x1 
 .rodata.__func__.3
                0x0000000010008798        0xc CMakeFiles/blink.dir/home/dmytro/Documents/pico/pico-sdk/src/rp2_common/hardware_irq/irq.c.obj
 .rodata.__func__.4
                0x00000000100087a4        0xf CMakeFiles/blink.dir/home/dmytro/Documents/pico/pico-sdk/src/rp2_common/hardware_irq/irq.c.obj
 *fill*         0x00000000100087b3        0x1 
 .rodata.__func__.5
                0x00000000100087b4       0x17 CMakeFiles/blink.dir/home/dmytro/Documents/pico/pico-sdk/src/rp2_common/hardware_irq/irq.c.obj
 *fill*         0x00000000100087cb        0x1 
 .rodata.__func__.6
                0x00000000100087cc       0x1a CMakeFiles/blink.dir/home/dmytro/Documents/pico/pico-sdk/src/rp2_common/hardware_irq/irq.c.obj
 *fill*         0x00000000100087e6        0x2 
 .rodata.str1.4
                0x00000000100087e8      0x101 CMakeFiles/blink.dir/home/dmytro/Documents/pico/pico-sdk/src/common/pico_sync/mutex.c.obj
 *fill*         0x00000000100088e9        0x3 
 .rodata.__func__.1
                0x00000000100088ec        0xb CMakeFiles/blink.dir/home/dmytro/Documents/pico/pico-sdk/src/common/pico_sync/mutex.c.obj
 *fill*         0x00000000100088f7        0x1 
 .rodata.__func__.3
                0x00000000100088f8       0x18 CMakeFiles/blink.dir/home/dmytro/Documents/pico/pico-sdk/src/common/pico_sync/mutex.c.obj
 .rodata.__func__.4
                0x0000000010008910       0x15 CMakeFiles/blink.dir/home/dmytro/Documents/pico/pico-sdk/src/common/pico_sync/mutex.c.obj
 *fill*         0x0000000010008925        0x3 
 .rodata.repeating_timer_callback.str1.4
                0x0000000010008928       0x55 CMakeFiles/blink.dir/home/dmytro/Documents/pico/pico-sdk/src/common/pico_time/time.c.obj
 *fill*         0x000000001000897d        0x3 
 .rodata.timer_pool_entry_comparator.str1.4
                0x0000000010008980       0x22 CMakeFiles/blink.dir/home/dmytro/Documents/pico/pico-sdk/src/common/pico_time/time.c.obj
 *fill*         0x00000000100089a2        0x2 
 .rodata.ph_add_child_node.str1.4
                0x00000000100089a4       0x9e CMakeFiles/blink.dir/home/dmytro/Documents/pico/pico-sdk/src/common/pico_time/time.c.obj
 *fill*         0x0000000010008a42        0x2 
 .rodata.add_alarm_under_lock.str1.4
                0x0000000010008a44       0x28 CMakeFiles/blink.dir/home/dmytro/Documents/pico/pico-sdk/src/common/pico_time/time.c.obj
                                         0x2b (size before relaxing)
 .rodata.alarm_pool_alarm_callback.str1.4
                0x0000000010008a6c       0x98 CMakeFiles/blink.dir/home/dmytro/Documents/pico/pico-sdk/src/common/pico_time/time.c.obj
                                        0x104 (size before relaxing)
 .rodata.alarm_pool_get_default.str1.4
                0x0000000010008b04       0x21 CMakeFiles/blink.dir/home/dmytro/Documents/pico/pico-sdk/src/common/pico_time/time.c.obj
 *fill*         0x0000000010008b25        0x3 
 .rodata.alarm_pool_cancel_alarm.str1.4
                0x0000000010008b28       0x27 CMakeFiles/blink.dir/home/dmytro/Documents/pico/pico-sdk/src/common/pico_time/time.c.obj
 *fill*         0x0000000010008b4f        0x1 
 .rodata.sleep_until.str1.4
                0x0000000010008b50       0x4d CMakeFiles/blink.dir/home/dmytro/Documents/pico/pico-sdk/src/common/pico_time/time.c.obj
 *fill*         0x0000000010008b9d        0x3 
 .rodata.__func__.1
                0x0000000010008ba0       0x18 CMakeFiles/blink.dir/home/dmytro/Documents/pico/pico-sdk/src/common/pico_time/time.c.obj
 .rodata.__func__.10
                0x0000000010008bb8       0x15 CMakeFiles/blink.dir/home/dmytro/Documents/pico/pico-sdk/src/common/pico_time/time.c.obj
 *fill*         0x0000000010008bcd        0x3 
 .rodata.__func__.11
                0x0000000010008bd0       0x1a CMakeFiles/blink.dir/home/dmytro/Documents/pico/pico-sdk/src/common/pico_time/time.c.obj
 *fill*         0x0000000010008bea        0x2 
 .rodata.__func__.12
                0x0000000010008bec        0xa CMakeFiles/blink.dir/home/dmytro/Documents/pico/pico-sdk/src/common/pico_time/time.c.obj
 *fill*         0x0000000010008bf6        0x2 
 .rodata.__func__.3
                0x0000000010008bf8       0x17 CMakeFiles/blink.dir/home/dmytro/Documents/pico/pico-sdk/src/common/pico_time/time.c.obj
 *fill*         0x0000000010008c0f        0x1 
 .rodata.__func__.4
                0x0000000010008c10       0x12 CMakeFiles/blink.dir/home/dmytro/Documents/pico/pico-sdk/src/common/pico_time/time.c.obj
 *fill*         0x0000000010008c22        0x2 
 .rodata.__func__.5
                0x0000000010008c24        0xd CMakeFiles/blink.dir/home/dmytro/Documents/pico/pico-sdk/src/common/pico_time/time.c.obj
 *fill*         0x0000000010008c31        0x3 
 .rodata.__func__.6
                0x0000000010008c34       0x12 CMakeFiles/blink.dir/home/dmytro/Documents/pico/pico-sdk/src/common/pico_time/time.c.obj
 *fill*         0x0000000010008c46        0x2 
 .rodata.__func__.7
                0x0000000010008c48        0xf CMakeFiles/blink.dir/home/dmytro/Documents/pico/pico-sdk/src/common/pico_time/time.c.obj
 *fill*         0x0000000010008c57        0x1 
 .rodata.__func__.8
                0x0000000010008c58        0xc CMakeFiles/blink.dir/home/dmytro/Documents/pico/pico-sdk/src/common/pico_time/time.c.obj
 .rodata.__func__.9
                0x0000000010008c64       0x15 CMakeFiles/blink.dir/home/dmytro/Documents/pico/pico-sdk/src/common/pico_time/time.c.obj
 *fill*         0x0000000010008c79        0x3 
 .rodata.hardware_alarm_claim.str1.4
                0x0000000010008c7c       0x22 CMakeFiles/blink.dir/home/dmytro/Documents/pico/pico-sdk/src/rp2_common/hardware_timer/timer.c.obj
 *fill*         0x0000000010008c9e        0x2 
 .rodata.hardware_alarm_set_target.str1.4
                0x0000000010008ca0       0x6f CMakeFiles/blink.dir/home/dmytro/Documents/pico/pico-sdk/src/rp2_common/hardware_timer/timer.c.obj
 *fill*         0x0000000010008d0f        0x1 
 .rodata.__func__.0
                0x0000000010008d10       0x1a CMakeFiles/blink.dir/home/dmytro/Documents/pico/pico-sdk/src/rp2_common/hardware_timer/timer.c.obj
 .rodata.ph_add_child_node.str1.4
                0x0000000010008d2a       0x9e CMakeFiles/blink.dir/home/dmytro/Documents/pico/pico-sdk/src/common/pico_util/pheap.c.obj
 *fill*         0x0000000010008d2a        0x2 
 .rodata.ph_remove_any_head.str1.4
                0x0000000010008d2c       0x98 CMakeFiles/blink.dir/home/dmytro/Documents/pico/pico-sdk/src/common/pico_util/pheap.c.obj
                                         0xac (size before relaxing)
 .rodata.ph_remove_and_free_node.str1.4
                0x0000000010008dc4       0x1e CMakeFiles/blink.dir/home/dmytro/Documents/pico/pico-sdk/src/common/pico_util/pheap.c.obj
                                         0x26 (size before relaxing)
 *fill*         0x0000000010008de2        0x2 
 .rodata.__func__.0
                0x0000000010008de4       0x18 CMakeFiles/blink.dir/home/dmytro/Documents/pico/pico-sdk/src/common/pico_util/pheap.c.obj
 .rodata.__func__.1
                0x0000000010008dfc       0x13 CMakeFiles/blink.dir/home/dmytro/Documents/pico/pico-sdk/src/common/pico_util/pheap.c.obj
 *fill*         0x0000000010008e0f        0x1 
 .rodata.__func__.2
                0x0000000010008e10       0x12 CMakeFiles/blink.dir/home/dmytro/Documents/pico/pico-sdk/src/common/pico_util/pheap.c.obj
 *fill*         0x0000000010008e22        0x2 
 .rodata.__func__.3
                0x0000000010008e24        0xc CMakeFiles/blink.dir/home/dmytro/Documents/pico/pico-sdk/src/common/pico_util/pheap.c.obj
 .rodata.clock_configure.str1.4
                0x0000000010008e30       0x61 CMakeFiles/blink.dir/home/dmytro/Documents/pico/pico-sdk/src/rp2_common/hardware_clocks/clocks.c.obj
 *fill*         0x0000000010008e91        0x3 
 .rodata.__func__.1
                0x0000000010008e94       0x10 CMakeFiles/blink.dir/home/dmytro/Documents/pico/pico-sdk/src/rp2_common/hardware_clocks/clocks.c.obj
 .rodata.pll_init.str1.4
                0x0000000010008ea4      0x12b CMakeFiles/blink.dir/home/dmytro/Documents/pico/pico-sdk/src/rp2_common/hardware_pll/pll.c.obj
 *fill*         0x0000000010008fcf        0x1 
 .rodata.__func__.0
                0x0000000010008fd0        0x9 CMakeFiles/blink.dir/home/dmytro/Documents/pico/pico-sdk/src/rp2_common/hardware_pll/pll.c.obj
 *fill*         0x0000000010008fd9        0x3 
 .rodata.__assert_func.str1.4
                0x0000000010008fdc       0x3f CMakeFiles/blink.dir/home/dmytro/Documents/pico/pico-sdk/src/rp2_common/pico_runtime/runtime.c.obj
                                         0x43 (size before relaxing)
 *fill*         0x000000001000901b        0x1 
 .rodata.runtime_init.str1.4
                0x000000001000901c       0x6b CMakeFiles/blink.dir/home/dmytro/Documents/pico/pico-sdk/src/rp2_common/pico_runtime/runtime.c.obj
 *fill*         0x0000000010009087        0x1 
 .rodata.panic.str1.4
                0x0000000010009088       0x12 CMakeFiles/blink.dir/home/dmytro/Documents/pico/pico-sdk/src/rp2_common/pico_runtime/runtime.c.obj
 *fill*         0x000000001000909a        0x2 
 .rodata.__func__.2
                0x000000001000909c        0xd CMakeFiles/blink.dir/home/dmytro/Documents/pico/pico-sdk/src/rp2_common/pico_runtime/runtime.c.obj
 *fill*         0x00000000100090a9        0x3 
 .rodata._ftoa.str1.4
                0x00000000100090ac       0x15 CMakeFiles/blink.dir/home/dmytro/Documents/pico/pico-sdk/src/rp2_common/pico_printf/printf.c.obj
 *fill*         0x00000000100090c1        0x3 
 .rodata._vsnprintf
                0x00000000100090c4      0x1e0 CMakeFiles/blink.dir/home/dmytro/Documents/pico/pico-sdk/src/rp2_common/pico_printf/printf.c.obj
 *fill*         0x00000000100092a4        0x4 
 .rodata.pow10.0
                0x00000000100092a8       0x50 CMakeFiles/blink.dir/home/dmytro/Documents/pico/pico-sdk/src/rp2_common/pico_printf/printf.c.obj
 .rodata.__aeabi_double_init.str1.4
                0x00000000100092f8       0xb2 CMakeFiles/blink.dir/home/dmytro/Documents/pico/pico-sdk/src/rp2_common/pico_double/double_init_rom.c.obj
 *fill*         0x00000000100093aa        0x2 
 .rodata.__func__.0
                0x00000000100093ac       0x14 CMakeFiles/blink.dir/home/dmytro/Documents/pico/pico-sdk/src/rp2_common/pico_double/double_init_rom.c.obj
 .rodata.__aeabi_float_init.str1.4
                0x00000000100093c0       0x84 CMakeFiles/blink.dir/home/dmytro/Documents/pico/pico-sdk/src/rp2_common/pico_float/float_init_rom.c.obj
                                         0x88 (size before relaxing)
 .rodata.__func__.0
                0x0000000010009444       0x13 CMakeFiles/blink.dir/home/dmytro/Documents/pico/pico-sdk/src/rp2_common/pico_float/float_init_rom.c.obj
 *fill*         0x0000000010009457        0x1 
 .rodata.__wrap_malloc.str1.4
                0x0000000010009458        0xe CMakeFiles/blink.dir/home/dmytro/Documents/pico/pico-sdk/src/rp2_common/pico_malloc/pico_malloc.c.obj
 *fill*         0x0000000010009466        0x2 
 .rodata.str1.4
                0x0000000010009468       0x40 CMakeFiles/blink.dir/home/dmytro/Documents/pico/pico-sdk/src/rp2_common/pico_standard_link/binary_info.c.obj
 .rodata.__bi_44
                0x00000000100094a8        0xc CMakeFiles/blink.dir/home/dmytro/Documents/pico/pico-sdk/src/rp2_common/pico_standard_link/binary_info.c.obj
 .rodata.__bi_75
                0x00000000100094b4        0xc CMakeFiles/blink.dir/home/dmytro/Documents/pico/pico-sdk/src/rp2_common/pico_standard_link/binary_info.c.obj
 .rodata.__bi_81
                0x00000000100094c0        0xc CMakeFiles/blink.dir/home/dmytro/Documents/pico/pico-sdk/src/rp2_common/pico_standard_link/binary_info.c.obj
 .rodata.stdout_serialize_begin.str1.4
                0x00000000100094cc       0x6b CMakeFiles/blink.dir/home/dmytro/Documents/pico/pico-sdk/src/rp2_common/pico_stdio/stdio.c.obj
 .rodata.__func__.3
                0x00000000100094cc       0x15 CMakeFiles/blink.dir/home/dmytro/Documents/pico/pico-sdk/src/rp2_common/pico_stdio/stdio.c.obj
 *fill*         0x00000000100094e1        0x3 
 .rodata.crlf_str.2
                0x00000000100094e4        0x2 CMakeFiles/blink.dir/home/dmytro/Documents/pico/pico-sdk/src/rp2_common/pico_stdio/stdio.c.obj
 *fill*         0x00000000100094e6        0x2 
 .rodata._resetd_driver
                0x00000000100094e8       0x18 CMakeFiles/blink.dir/home/dmytro/Documents/pico/pico-sdk/src/rp2_common/pico_stdio_usb/reset_interface.c.obj
 .rodata.low_priority_worker_irq.str1.4
                0x0000000010009500       0x6b CMakeFiles/blink.dir/home/dmytro/Documents/pico/pico-sdk/src/rp2_common/pico_stdio_usb/stdio_usb.c.obj
 .rodata.stdio_usb_init.str1.4
                0x0000000010009500       0x4f CMakeFiles/blink.dir/home/dmytro/Documents/pico/pico-sdk/src/rp2_common/pico_stdio_usb/stdio_usb.c.obj
                                         0x57 (size before relaxing)
 *fill*         0x000000001000954f        0x1 
 .rodata.str1.4
                0x0000000010009550       0x13 CMakeFiles/blink.dir/home/dmytro/Documents/pico/pico-sdk/src/rp2_common/pico_stdio_usb/stdio_usb.c.obj
 *fill*         0x0000000010009563        0x1 
 .rodata.__bi_188.0
                0x0000000010009564        0xc CMakeFiles/blink.dir/home/dmytro/Documents/pico/pico-sdk/src/rp2_common/pico_stdio_usb/stdio_usb.c.obj
 .rodata.__func__.1
                0x0000000010009570        0xf CMakeFiles/blink.dir/home/dmytro/Documents/pico/pico-sdk/src/rp2_common/pico_stdio_usb/stdio_usb.c.obj
 *fill*         0x000000001000957f        0x1 
 .rodata.__func__.3
                0x0000000010009580       0x15 CMakeFiles/blink.dir/home/dmytro/Documents/pico/pico-sdk/src/rp2_common/pico_stdio_usb/stdio_usb.c.obj
 *fill*         0x0000000010009595        0x3 
 .rodata.str1.4
                0x0000000010009598       0x2a CMakeFiles/blink.dir/home/dmytro/Documents/pico/pico-sdk/src/rp2_common/pico_stdio_usb/stdio_usb_descriptors.c.obj
 *fill*         0x00000000100095c2        0x2 
 .rodata.usbd_desc_cfg
                0x00000000100095c4       0x54 CMakeFiles/blink.dir/home/dmytro/Documents/pico/pico-sdk/src/rp2_common/pico_stdio_usb/stdio_usb_descriptors.c.obj
 .rodata.usbd_desc_device
                0x0000000010009618       0x12 CMakeFiles/blink.dir/home/dmytro/Documents/pico/pico-sdk/src/rp2_common/pico_stdio_usb/stdio_usb_descriptors.c.obj
 *fill*         0x000000001000962a        0x2 
 .rodata.usbd_desc_str
                0x000000001000962c       0x18 CMakeFiles/blink.dir/home/dmytro/Documents/pico/pico-sdk/src/rp2_common/pico_stdio_usb/stdio_usb_descriptors.c.obj
 .rodata.pico_get_unique_board_id_string.str1.4
                0x0000000010009644       0x57 CMakeFiles/blink.dir/home/dmytro/Documents/pico/pico-sdk/src/rp2_common/pico_unique_id/unique_id.c.obj
 *fill*         0x000000001000969b        0x1 
 .rodata.__func__.0
                0x000000001000969c       0x20 CMakeFiles/blink.dir/home/dmytro/Documents/pico/pico-sdk/src/rp2_common/pico_unique_id/unique_id.c.obj
 .rodata.str1.4
                0x00000000100096bc      0x162 CMakeFiles/blink.dir/home/dmytro/Documents/pico/pico-sdk/src/rp2_common/hardware_flash/flash.c.obj
 *fill*         0x000000001000981e        0x2 
 .rodata.__func__.0
                0x0000000010009820        0xd CMakeFiles/blink.dir/home/dmytro/Documents/pico/pico-sdk/src/rp2_common/hardware_flash/flash.c.obj
 *fill*         0x000000001000982d        0x3 
 .rodata._hw_endpoint_alloc.str1.4
                0x0000000010009830       0xc1 CMakeFiles/blink.dir/home/dmytro/Documents/pico/pico-sdk/lib/tinyusb/src/portable/raspberrypi/rp2040/dcd_rp2040.c.obj
 *fill*         0x00000000100098f1        0x3 
 .rodata.str1.4
                0x00000000100098f4       0x14 CMakeFiles/blink.dir/home/dmytro/Documents/pico/pico-sdk/lib/tinyusb/src/portable/raspberrypi/rp2040/dcd_rp2040.c.obj
 .rodata.dcd_int_enable.str1.4
                0x0000000010009908        0xc CMakeFiles/blink.dir/home/dmytro/Documents/pico/pico-sdk/lib/tinyusb/src/portable/raspberrypi/rp2040/dcd_rp2040.c.obj
 .rodata.__func__.0
                0x0000000010009914        0xe CMakeFiles/blink.dir/home/dmytro/Documents/pico/pico-sdk/lib/tinyusb/src/portable/raspberrypi/rp2040/dcd_rp2040.c.obj
 *fill*         0x0000000010009922        0x2 
 .rodata.__func__.1
                0x0000000010009924        0xe CMakeFiles/blink.dir/home/dmytro/Documents/pico/pico-sdk/lib/tinyusb/src/portable/raspberrypi/rp2040/dcd_rp2040.c.obj
 *fill*         0x0000000010009932        0x2 
 .rodata.__func__.3
                0x0000000010009934       0x10 CMakeFiles/blink.dir/home/dmytro/Documents/pico/pico-sdk/lib/tinyusb/src/portable/raspberrypi/rp2040/dcd_rp2040.c.obj
 .rodata.__func__.5
                0x0000000010009944        0xf CMakeFiles/blink.dir/home/dmytro/Documents/pico/pico-sdk/lib/tinyusb/src/portable/raspberrypi/rp2040/dcd_rp2040.c.obj
 *fill*         0x0000000010009953        0x1 
 .rodata.__func__.6
                0x0000000010009954       0x13 CMakeFiles/blink.dir/home/dmytro/Documents/pico/pico-sdk/lib/tinyusb/src/portable/raspberrypi/rp2040/dcd_rp2040.c.obj
 *fill*         0x0000000010009967        0x1 
 .rodata.__func__.7
                0x0000000010009968        0x9 CMakeFiles/blink.dir/home/dmytro/Documents/pico/pico-sdk/lib/tinyusb/src/portable/raspberrypi/rp2040/dcd_rp2040.c.obj
 *fill*         0x0000000010009971        0x3 
 .rodata.str1.4
                0x0000000010009974       0xf3 CMakeFiles/blink.dir/home/dmytro/Documents/pico/pico-sdk/lib/tinyusb/src/portable/raspberrypi/rp2040/rp2040_usb.c.obj
 *fill*         0x0000000010009a67        0x1 
 .rodata.__func__.0
                0x0000000010009a68        0xf CMakeFiles/blink.dir/home/dmytro/Documents/pico/pico-sdk/lib/tinyusb/src/portable/raspberrypi/rp2040/rp2040_usb.c.obj
 *fill*         0x0000000010009a77        0x1 
 .rodata.process_get_descriptor
                0x0000000010009a78       0x40 CMakeFiles/blink.dir/home/dmytro/Documents/pico/pico-sdk/lib/tinyusb/src/device/usbd.c.obj
 .rodata.process_control_request
                0x0000000010009ab8       0x28 CMakeFiles/blink.dir/home/dmytro/Documents/pico/pico-sdk/lib/tinyusb/src/device/usbd.c.obj
 .rodata.tud_task_ext
                0x0000000010009ae0       0x24 CMakeFiles/blink.dir/home/dmytro/Documents/pico/pico-sdk/lib/tinyusb/src/device/usbd.c.obj
 .rodata._usbd_driver
                0x0000000010009b04       0x18 CMakeFiles/blink.dir/home/dmytro/Documents/pico/pico-sdk/lib/tinyusb/src/device/usbd.c.obj
 .rodata.dma_claim_unused_channel.str1.4
                0x0000000010009b1c       0x1e CMakeFiles/blink.dir/home/dmytro/Documents/pico/pico-sdk/src/rp2_common/hardware_dma/dma.c.obj
                0x0000000010009b3c                . = ALIGN (0x4)
 *fill*         0x0000000010009b3a        0x2 
 *(SORT_BY_ALIGNMENT(SORT_BY_NAME(.flashdata*)))
                0x0000000010009b3c                . = ALIGN (0x4)

.rel.dyn        0x0000000010009b3c        0x0
 .rel.iplt      0x0000000010009b3c        0x0 /usr/lib/gcc/arm-none-eabi/10.3.1/thumb/v6-m/nofp/crtbegin.o

.ARM.extab
 *(.ARM.extab* .gnu.linkonce.armextab.*)
                0x0000000010009b3c                __exidx_start = .

.ARM.exidx
 *(.ARM.exidx* .gnu.linkonce.armexidx.*)
                0x0000000010009b3c                __exidx_end = .
                0x0000000010009b3c                . = ALIGN (0x4)
                0x0000000010009b3c                __binary_info_start = .

.binary_info    0x0000000010009b3c       0x20
 *(.binary_info.keep.*)
 .binary_info.keep.__bi_ptr22
                0x0000000010009b3c        0x4 CMakeFiles/blink.dir/home/dmytro/Documents/pico/pico-sdk/src/rp2_common/pico_standard_link/binary_info.c.obj
 .binary_info.keep.__bi_ptr30
                0x0000000010009b40        0x4 CMakeFiles/blink.dir/home/dmytro/Documents/pico/pico-sdk/src/rp2_common/pico_standard_link/binary_info.c.obj
 .binary_info.keep.__bi_ptr38
                0x0000000010009b44        0x4 CMakeFiles/blink.dir/home/dmytro/Documents/pico/pico-sdk/src/rp2_common/pico_standard_link/binary_info.c.obj
 .binary_info.keep.__bi_ptr44
                0x0000000010009b48        0x4 CMakeFiles/blink.dir/home/dmytro/Documents/pico/pico-sdk/src/rp2_common/pico_standard_link/binary_info.c.obj
 .binary_info.keep.__bi_ptr50
                0x0000000010009b4c        0x4 CMakeFiles/blink.dir/home/dmytro/Documents/pico/pico-sdk/src/rp2_common/pico_standard_link/binary_info.c.obj
 .binary_info.keep.__bi_ptr75
                0x0000000010009b50        0x4 CMakeFiles/blink.dir/home/dmytro/Documents/pico/pico-sdk/src/rp2_common/pico_standard_link/binary_info.c.obj
 .binary_info.keep.__bi_ptr81
                0x0000000010009b54        0x4 CMakeFiles/blink.dir/home/dmytro/Documents/pico/pico-sdk/src/rp2_common/pico_standard_link/binary_info.c.obj
 *(.binary_info.*)
 .binary_info.__bi_ptr188
                0x0000000010009b58        0x4 CMakeFiles/blink.dir/home/dmytro/Documents/pico/pico-sdk/src/rp2_common/pico_stdio_usb/stdio_usb.c.obj
                0x0000000010009b5c                __binary_info_end = .
                0x0000000010009b5c                . = ALIGN (0x4)
                0x0000000010009b5c                __etext = .

.ram_vector_table
                0x0000000020000000       0xc0
 *(.ram_vector_table)
 .ram_vector_table
                0x0000000020000000       0xc0 CMakeFiles/blink.dir/home/dmytro/Documents/pico/pico-sdk/src/rp2_common/pico_runtime/runtime.c.obj
                0x0000000020000000                ram_vector_table

.data           0x00000000200000c0     0x1a68 load address 0x0000000010009b5c
                0x00000000200000c0                __data_start__ = .
 *(vtable)
 *(.time_critical*)
 .time_critical.mutex_enter_blocking
                0x00000000200000c0       0x48 CMakeFiles/blink.dir/home/dmytro/Documents/pico/pico-sdk/src/common/pico_sync/mutex.c.obj
                0x00000000200000c0                mutex_enter_blocking
 .time_critical.mutex_try_enter
                0x0000000020000108       0x46 CMakeFiles/blink.dir/home/dmytro/Documents/pico/pico-sdk/src/common/pico_sync/mutex.c.obj
                0x0000000020000108                mutex_try_enter
 *fill*         0x000000002000014e        0x2 
 .time_critical.mutex_enter_block_until