Archive member included to satisfy reference by file (symbol)

/usr/lib/gcc/arm-none-eabi/10.3.1/thumb/v6-m/nofp/libgcc.a(_dvmd_tls.o)
                              CMakeFiles/blink.dir/home/dmytro/Documents/pico/pico-sdk/src/rp2_common/pico_divider/divider.S.obj (__aeabi_idiv0)
/usr/lib/gcc/arm-none-eabi/10.3.1/../../../arm-none-eabi/lib/thumb/v6-m/nofp/libg.a(lib_a-atexit.o)
                              /usr/lib/gcc/arm-none-eabi/10.3.1/../../../arm-none-eabi/lib/thumb/v6-m/nofp/crt0.o (atexit)
/usr/lib/gcc/arm-none-eabi/10.3.1/../../../arm-none-eabi/lib/thumb/v6-m/nofp/libg.a(lib_a-calloc.o)
                              CMakeFiles/blink.dir/home/dmytro/Documents/pico/pico-sdk/src/rp2_common/pico_malloc/pico_malloc.c.obj (calloc)
/usr/lib/gcc/arm-none-eabi/10.3.1/../../../arm-none-eabi/lib/thumb/v6-m/nofp/libg.a(lib_a-callocr.o)
                              /usr/lib/gcc/arm-none-eabi/10.3.1/../../../arm-none-eabi/lib/thumb/v6-m/nofp/libg.a(lib_a-calloc.o) (_calloc_r)
/usr/lib/gcc/arm-none-eabi/10.3.1/../../../arm-none-eabi/lib/thumb/v6-m/nofp/libg.a(lib_a-fini.o)
                              /usr/lib/gcc/arm-none-eabi/10.3.1/../../../arm-none-eabi/lib/thumb/v6-m/nofp/crt0.o (__libc_fini_array)
/usr/lib/gcc/arm-none-eabi/10.3.1/../../../arm-none-eabi/lib/thumb/v6-m/nofp/libg.a(lib_a-impure.o)
                              /usr/lib/gcc/arm-none-eabi/10.3.1/../../../arm-none-eabi/lib/thumb/v6-m/nofp/libg.a(lib_a-calloc.o) (_impure_ptr)
/usr/lib/gcc/arm-none-eabi/10.3.1/../../../arm-none-eabi/lib/thumb/v6-m/nofp/libg.a(lib_a-init.o)
                              /usr/lib/gcc/arm-none-eabi/10.3.1/../../../arm-none-eabi/lib/thumb/v6-m/nofp/crt0.o (__libc_init_array)
/usr/lib/gcc/arm-none-eabi/10.3.1/../../../arm-none-eabi/lib/thumb/v6-m/nofp/libg.a(lib_a-malloc.o)
                              CMakeFiles/blink.dir/home/dmytro/Documents/pico/pico-sdk/src/rp2_common/pico_malloc/pico_malloc.c.obj (malloc)
/usr/lib/gcc/arm-none-eabi/10.3.1/../../../arm-none-eabi/lib/thumb/v6-m/nofp/libg.a(lib_a-mallocr.o)
                              /usr/lib/gcc/arm-none-eabi/10.3.1/../../../arm-none-eabi/lib/thumb/v6-m/nofp/libg.a(lib_a-callocr.o) (_malloc_r)
/usr/lib/gcc/arm-none-eabi/10.3.1/../../../arm-none-eabi/lib/thumb/v6-m/nofp/libg.a(lib_a-mlock.o)
                              /usr/lib/gcc/arm-none-eabi/10.3.1/../../../arm-none-eabi/lib/thumb/v6-m/nofp/libg.a(lib_a-mallocr.o) (__malloc_lock)
/usr/lib/gcc/arm-none-eabi/10.3.1/../../../arm-none-eabi/lib/thumb/v6-m/nofp/libg.a(lib_a-realloc.o)
                              CMakeFiles/blink.dir/home/dmytro/Documents/pico/pico-sdk/src/rp2_common/pico_malloc/pico_malloc.c.obj (realloc)
/usr/lib/gcc/arm-none-eabi/10.3.1/../../../arm-none-eabi/lib/thumb/v6-m/nofp/libg.a(lib_a-reallocr.o)
                              /usr/lib/gcc/arm-none-eabi/10.3.1/../../../arm-none-eabi/lib/thumb/v6-m/nofp/libg.a(lib_a-realloc.o) (_realloc_r)
/usr/lib/gcc/arm-none-eabi/10.3.1/../../../arm-none-eabi/lib/thumb/v6-m/nofp/libg.a(lib_a-sbrkr.o)
                              /usr/lib/gcc/arm-none-eabi/10.3.1/../../../arm-none-eabi/lib/thumb/v6-m/nofp/libg.a(lib_a-mallocr.o) (_sbrk_r)
/usr/lib/gcc/arm-none-eabi/10.3.1/../../../arm-none-eabi/lib/thumb/v6-m/nofp/libg.a(lib_a-strlen-stub.o)
                              CMakeFiles/blink.dir/home/dmytro/Documents/pico/pico-sdk/src/rp2_common/pico_stdio/stdio.c.obj (strlen)
/usr/lib/gcc/arm-none-eabi/10.3.1/../../../arm-none-eabi/lib/thumb/v6-m/nofp/libg.a(lib_a-__atexit.o)
                              /usr/lib/gcc/arm-none-eabi/10.3.1/../../../arm-none-eabi/lib/thumb/v6-m/nofp/libg.a(lib_a-atexit.o) (__register_exitproc)
/usr/lib/gcc/arm-none-eabi/10.3.1/../../../arm-none-eabi/lib/thumb/v6-m/nofp/libg.a(lib_a-freer.o)
                              /usr/lib/gcc/arm-none-eabi/10.3.1/../../../arm-none-eabi/lib/thumb/v6-m/nofp/libg.a(lib_a-malloc.o) (_free_r)
/usr/lib/gcc/arm-none-eabi/10.3.1/../../../arm-none-eabi/lib/thumb/v6-m/nofp/libg.a(lib_a-memmove.o)
                              /usr/lib/gcc/arm-none-eabi/10.3.1/../../../arm-none-eabi/lib/thumb/v6-m/nofp/libg.a(lib_a-reallocr.o) (memmove)
/usr/lib/gcc/arm-none-eabi/10.3.1/../../../arm-none-eabi/lib/thumb/v6-m/nofp/libg.a(lib_a-reent.o)
                              /usr/lib/gcc/arm-none-eabi/10.3.1/../../../arm-none-eabi/lib/thumb/v6-m/nofp/libg.a(lib_a-sbrkr.o) (errno)

Discarded input sections

 .text          0x0000000000000000        0x0 /usr/lib/gcc/arm-none-eabi/10.3.1/thumb/v6-m/nofp/crti.o
 .data          0x0000000000000000        0x0 /usr/lib/gcc/arm-none-eabi/10.3.1/thumb/v6-m/nofp/crti.o
 .bss           0x0000000000000000        0x0 /usr/lib/gcc/arm-none-eabi/10.3.1/thumb/v6-m/nofp/crti.o
 .data          0x0000000000000000        0x4 /usr/lib/gcc/arm-none-eabi/10.3.1/thumb/v6-m/nofp/crtbegin.o
 .rodata        0x0000000000000000       0x24 /usr/lib/gcc/arm-none-eabi/10.3.1/thumb/v6-m/nofp/crtbegin.o
[...]
Memory Configuration

Name             Origin             Length             Attributes
FLASH            0x0000000010000000 0x0000000000200000 xr
RAM              0x0000000020000000 0x0000000000040000 xrw
SCRATCH_X        0x0000000020040000 0x0000000000001000 xrw
SCRATCH_Y        0x0000000020041000 0x0000000000001000 xrw
*default*        0x0000000000000000 0xffffffffffffffff

Linker script and memory map

LOAD /usr/lib/gcc/arm-none-eabi/10.3.1/thumb/v6-m/nofp/crti.o
LOAD /usr/lib/gcc/arm-none-eabi/10.3.1/thumb/v6-m/nofp/crtbegin.o
LOAD /usr/lib/gcc/arm-none-eabi/10.3.1/../../../arm-none-eabi/lib/thumb/v6-m/nofp/crt0.o

.flash_begin    0x0000000010000000        0x0
                0x0000000010000000                __flash_binary_start = .

.boot2          0x0000000010000000      0x100
                0x0000000010000000                __boot2_start__ = .
 *(.boot2)
 .boot2         0x0000000010000000      0x100 /tmp/cceLVlJd.o
                0x0000000010000100                __boot2_end__ = .
                0x0000000000000001                ASSERT (((__boot2_end__ - __boot2_start__) == 0x100), ERROR: Pico second stage bootloader must be 256 bytes in size)

.text           0x0000000010000100     0x79b0
                0x0000000010000100                __logical_binary_start = .
 *(.vectors)
 .vectors       0x0000000010000100       0xd4 CMakeFiles/blink.dir/home/dmytro/Documents/pico/pico-sdk/src/rp2_common/pico_standard_link/crt0.S.obj
                0x0000000010000100                __vectors
                0x0000000010000100                __VECTOR_TABLE
                0x00000000100001c0                isr_invalid
                0x00000000100001c0                __default_isrs_start
                0x00000000100001c2                isr_nmi
                0x00000000100001c4                isr_hardfault
                0x00000000100001c6                isr_svcall
                0x00000000100001c8                isr_pendsv
                0x00000000100001ca                isr_systick
                0x00000000100001cc                isr_irq30
                0x00000000100001cc                __unhandled_user_irq
                0x00000000100001cc                isr_irq13
                0x00000000100001cc                isr_irq27
                0x00000000100001cc                isr_irq31
                0x00000000100001cc                isr_irq5
                0x00000000100001cc                isr_irq11
                0x00000000100001cc                isr_irq23
                0x00000000100001cc                isr_irq18
                0x00000000100001cc                isr_irq28
                0x00000000100001cc                isr_irq19
                0x00000000100001cc                isr_irq0
                0x00000000100001cc                isr_irq6
                0x00000000100001cc                isr_irq22
                0x00000000100001cc                isr_irq17
                0x00000000100001cc                isr_irq14
                0x00000000100001cc                isr_irq2
                0x00000000100001cc                isr_irq10
                0x00000000100001cc                isr_irq8
                0x00000000100001cc                isr_irq24
                0x00000000100001cc                isr_irq1
                0x00000000100001cc                isr_irq7
                0x00000000100001cc                isr_irq21
                0x00000000100001cc                isr_irq20
                0x00000000100001cc                isr_irq15
                0x00000000100001cc                isr_irq25
                0x00000000100001cc                isr_irq4
                0x00000000100001cc                isr_irq16
                0x00000000100001cc                isr_irq29
                0x00000000100001cc                isr_irq26
                0x00000000100001cc                __default_isrs_end
                0x00000000100001cc                isr_irq3
                0x00000000100001cc                isr_irq12
                0x00000000100001cc                isr_irq9
                0x00000000100001d2                unhandled_user_irq_num_in_r0
 *(.binary_info_header)
 .binary_info_header
                0x00000000100001d4       0x14 CMakeFiles/blink.dir/home/dmytro/Documents/pico/pico-sdk/src/rp2_common/pico_standard_link/crt0.S.obj
                0x00000000100001e8                __binary_info_header_end = .
 *(.reset)
 .reset         0x00000000100001e8       0xa0 CMakeFiles/blink.dir/home/dmytro/Documents/pico/pico-sdk/src/rp2_common/pico_standard_link/crt0.S.obj
                0x00000000100001e8                _entry_point
 .reset         0x0000000010000288       0x30 CMakeFiles/blink.dir/home/dmytro/Documents/pico/pico-sdk/src/rp2_common/pico_standard_link/binary_info.c.obj
 *(.init)
 .init          0x00000000100002b8        0x4 /usr/lib/gcc/arm-none-eabi/10.3.1/thumb/v6-m/nofp/crti.o
                0x00000000100002b8                _init
 *(EXCLUDE_FILE(*libm.a: *libc.a:*lib_a-mem*.o *libgcc.a:) .text*)
 .text          0x00000000100002bc       0x98 /usr/lib/gcc/arm-none-eabi/10.3.1/thumb/v6-m/nofp/crtbegin.o
 .text._Z32compute_fft_and_print_magnitudesPsid
                0x0000000010000354       0xd8 CMakeFiles/blink.dir/main.cpp.obj
                0x0000000010000354                compute_fft_and_print_magnitudes(short*, int, double)
 .text.main     0x000000001000042c      0x22c CMakeFiles/blink.dir/main.cpp.obj
                0x000000001000042c                main
 .text.fix_fft  0x0000000010000658      0x218 CMakeFiles/blink.dir/lib/_fix_fft.c.obj
                0x0000000010000658                fix_fft
 .text._ZN3PWMC2Ejj
                0x0000000010000870       0x16 CMakeFiles/blink.dir/lib/pwm.cpp.obj
                0x0000000010000870                PWM::PWM(unsigned int, unsigned int)
                0x0000000010000870                PWM::PWM(unsigned int, unsigned int)
 *fill*         0x0000000010000886        0x2 
 .text._ZN3PWM4initEv
                0x0000000010000888       0x90 CMakeFiles/blink.dir/lib/pwm.cpp.obj
                0x0000000010000888                PWM::init()
 .text._ZN3PWM17set_resolution_usEt
                0x0000000010000918       0x80 CMakeFiles/blink.dir/lib/pwm.cpp.obj
                0x0000000010000918                PWM::set_resolution_us(unsigned short)
 .text._ZN3PWM8set_freqEj
                0x0000000010000998       0x90 CMakeFiles/blink.dir/lib/pwm.cpp.obj
                0x0000000010000998                PWM::set_freq(unsigned int)
 .text._ZN3PWM14set_duty_cycleEj
                0x0000000010000a28       0x88 CMakeFiles/blink.dir/lib/pwm.cpp.obj
                0x0000000010000a28                PWM::set_duty_cycle(unsigned int)
 .text._ZN3PWM11set_enabledEb
                0x0000000010000ab0       0x28 CMakeFiles/blink.dir/lib/pwm.cpp.obj
                0x0000000010000ab0                PWM::set_enabled(bool)
 .text.set_sys_clock_pll
                0x0000000010000ad8       0x78 CMakeFiles/blink.dir/home/dmytro/Documents/pico/pico-sdk/src/rp2_common/pico_stdlib/stdlib.c.obj
                0x0000000010000ad8                set_sys_clock_pll
 .text.check_sys_clock_khz
                0x0000000010000b50       0xb0 CMakeFiles/blink.dir/home/dmytro/Documents/pico/pico-sdk/src/rp2_common/pico_stdlib/stdlib.c.obj
                0x0000000010000b50                check_sys_clock_khz
 .text.gpio_set_function
                0x0000000010000c00       0x30 CMakeFiles/blink.dir/home/dmytro/Documents/pico/pico-sdk/src/rp2_common/hardware_gpio/gpio.c.obj
                0x0000000010000c00                gpio_set_function
 .text.gpio_set_pulls
                0x0000000010000c30       0x34 CMakeFiles/blink.dir/home/dmytro/Documents/pico/pico-sdk/src/rp2_common/hardware_gpio/gpio.c.obj
                0x0000000010000c30                gpio_set_pulls
 .text.gpio_set_input_enabled
                0x0000000010000c64       0x30 CMakeFiles/blink.dir/home/dmytro/Documents/pico/pico-sdk/src/rp2_common/hardware_gpio/gpio.c.obj
                0x0000000010000c64                gpio_set_input_enabled
 .text.gpio_init
                0x0000000010000c94       0x16 CMakeFiles/blink.dir/home/dmytro/Documents/pico/pico-sdk/src/rp2_common/hardware_gpio/gpio.c.obj
                0x0000000010000c94                gpio_init
 *fill*         0x0000000010000caa        0x2 
 .text.running_on_fpga
                0x0000000010000cac       0x14 CMakeFiles/blink.dir/home/dmytro/Documents/pico/pico-sdk/src/rp2_common/pico_platform/platform.c.obj
                0x0000000010000cac                running_on_fpga
 .text.hw_claim_lock
                0x0000000010000cc0       0x18 CMakeFiles/blink.dir/home/dmytro/Documents/pico/pico-sdk/src/rp2_common/hardware_claim/claim.c.obj
                0x0000000010000cc0                hw_claim_lock
 .text.hw_claim_unlock
                0x0000000010000cd8       0x14 CMakeFiles/blink.dir/home/dmytro/Documents/pico/pico-sdk/src/rp2_common/hardware_claim/claim.c.obj
                0x0000000010000cd8                hw_claim_unlock
 .text.hw_claim_or_assert
                0x0000000010000cec       0x32 CMakeFiles/blink.dir/home/dmytro/Documents/pico/pico-sdk/src/rp2_common/hardware_claim/claim.c.obj
                0x0000000010000cec                hw_claim_or_assert
 .text.hw_claim_unused_from_range
                0x0000000010000d1e       0x50 CMakeFiles/blink.dir/home/dmytro/Documents/pico/pico-sdk/src/rp2_common/hardware_claim/claim.c.obj
                0x0000000010000d1e                hw_claim_unused_from_range
 *fill*         0x0000000010000d6e        0x2 
 .text.spin_locks_reset
                0x0000000010000d70       0x20 CMakeFiles/blink.dir/home/dmytro/Documents/pico/pico-sdk/src/rp2_common/hardware_sync/sync.c.obj
                0x0000000010000d70                spin_locks_reset
 .text.next_striped_spin_lock_num
                0x0000000010000d90       0x1c CMakeFiles/blink.dir/home/dmytro/Documents/pico/pico-sdk/src/rp2_common/hardware_sync/sync.c.obj
                0x0000000010000d90                next_striped_spin_lock_num
 .text.spin_lock_claim_unused
                0x0000000010000dac       0x20 CMakeFiles/blink.dir/home/dmytro/Documents/pico/pico-sdk/src/rp2_common/hardware_sync/sync.c.obj
                0x0000000010000dac                spin_lock_claim_unused
 .text.set_raw_irq_handler_and_unlock
                0x0000000010000dcc       0x28 CMakeFiles/blink.dir/home/dmytro/Documents/pico/pico-sdk/src/rp2_common/hardware_irq/irq.c.obj
 .text.make_branch
                0x0000000010000df4       0x48 CMakeFiles/blink.dir/home/dmytro/Documents/pico/pico-sdk/src/rp2_common/hardware_irq/irq.c.obj
 .text.insert_branch_and_link
                0x0000000010000e3c       0x40 CMakeFiles/blink.dir/home/dmytro/Documents/pico/pico-sdk/src/rp2_common/hardware_irq/irq.c.obj
 .text.irq_is_enabled
                0x0000000010000e7c       0x18 CMakeFiles/blink.dir/home/dmytro/Documents/pico/pico-sdk/src/rp2_common/hardware_irq/irq.c.obj
                0x0000000010000e7c                irq_is_enabled
 .text.irq_set_mask_enabled
                0x0000000010000e94       0x20 CMakeFiles/blink.dir/home/dmytro/Documents/pico/pico-sdk/src/rp2_common/hardware_irq/irq.c.obj
                0x0000000010000e94                irq_set_mask_enabled
 .text.irq_set_enabled
                0x0000000010000eb4        0xe CMakeFiles/blink.dir/home/dmytro/Documents/pico/pico-sdk/src/rp2_common/hardware_irq/irq.c.obj
                0x0000000010000eb4                irq_set_enabled
 *fill*         0x0000000010000ec2        0x2 
 .text.irq_set_pending
                0x0000000010000ec4       0x10 CMakeFiles/blink.dir/home/dmytro/Documents/pico/pico-sdk/src/rp2_common/hardware_irq/irq.c.obj
                0x0000000010000ec4                irq_set_pending
 .text.irq_get_vtable_handler
                0x0000000010000ed4       0x10 CMakeFiles/blink.dir/home/dmytro/Documents/pico/pico-sdk/src/rp2_common/hardware_irq/irq.c.obj
                0x0000000010000ed4                irq_get_vtable_handler
 .text.irq_has_shared_handler
                0x0000000010000ee4       0x24 CMakeFiles/blink.dir/home/dmytro/Documents/pico/pico-sdk/src/rp2_common/hardware_irq/irq.c.obj
                0x0000000010000ee4                irq_has_shared_handler
 .text.irq_set_exclusive_handler
                0x0000000010000f08       0x54 CMakeFiles/blink.dir/home/dmytro/Documents/pico/pico-sdk/src/rp2_common/hardware_irq/irq.c.obj
                0x0000000010000f08                irq_set_exclusive_handler
 .text.irq_add_shared_handler
                0x0000000010000f5c      0x234 CMakeFiles/blink.dir/home/dmytro/Documents/pico/pico-sdk/src/rp2_common/hardware_irq/irq.c.obj
                0x0000000010000f5c                irq_add_shared_handler
 .text.irq_remove_handler
                0x0000000010001190      0x1ac CMakeFiles/blink.dir/home/dmytro/Documents/pico/pico-sdk/src/rp2_common/hardware_irq/irq.c.obj
                0x0000000010001190                irq_remove_handler
 .text.irq_add_tail_to_free_list
                0x000000001000133c       0xf0 CMakeFiles/blink.dir/home/dmytro/Documents/pico/pico-sdk/src/rp2_common/hardware_irq/irq.c.obj
                0x000000001000133c                irq_add_tail_to_free_list
 .text.irq_init_priorities
                0x000000001000142c       0x1c CMakeFiles/blink.dir/home/dmytro/Documents/pico/pico-sdk/src/rp2_common/hardware_irq/irq.c.obj
                0x000000001000142c                irq_init_priorities
 .text.user_irq_claim_unused
                0x0000000010001448       0x28 CMakeFiles/blink.dir/home/dmytro/Documents/pico/pico-sdk/src/rp2_common/hardware_irq/irq.c.obj
                0x0000000010001448                user_irq_claim_unused
 .text.lock_init
                0x0000000010001470       0x10 CMakeFiles/blink.dir/home/dmytro/Documents/pico/pico-sdk/src/common/pico_sync/lock_core.c.obj
                0x0000000010001470                lock_init
 .text.mutex_init
                0x0000000010001480       0x1a CMakeFiles/blink.dir/home/dmytro/Documents/pico/pico-sdk/src/common/pico_sync/mutex.c.obj
                0x0000000010001480                mutex_init
 .text.recursive_mutex_init
                0x000000001000149a       0x1e CMakeFiles/blink.dir/home/dmytro/Documents/pico/pico-sdk/src/common/pico_sync/mutex.c.obj
                0x000000001000149a                recursive_mutex_init
 .text.critical_section_init_with_lock_num
                0x00000000100014b8       0x14 CMakeFiles/blink.dir/home/dmytro/Documents/pico/pico-sdk/src/common/pico_sync/critical_section.c.obj
                0x00000000100014b8                critical_section_init_with_lock_num
 .text.critical_section_init
                0x00000000100014cc       0x14 CMakeFiles/blink.dir/home/dmytro/Documents/pico/pico-sdk/src/common/pico_sync/critical_section.c.obj
                0x00000000100014cc                critical_section_init
 .text.alarm_pool_post_alloc_init
                0x00000000100014e0       0x40 CMakeFiles/blink.dir/home/dmytro/Documents/pico/pico-sdk/src/common/pico_time/time.c.obj
 .text.sleep_until_callback
                0x0000000010001520       0x30 CMakeFiles/blink.dir/home/dmytro/Documents/pico/pico-sdk/src/common/pico_time/time.c.obj
 .text.timer_pool_entry_comparator
                0x0000000010001550       0x7c CMakeFiles/blink.dir/home/dmytro/Documents/pico/pico-sdk/src/common/pico_time/time.c.obj
                0x0000000010001550                timer_pool_entry_comparator
 .text.ph_add_child_node
                0x00000000100015cc       0xa4 CMakeFiles/blink.dir/home/dmytro/Documents/pico/pico-sdk/src/common/pico_time/time.c.obj
 .text.ph_merge_nodes
                0x0000000010001670       0x3e CMakeFiles/blink.dir/home/dmytro/Documents/pico/pico-sdk/src/common/pico_time/time.c.obj
 *fill*         0x00000000100016ae        0x2 
 .text.add_alarm_under_lock
                0x00000000100016b0      0x174 CMakeFiles/blink.dir/home/dmytro/Documents/pico/pico-sdk/src/common/pico_time/time.c.obj
 .text.alarm_pool_alarm_callback
                0x0000000010001824      0x33c CMakeFiles/blink.dir/home/dmytro/Documents/pico/pico-sdk/src/common/pico_time/time.c.obj
 .text.alarm_pool_init_default
                0x0000000010001b60       0x40 CMakeFiles/blink.dir/home/dmytro/Documents/pico/pico-sdk/src/common/pico_time/time.c.obj
                0x0000000010001b60                alarm_pool_init_default
 .text.alarm_pool_get_default
                0x0000000010001ba0       0x2c CMakeFiles/blink.dir/home/dmytro/Documents/pico/pico-sdk/src/common/pico_time/time.c.obj
                0x0000000010001ba0                alarm_pool_get_default
 .text.alarm_pool_add_alarm_at
                0x0000000010001bcc      0x168 CMakeFiles/blink.dir/home/dmytro/Documents/pico/pico-sdk/src/common/pico_time/time.c.obj
                0x0000000010001bcc                alarm_pool_add_alarm_at
 .text.alarm_pool_cancel_alarm
                0x0000000010001d34       0xf0 CMakeFiles/blink.dir/home/dmytro/Documents/pico/pico-sdk/src/common/pico_time/time.c.obj
                0x0000000010001d34                alarm_pool_cancel_alarm
 .text.alarm_pool_core_num
                0x0000000010001e24        0x4 CMakeFiles/blink.dir/home/dmytro/Documents/pico/pico-sdk/src/common/pico_time/time.c.obj
                0x0000000010001e24                alarm_pool_core_num
 .text.sleep_until
                0x0000000010001e28       0xfc CMakeFiles/blink.dir/home/dmytro/Documents/pico/pico-sdk/src/common/pico_time/time.c.obj
                0x0000000010001e28                sleep_until
 .text.sleep_us
                0x0000000010001f24       0x58 CMakeFiles/blink.dir/home/dmytro/Documents/pico/pico-sdk/src/common/pico_time/time.c.obj
                0x0000000010001f24                sleep_us
 .text.sleep_ms
                0x0000000010001f7c       0x14 CMakeFiles/blink.dir/home/dmytro/Documents/pico/pico-sdk/src/common/pico_time/time.c.obj
                0x0000000010001f7c                sleep_ms
 .text.best_effort_wfe_or_timeout
                0x0000000010001f90       0xac CMakeFiles/blink.dir/home/dmytro/Documents/pico/pico-sdk/src/common/pico_time/time.c.obj
                0x0000000010001f90                best_effort_wfe_or_timeout
 .text.hardware_alarm_irq_handler
                0x000000001000203c       0x90 CMakeFiles/blink.dir/home/dmytro/Documents/pico/pico-sdk/src/rp2_common/hardware_timer/timer.c.obj
 .text.hardware_alarm_claim
                0x00000000100020cc       0x18 CMakeFiles/blink.dir/home/dmytro/Documents/pico/pico-sdk/src/rp2_common/hardware_timer/timer.c.obj
                0x00000000100020cc                hardware_alarm_claim
 .text.time_us_64
                0x00000000100020e4       0x18 CMakeFiles/blink.dir/home/dmytro/Documents/pico/pico-sdk/src/rp2_common/hardware_timer/timer.c.obj
                0x00000000100020e4                time_us_64
 .text.busy_wait_until
                0x00000000100020fc       0x28 CMakeFiles/blink.dir/home/dmytro/Documents/pico/pico-sdk/src/rp2_common/hardware_timer/timer.c.obj
                0x00000000100020fc                busy_wait_until
 .text.hardware_alarm_set_callback
                0x0000000010002124       0x90 CMakeFiles/blink.dir/home/dmytro/Documents/pico/pico-sdk/src/rp2_common/hardware_timer/timer.c.obj
                0x0000000010002124                hardware_alarm_set_callback
 .text.hardware_alarm_set_target
                0x00000000100021b4       0xe8 CMakeFiles/blink.dir/home/dmytro/Documents/pico/pico-sdk/src/rp2_common/hardware_timer/timer.c.obj
                0x00000000100021b4                hardware_alarm_set_target
 .text.hardware_alarm_cancel
                0x000000001000229c       0x40 CMakeFiles/blink.dir/home/dmytro/Documents/pico/pico-sdk/src/rp2_common/hardware_timer/timer.c.obj
                0x000000001000229c                hardware_alarm_cancel
 .text.ph_add_child_node
                0x00000000100022dc       0xa4 CMakeFiles/blink.dir/home/dmytro/Documents/pico/pico-sdk/src/common/pico_util/pheap.c.obj
 .text.ph_merge_nodes
                0x0000000010002380       0x3e CMakeFiles/blink.dir/home/dmytro/Documents/pico/pico-sdk/src/common/pico_util/pheap.c.obj
 *fill*         0x00000000100023be        0x2 
 .text.ph_clear
                0x00000000100023c0       0x70 CMakeFiles/blink.dir/home/dmytro/Documents/pico/pico-sdk/src/common/pico_util/pheap.c.obj
                0x00000000100023c0                ph_clear
 .text.ph_post_alloc_init
                0x0000000010002430        0xe CMakeFiles/blink.dir/home/dmytro/Documents/pico/pico-sdk/src/common/pico_util/pheap.c.obj
                0x0000000010002430                ph_post_alloc_init
 *fill*         0x000000001000243e        0x2 
 .text.ph_merge_two_pass
                0x0000000010002440       0xa8 CMakeFiles/blink.dir/home/dmytro/Documents/pico/pico-sdk/src/common/pico_util/pheap.c.obj
                0x0000000010002440                ph_merge_two_pass
 .text.ph_remove_any_head
                0x00000000100024e8      0x128 CMakeFiles/blink.dir/home/dmytro/Documents/pico/pico-sdk/src/common/pico_util/pheap.c.obj
 .text.ph_remove_head
                0x0000000010002610       0x14 CMakeFiles/blink.dir/home/dmytro/Documents/pico/pico-sdk/src/common/pico_util/pheap.c.obj
                0x0000000010002610                ph_remove_head
 .text.ph_remove_and_free_node
                0x0000000010002624       0xf8 CMakeFiles/blink.dir/home/dmytro/Documents/pico/pico-sdk/src/common/pico_util/pheap.c.obj
                0x0000000010002624                ph_remove_and_free_node
 .text.clock_configure
                0x000000001000271c      0x104 CMakeFiles/blink.dir/home/dmytro/Documents/pico/pico-sdk/src/rp2_common/hardware_clocks/clocks.c.obj
                0x000000001000271c                clock_configure
 .text.clocks_init
                0x0000000010002820      0x100 CMakeFiles/blink.dir/home/dmytro/Documents/pico/pico-sdk/src/rp2_common/hardware_clocks/clocks.c.obj
                0x0000000010002820                clocks_init
 .text.clock_get_hz
                0x0000000010002920        0xc CMakeFiles/blink.dir/home/dmytro/Documents/pico/pico-sdk/src/rp2_common/hardware_clocks/clocks.c.obj
                0x0000000010002920                clock_get_hz
 .text.pll_init
                0x000000001000292c      0x12c CMakeFiles/blink.dir/home/dmytro/Documents/pico/pico-sdk/src/rp2_common/hardware_pll/pll.c.obj
                0x000000001000292c                pll_init
 .text.watchdog_start_tick
                0x0000000010002a58       0x10 CMakeFiles/blink.dir/home/dmytro/Documents/pico/pico-sdk/src/rp2_common/hardware_watchdog/watchdog.c.obj
                0x0000000010002a58                watchdog_start_tick
 .text.watchdog_update
                0x0000000010002a68       0x14 CMakeFiles/blink.dir/home/dmytro/Documents/pico/pico-sdk/src/rp2_common/hardware_watchdog/watchdog.c.obj
                0x0000000010002a68                watchdog_update
 .text._watchdog_enable
                0x0000000010002a7c       0x78 CMakeFiles/blink.dir/home/dmytro/Documents/pico/pico-sdk/src/rp2_common/hardware_watchdog/watchdog.c.obj
                0x0000000010002a7c                _watchdog_enable
 .text.watchdog_reboot
                0x0000000010002af4       0x48 CMakeFiles/blink.dir/home/dmytro/Documents/pico/pico-sdk/src/rp2_common/hardware_watchdog/watchdog.c.obj
                0x0000000010002af4                watchdog_reboot
 .text.xosc_init
                0x0000000010002b3c       0x28 CMakeFiles/blink.dir/home/dmytro/Documents/pico/pico-sdk/src/rp2_common/hardware_xosc/xosc.c.obj
                0x0000000010002b3c                xosc_init
 .text._exit    0x0000000010002b64        0x4 CMakeFiles/blink.dir/home/dmytro/Documents/pico/pico-sdk/src/rp2_common/pico_runtime/runtime.c.obj
                0x0000000010002b64                _exit
 .text.exit     0x0000000010002b68        0x6 CMakeFiles/blink.dir/home/dmytro/Documents/pico/pico-sdk/src/rp2_common/pico_runtime/runtime.c.obj
                0x0000000010002b68                exit
 *fill*         0x0000000010002b6e        0x2 
 .text.__assert_func
                0x0000000010002b70       0x3c CMakeFiles/blink.dir/home/dmytro/Documents/pico/pico-sdk/src/rp2_common/pico_runtime/runtime.c.obj
                0x0000000010002b70                __assert_func
 .text.runtime_init
                0x0000000010002bac       0xf8 CMakeFiles/blink.dir/home/dmytro/Documents/pico/pico-sdk/src/rp2_common/pico_runtime/runtime.c.obj
                0x0000000010002bac                runtime_init
 .text.panic    0x0000000010002ca4       0x30 CMakeFiles/blink.dir/home/dmytro/Documents/pico/pico-sdk/src/rp2_common/pico_runtime/runtime.c.obj
                0x0000000010002ca4                panic
 .text._out_null
                0x0000000010002cd4        0x2 CMakeFiles/blink.dir/home/dmytro/Documents/pico/pico-sdk/src/rp2_common/pico_printf/printf.c.obj
 .text._out_fct
                0x0000000010002cd6        0xe CMakeFiles/blink.dir/home/dmytro/Documents/pico/pico-sdk/src/rp2_common/pico_printf/printf.c.obj
 .text._atoi    0x0000000010002ce4       0x24 CMakeFiles/blink.dir/home/dmytro/Documents/pico/pico-sdk/src/rp2_common/pico_printf/printf.c.obj
 .text._out_rev
                0x0000000010002d08       0xae CMakeFiles/blink.dir/home/dmytro/Documents/pico/pico-sdk/src/rp2_common/pico_printf/printf.c.obj
 .text._ntoa_format
                0x0000000010002db6      0x112 CMakeFiles/blink.dir/home/dmytro/Documents/pico/pico-sdk/src/rp2_common/pico_printf/printf.c.obj
 .text._ntoa_long
                0x0000000010002ec8       0xbc CMakeFiles/blink.dir/home/dmytro/Documents/pico/pico-sdk/src/rp2_common/pico_printf/printf.c.obj
 .text._ntoa_long_long
                0x0000000010002f84       0xe2 CMakeFiles/blink.dir/home/dmytro/Documents/pico/pico-sdk/src/rp2_common/pico_printf/printf.c.obj
 *fill*         0x0000000010003066        0x2 
 .text._etoa    0x0000000010003068      0x414 CMakeFiles/blink.dir/home/dmytro/Documents/pico/pico-sdk/src/rp2_common/pico_printf/printf.c.obj
 .text._ftoa    0x000000001000347c      0x354 CMakeFiles/blink.dir/home/dmytro/Documents/pico/pico-sdk/src/rp2_common/pico_printf/printf.c.obj
 .text._vsnprintf
                0x00000000100037d0      0x624 CMakeFiles/blink.dir/home/dmytro/Documents/pico/pico-sdk/src/rp2_common/pico_printf/printf.c.obj
 .text.vfctprintf
                0x0000000010003df4       0x20 CMakeFiles/blink.dir/home/dmytro/Documents/pico/pico-sdk/src/rp2_common/pico_printf/printf.c.obj
                0x0000000010003df4                vfctprintf
 .text          0x0000000010003e14       0x10 CMakeFiles/blink.dir/home/dmytro/Documents/pico/pico-sdk/src/rp2_common/pico_bit_ops/bit_ops_aeabi.S.obj
 .text.rom_func_lookup
                0x0000000010003e24       0x10 CMakeFiles/blink.dir/home/dmytro/Documents/pico/pico-sdk/src/rp2_common/pico_bootrom/bootrom.c.obj
                0x0000000010003e24                rom_func_lookup
 .text.rom_data_lookup
                0x0000000010003e34       0x10 CMakeFiles/blink.dir/home/dmytro/Documents/pico/pico-sdk/src/rp2_common/pico_bootrom/bootrom.c.obj
                0x0000000010003e34                rom_data_lookup
 .text.rom_funcs_lookup
                0x0000000010003e44       0x36 CMakeFiles/blink.dir/home/dmytro/Documents/pico/pico-sdk/src/rp2_common/pico_bootrom/bootrom.c.obj
                0x0000000010003e44                rom_funcs_lookup
 *fill*         0x0000000010003e7a        0x2 
 .text.__wrap___aeabi_idiv
                0x0000000010003e7c       0x50 CMakeFiles/blink.dir/home/dmytro/Documents/pico/pico-sdk/src/rp2_common/pico_divider/divider.S.obj
                0x0000000010003e7c                __wrap___aeabi_idivmod
                0x0000000010003e7c                divmod_s32s32
                0x0000000010003e7c                div_s32s32
                0x0000000010003e7c                __wrap___aeabi_idiv
                0x0000000010003e84                divmod_s32s32_unsafe
                0x0000000010003eb0                divmod_s32s32_savestate
 .text.__wrap___aeabi_uidiv
                0x0000000010003ecc       0x4c CMakeFiles/blink.dir/home/dmytro/Documents/pico/pico-sdk/src/rp2_common/pico_divider/divider.S.obj
                0x0000000010003ecc                __wrap___aeabi_uidiv
                0x0000000010003ecc                __wrap___aeabi_uidivmod
                0x0000000010003ecc                div_u32u32
                0x0000000010003ecc                divmod_u32u32
                0x0000000010003ed4                divmod_u32u32_unsafe
                0x0000000010003efc                divmod_u32u32_savestate
 .text.__wrap___aeabi_ldiv
                0x0000000010003f18      0x424 CMakeFiles/blink.dir/home/dmytro/Documents/pico/pico-sdk/src/rp2_common/pico_divider/divider.S.obj
                0x0000000010003f18                div_s64s64
                0x0000000010003f18                divmod_s64s64
                0x0000000010003f18                __wrap___aeabi_ldivmod
                0x0000000010003f48                div_u64u64
                0x0000000010003f48                divmod_u64u64
                0x0000000010003f48                __wrap___aeabi_uldivmod
                0x0000000010003f58                divmod_u64u64_savestate
                0x0000000010003f78                divmod_s64s64_unsafe
                0x0000000010004000                divmod_u64u64_unsafe
 .text.__wrap___aeabi_darithmetic
                0x000000001000433c       0x80 CMakeFiles/blink.dir/home/dmytro/Documents/pico/pico-sdk/src/rp2_common/pico_double/double_aeabi.S.obj
                0x000000001000433c                __wrap___aeabi_drsub
                0x0000000010004342                __wrap___aeabi_dsub
                0x0000000010004354                __wrap___aeabi_dadd
                0x0000000010004366                __wrap___aeabi_ddiv
                0x00000000100043a2                __wrap___aeabi_dmul
 .text.__wrap___aeabi_cdcmple
                0x00000000100043bc       0x6c CMakeFiles/blink.dir/home/dmytro/Documents/pico/pico-sdk/src/rp2_common/pico_double/double_aeabi.S.obj
                0x00000000100043bc                __wrap___aeabi_cdrcmple
                0x00000000100043cc                __wrap___aeabi_cdcmple
                0x00000000100043cc                __wrap___aeabi_cdcmpeq
 .text.__wrap___aeabi_dcmplt
                0x0000000010004428        0xc CMakeFiles/blink.dir/home/dmytro/Documents/pico/pico-sdk/src/rp2_common/pico_double/double_aeabi.S.obj
                0x0000000010004428                __wrap___aeabi_dcmplt
 .text.__wrap___aeabi_dcmple
                0x0000000010004434       0x10 CMakeFiles/blink.dir/home/dmytro/Documents/pico/pico-sdk/src/rp2_common/pico_double/double_aeabi.S.obj
                0x0000000010004434                __wrap___aeabi_dcmple
 .text.__wrap___aeabi_dcmpge
                0x0000000010004444       0x10 CMakeFiles/blink.dir/home/dmytro/Documents/pico/pico-sdk/src/rp2_common/pico_double/double_aeabi.S.obj
                0x0000000010004444                __wrap___aeabi_dcmpge
 .text.__wrap___aeabi_dcmpgt
                0x0000000010004454        0xa CMakeFiles/blink.dir/home/dmytro/Documents/pico/pico-sdk/src/rp2_common/pico_double/double_aeabi.S.obj
                0x0000000010004454                __wrap___aeabi_dcmpgt
 .text.__wrap___aeabi_dcmpun
                0x000000001000445e       0x1c CMakeFiles/blink.dir/home/dmytro/Documents/pico/pico-sdk/src/rp2_common/pico_double/double_aeabi.S.obj
                0x000000001000445e                __wrap___aeabi_dcmpun
 *fill*         0x000000001000447a        0x2 
 .text.__wrap___aeabi_i2d
                0x000000001000447c       0x38 CMakeFiles/blink.dir/home/dmytro/Documents/pico/pico-sdk/src/rp2_common/pico_double/double_aeabi.S.obj
                0x000000001000447c                __wrap___aeabi_ui2d
                0x0000000010004484                __wrap___aeabi_i2d
 .text.__wrap___aeabi_d2iz
                0x00000000100044b4       0x48 CMakeFiles/blink.dir/home/dmytro/Documents/pico/pico-sdk/src/rp2_common/pico_double/double_aeabi.S.obj
                0x00000000100044b4                __wrap___aeabi_d2iz
                0x00000000100044b4                double2int_z
 .text.__wrap___aeabi_d2uiz
                0x00000000100044fc       0x18 CMakeFiles/blink.dir/home/dmytro/Documents/pico/pico-sdk/src/rp2_common/pico_double/double_aeabi.S.obj
                0x00000000100044fc                double2uint
                0x00000000100044fc                __wrap___aeabi_d2uiz
 .text.__wrap___aeabi_d2f
                0x0000000010004514       0x18 CMakeFiles/blink.dir/home/dmytro/Documents/pico/pico-sdk/src/rp2_common/pico_double/double_aeabi.S.obj
                0x0000000010004514                __wrap___aeabi_d2f
 .text.__wrap_srqt
                0x000000001000452c       0x18 CMakeFiles/blink.dir/home/dmytro/Documents/pico/pico-sdk/src/rp2_common/pico_double/double_aeabi.S.obj
                0x000000001000452c                __wrap_sqrt
 .text.__aeabi_double_init
                0x0000000010004544       0xc8 CMakeFiles/blink.dir/home/dmytro/Documents/pico/pico-sdk/src/rp2_common/pico_double/double_init_rom.c.obj
                0x0000000010004544                __aeabi_double_init
 .text.double_table_shim_on_use_helper
                0x000000001000460c       0x34 CMakeFiles/blink.dir/home/dmytro/Documents/pico/pico-sdk/src/rp2_common/pico_double/double_v1_rom_shim.S.obj
                0x000000001000460c                double_table_shim_on_use_helper
 .text.__wrap___aeabi_dsub
                0x0000000010004640       0x10 CMakeFiles/blink.dir/home/dmytro/Documents/pico/pico-sdk/src/rp2_common/pico_double/double_v1_rom_shim.S.obj
                0x0000000010004640                drsub_shim
                0x0000000010004646                dsub_shim
 .text.dadd_shim
                0x0000000010004650      0x15c CMakeFiles/blink.dir/home/dmytro/Documents/pico/pico-sdk/src/rp2_common/pico_double/double_v1_rom_shim.S.obj
                0x0000000010004650                dadd_shim
 .text.dmul_shim
                0x00000000100047ac      0x15c CMakeFiles/blink.dir/home/dmytro/Documents/pico/pico-sdk/src/rp2_common/pico_double/double_v1_rom_shim.S.obj
                0x00000000100047ac                dmul_shim
 .text.ddiv_shim
                0x0000000010004908      0x1b0 CMakeFiles/blink.dir/home/dmytro/Documents/pico/pico-sdk/src/rp2_common/pico_double/double_v1_rom_shim.S.obj
                0x0000000010004908                ddiv_shim
 .text.dsqrt_shim
                0x0000000010004ab8      0x1a8 CMakeFiles/blink.dir/home/dmytro/Documents/pico/pico-sdk/src/rp2_common/pico_double/double_v1_rom_shim.S.obj
                0x0000000010004ad4                dsqrt_shim
 .text.double2uint_shim
                0x0000000010004c60        0xe CMakeFiles/blink.dir/home/dmytro/Documents/pico/pico-sdk/src/rp2_common/pico_double/double_v1_rom_shim.S.obj
                0x0000000010004c60                double2uint_shim
                0x0000000010004c62                double2ufix_shim
 *fill*         0x0000000010004c6e        0x2 
 .text.double2uint64_shim
                0x0000000010004c70       0x70 CMakeFiles/blink.dir/home/dmytro/Documents/pico/pico-sdk/src/rp2_common/pico_double/double_v1_rom_shim.S.obj
                0x0000000010004c70                double2uint64_shim
                0x0000000010004c72                double2ufix64_shim
                0x0000000010004c92                d2fix_a
 .text.double2float_shim
                0x0000000010004ce0       0x5c CMakeFiles/blink.dir/home/dmytro/Documents/pico/pico-sdk/src/rp2_common/pico_double/double_v1_rom_shim.S.obj
                0x0000000010004ce0                double2float_shim
 .text.dunpacks
                0x0000000010004d3c       0x3c CMakeFiles/blink.dir/home/dmytro/Documents/pico/pico-sdk/src/rp2_common/pico_double/double_v1_rom_shim.S.obj
                0x0000000010004d3c                dunpacks
 .text.__aeabi_lmul
                0x0000000010004d78       0x32 CMakeFiles/blink.dir/home/dmytro/Documents/pico/pico-sdk/src/rp2_common/pico_int64_ops/pico_int64_ops_aeabi.S.obj
                0x0000000010004d78                __wrap___aeabi_lmul
 *fill*         0x0000000010004daa        0x2 
 .text.__wrap___aeabi_farithmetic
                0x0000000010004dac       0x58 CMakeFiles/blink.dir/home/dmytro/Documents/pico/pico-sdk/src/rp2_common/pico_float/float_aeabi.S.obj
                0x0000000010004dac                __wrap___aeabi_frsub
                0x0000000010004db2                __wrap___aeabi_fsub
                0x0000000010004dbc                __wrap___aeabi_fadd
                0x0000000010004dc6                __wrap___aeabi_fdiv
                0x0000000010004df2                __wrap___aeabi_fmul
 .text.__wrap___aeabi_cfcmple
                0x0000000010004e04       0x50 CMakeFiles/blink.dir/home/dmytro/Documents/pico/pico-sdk/src/rp2_common/pico_float/float_aeabi.S.obj
                0x0000000010004e04                __wrap___aeabi_cfrcmple
                0x0000000010004e10                __wrap___aeabi_cfcmpeq
                0x0000000010004e10                __wrap___aeabi_cfcmple
 .text.__wrap___aeabi_fcmpgt
                0x0000000010004e54        0xa CMakeFiles/blink.dir/home/dmytro/Documents/pico/pico-sdk/src/rp2_common/pico_float/float_aeabi.S.obj
                0x0000000010004e54                __wrap___aeabi_fcmpgt
 .text.__wrap___aeabi_ui2f
                0x0000000010004e5e        0xa CMakeFiles/blink.dir/home/dmytro/Documents/pico/pico-sdk/src/rp2_common/pico_float/float_aeabi.S.obj
                0x0000000010004e5e                __wrap___aeabi_ui2f
 .text.__wrap___aeabi_i2f
                0x0000000010004e68       0x44 CMakeFiles/blink.dir/home/dmytro/Documents/pico/pico-sdk/src/rp2_common/pico_float/float_aeabi.S.obj
                0x0000000010004e68                __wrap___aeabi_i2f
 .text.__wrap___aeabi_f2uiz
                0x0000000010004eac       0x10 CMakeFiles/blink.dir/home/dmytro/Documents/pico/pico-sdk/src/rp2_common/pico_float/float_aeabi.S.obj
                0x0000000010004eac                __wrap___aeabi_f2uiz
 .text.__wrap___aeabi_f2d
                0x0000000010004ebc       0x14 CMakeFiles/blink.dir/home/dmytro/Documents/pico/pico-sdk/src/rp2_common/pico_float/float_aeabi.S.obj
                0x0000000010004ebc                __wrap___aeabi_f2d
 .text.__aeabi_float_init
                0x0000000010004ed0       0xfc CMakeFiles/blink.dir/home/dmytro/Documents/pico/pico-sdk/src/rp2_common/pico_float/float_init_rom.c.obj
                0x0000000010004ed0                __aeabi_float_init
 .text.float_table_shim_on_use_helper
                0x0000000010004fcc       0x34 CMakeFiles/blink.dir/home/dmytro/Documents/pico/pico-sdk/src/rp2_common/pico_float/float_v1_rom_shim.S.obj
                0x0000000010004fcc                float_table_shim_on_use_helper
 .text.float2double_shim
                0x0000000010005000       0x30 CMakeFiles/blink.dir/home/dmytro/Documents/pico/pico-sdk/src/rp2_common/pico_float/float_v1_rom_shim.S.obj
                0x0000000010005000                float2double_shim
 .text          0x0000000010005030       0x10 CMakeFiles/blink.dir/home/dmytro/Documents/pico/pico-sdk/src/rp2_common/pico_mem_ops/mem_ops_aeabi.S.obj
                0x0000000010005030                __aeabi_mem_init
 .text.memset   0x0000000010005040        0xc CMakeFiles/blink.dir/home/dmytro/Documents/pico/pico-sdk/src/rp2_common/pico_mem_ops/mem_ops_aeabi.S.obj
                0x0000000010005040                __wrap_memset
 .text.memcpy   0x000000001000504c        0xc CMakeFiles/blink.dir/home/dmytro/Documents/pico/pico-sdk/src/rp2_common/pico_mem_ops/mem_ops_aeabi.S.obj
                0x000000001000504c                __wrap___aeabi_memcpy
                0x000000001000504c                __wrap_memcpy
 .text.stdio_out_chars_no_crlf
                0x0000000010005058        0xe CMakeFiles/blink.dir/home/dmytro/Documents/pico/pico-sdk/src/rp2_common/pico_stdio/stdio.c.obj
 *fill*         0x0000000010005066        0x2 
 .text.stdio_out_chars_crlf
                0x0000000010005068       0x80 CMakeFiles/blink.dir/home/dmytro/Documents/pico/pico-sdk/src/rp2_common/pico_stdio/stdio.c.obj
 .text.stdio_stack_buffer_flush
                0x00000000100050e8       0x44 CMakeFiles/blink.dir/home/dmytro/Documents/pico/pico-sdk/src/rp2_common/pico_stdio/stdio.c.obj
 .text.stdio_buffered_printer
                0x000000001000512c       0x20 CMakeFiles/blink.dir/home/dmytro/Documents/pico/pico-sdk/src/rp2_common/pico_stdio/stdio.c.obj
 .text.stdout_serialize_begin
                0x000000001000514c       0x5c CMakeFiles/blink.dir/home/dmytro/Documents/pico/pico-sdk/src/rp2_common/pico_stdio/stdio.c.obj
                0x000000001000514c                stdout_serialize_begin
 .text.stdout_serialize_end
                0x00000000100051a8       0x10 CMakeFiles/blink.dir/home/dmytro/Documents/pico/pico-sdk/src/rp2_common/pico_stdio/stdio.c.obj
                0x00000000100051a8                stdout_serialize_end
 .text.stdio_put_string
                0x00000000100051b8       0x98 CMakeFiles/blink.dir/home/dmytro/Documents/pico/pico-sdk/src/rp2_common/pico_stdio/stdio.c.obj
 .text.stdio_set_driver_enabled
                0x0000000010005250       0x2c CMakeFiles/blink.dir/home/dmytro/Documents/pico/pico-sdk/src/rp2_common/pico_stdio/stdio.c.obj
                0x0000000010005250                stdio_set_driver_enabled
 .text.stdio_flush
                0x000000001000527c       0x20 CMakeFiles/blink.dir/home/dmytro/Documents/pico/pico-sdk/src/rp2_common/pico_stdio/stdio.c.obj
                0x000000001000527c                stdio_flush
 .text.__wrap_puts
                0x000000001000529c       0x1e CMakeFiles/blink.dir/home/dmytro/Documents/pico/pico-sdk/src/rp2_common/pico_stdio/stdio.c.obj
                0x000000001000529c                __wrap_puts
 *fill*         0x00000000100052ba        0x2 
 .text.__wrap_vprintf
                0x00000000100052bc       0x40 CMakeFiles/blink.dir/home/dmytro/Documents/pico/pico-sdk/src/rp2_common/pico_stdio/stdio.c.obj
                0x00000000100052bc                __wrap_vprintf
 .text.__wrap_printf
                0x00000000100052fc       0x18 CMakeFiles/blink.dir/home/dmytro/Documents/pico/pico-sdk/src/rp2_common/pico_stdio/stdio.c.obj
                0x00000000100052fc                __wrap_printf
 .text.stdio_init_all
                0x0000000010005314        0x8 CMakeFiles/blink.dir/home/dmytro/Documents/pico/pico-sdk/src/rp2_common/pico_stdio/stdio.c.obj
                0x0000000010005314                stdio_init_all
 .text.resetd_init
                0x000000001000531c        0x2 CMakeFiles/blink.dir/home/dmytro/Documents/pico/pico-sdk/src/rp2_common/pico_stdio_usb/reset_interface.c.obj
 *fill*         0x000000001000531e        0x2 
 .text.resetd_reset
                0x0000000010005320        0xc CMakeFiles/blink.dir/home/dmytro/Documents/pico/pico-sdk/src/rp2_common/pico_stdio_usb/reset_interface.c.obj
 .text.resetd_open
                0x000000001000532c       0x34 CMakeFiles/blink.dir/home/dmytro/Documents/pico/pico-sdk/src/rp2_common/pico_stdio_usb/reset_interface.c.obj
 .text.resetd_xfer_cb
                0x0000000010005360        0x4 CMakeFiles/blink.dir/home/dmytro/Documents/pico/pico-sdk/src/rp2_common/pico_stdio_usb/reset_interface.c.obj
 .text.reset_usb_boot
                0x0000000010005364       0x18 CMakeFiles/blink.dir/home/dmytro/Documents/pico/pico-sdk/src/rp2_common/pico_stdio_usb/reset_interface.c.obj
 .text.resetd_control_xfer_cb
                0x000000001000537c       0x5c CMakeFiles/blink.dir/home/dmytro/Documents/pico/pico-sdk/src/rp2_common/pico_stdio_usb/reset_interface.c.obj
 .text.usbd_app_driver_get_cb
                0x00000000100053d8        0xc CMakeFiles/blink.dir/home/dmytro/Documents/pico/pico-sdk/src/rp2_common/pico_stdio_usb/reset_interface.c.obj
                0x00000000100053d8                usbd_app_driver_get_cb
 .text.tud_cdc_line_coding_cb
                0x00000000100053e4       0x28 CMakeFiles/blink.dir/home/dmytro/Documents/pico/pico-sdk/src/rp2_common/pico_stdio_usb/reset_interface.c.obj
                0x00000000100053e4                tud_cdc_line_coding_cb
 .text.stdio_usb_set_chars_available_callback
                0x000000001000540c       0x14 CMakeFiles/blink.dir/home/dmytro/Documents/pico/pico-sdk/src/rp2_common/pico_stdio_usb/stdio_usb.c.obj
                0x000000001000540c                stdio_usb_set_chars_available_callback
 .text.usb_irq  0x0000000010005420       0x10 CMakeFiles/blink.dir/home/dmytro/Documents/pico/pico-sdk/src/rp2_common/pico_stdio_usb/stdio_usb.c.obj
 .text.timer_task
                0x0000000010005430       0x58 CMakeFiles/blink.dir/home/dmytro/Documents/pico/pico-sdk/src/rp2_common/pico_stdio_usb/stdio_usb.c.obj
 .text.low_priority_worker_irq
                0x0000000010005488       0xd8 CMakeFiles/blink.dir/home/dmytro/Documents/pico/pico-sdk/src/rp2_common/pico_stdio_usb/stdio_usb.c.obj
 .text.tud_cdc_rx_cb
                0x0000000010005560       0x20 CMakeFiles/blink.dir/home/dmytro/Documents/pico/pico-sdk/src/rp2_common/pico_stdio_usb/stdio_usb.c.obj
                0x0000000010005560                tud_cdc_rx_cb
 .text.stdio_usb_init
                0x0000000010005580      0x12c CMakeFiles/blink.dir/home/dmytro/Documents/pico/pico-sdk/src/rp2_common/pico_stdio_usb/stdio_usb.c.obj
                0x0000000010005580                stdio_usb_init
 .text.stdio_usb_connected
                0x00000000100056ac        0xa CMakeFiles/blink.dir/home/dmytro/Documents/pico/pico-sdk/src/rp2_common/pico_stdio_usb/stdio_usb.c.obj
                0x00000000100056ac                stdio_usb_connected
 *fill*         0x00000000100056b6        0x2 
 .text.stdio_usb_in_chars
                0x00000000100056b8       0xc4 CMakeFiles/blink.dir/home/dmytro/Documents/pico/pico-sdk/src/rp2_common/pico_stdio_usb/stdio_usb.c.obj
                0x00000000100056b8                stdio_usb_in_chars
 .text.stdio_usb_out_chars
                0x000000001000577c      0x114 CMakeFiles/blink.dir/home/dmytro/Documents/pico/pico-sdk/src/rp2_common/pico_stdio_usb/stdio_usb.c.obj
 .text.tud_descriptor_device_cb
                0x0000000010005890        0x8 CMakeFiles/blink.dir/home/dmytro/Documents/pico/pico-sdk/src/rp2_common/pico_stdio_usb/stdio_usb_descriptors.c.obj
                0x0000000010005890                tud_descriptor_device_cb
 .text.tud_descriptor_configuration_cb
                0x0000000010005898        0x8 CMakeFiles/blink.dir/home/dmytro/Documents/pico/pico-sdk/src/rp2_common/pico_stdio_usb/stdio_usb_descriptors.c.obj
                0x0000000010005898                tud_descriptor_configuration_cb
 .text.tud_descriptor_string_cb
                0x00000000100058a0       0x6c CMakeFiles/blink.dir/home/dmytro/Documents/pico/pico-sdk/src/rp2_common/pico_stdio_usb/stdio_usb_descriptors.c.obj
                0x00000000100058a0                tud_descriptor_string_cb
 .text._retrieve_unique_id_on_boot
                0x000000001000590c       0x10 CMakeFiles/blink.dir/home/dmytro/Documents/pico/pico-sdk/src/rp2_common/pico_unique_id/unique_id.c.obj
 .text.pico_get_unique_board_id_string
                0x000000001000591c       0x60 CMakeFiles/blink.dir/home/dmytro/Documents/pico/pico-sdk/src/rp2_common/pico_unique_id/unique_id.c.obj
                0x000000001000591c                pico_get_unique_board_id_string
 .text.flash_get_unique_id
                0x000000001000597c       0x46 CMakeFiles/blink.dir/home/dmytro/Documents/pico/pico-sdk/src/rp2_common/hardware_flash/flash.c.obj
                0x000000001000597c                flash_get_unique_id
 *fill*         0x00000000100059c2        0x2 
 .text.hw_endpoint_get_by_addr
                0x00000000100059c4       0x18 CMakeFiles/blink.dir/home/dmytro/Documents/pico/pico-sdk/lib/tinyusb/src/portable/raspberrypi/rp2040/dcd_rp2040.c.obj
 .text._hw_endpoint_alloc
                0x00000000100059dc       0x70 CMakeFiles/blink.dir/home/dmytro/Documents/pico/pico-sdk/lib/tinyusb/src/portable/raspberrypi/rp2040/dcd_rp2040.c.obj
 .text.hw_endpoint_init
                0x0000000010005a4c       0x88 CMakeFiles/blink.dir/home/dmytro/Documents/pico/pico-sdk/lib/tinyusb/src/portable/raspberrypi/rp2040/dcd_rp2040.c.obj
 .text.hw_endpoint_xfer
                0x0000000010005ad4       0x14 CMakeFiles/blink.dir/home/dmytro/Documents/pico/pico-sdk/lib/tinyusb/src/portable/raspberrypi/rp2040/dcd_rp2040.c.obj
 .text.dcd_int_enable
                0x0000000010005ae8       0x2c CMakeFiles/blink.dir/home/dmytro/Documents/pico/pico-sdk/lib/tinyusb/src/portable/raspberrypi/rp2040/dcd_rp2040.c.obj
                0x0000000010005ae8                dcd_int_enable
 .text.dcd_set_address
                0x0000000010005b14       0x2c CMakeFiles/blink.dir/home/dmytro/Documents/pico/pico-sdk/lib/tinyusb/src/portable/raspberrypi/rp2040/dcd_rp2040.c.obj
                0x0000000010005b14                dcd_set_address
 .text.dcd_connect
                0x0000000010005b40       0x10 CMakeFiles/blink.dir/home/dmytro/Documents/pico/pico-sdk/lib/tinyusb/src/portable/raspberrypi/rp2040/dcd_rp2040.c.obj
                0x0000000010005b40                dcd_connect
 .text.dcd_init
                0x0000000010005b50       0x80 CMakeFiles/blink.dir/home/dmytro/Documents/pico/pico-sdk/lib/tinyusb/src/portable/raspberrypi/rp2040/dcd_rp2040.c.obj
                0x0000000010005b50                dcd_init
 .text.dcd_edpt0_status_complete
                0x0000000010005bd0       0x1c CMakeFiles/blink.dir/home/dmytro/Documents/pico/pico-sdk/lib/tinyusb/src/portable/raspberrypi/rp2040/dcd_rp2040.c.obj
                0x0000000010005bd0                dcd_edpt0_status_complete
 .text.dcd_edpt_open
                0x0000000010005bec       0x40 CMakeFiles/blink.dir/home/dmytro/Documents/pico/pico-sdk/lib/tinyusb/src/portable/raspberrypi/rp2040/dcd_rp2040.c.obj
                0x0000000010005bec                dcd_edpt_open
 .text.dcd_edpt_close_all
                0x0000000010005c2c        0x8 CMakeFiles/blink.dir/home/dmytro/Documents/pico/pico-sdk/lib/tinyusb/src/portable/raspberrypi/rp2040/dcd_rp2040.c.obj
                0x0000000010005c2c                dcd_edpt_close_all
 .text.dcd_edpt_xfer
                0x0000000010005c34       0x34 CMakeFiles/blink.dir/home/dmytro/Documents/pico/pico-sdk/lib/tinyusb/src/portable/raspberrypi/rp2040/dcd_rp2040.c.obj
                0x0000000010005c34                dcd_edpt_xfer
 .text.dcd_edpt_stall
                0x0000000010005c68       0x2c CMakeFiles/blink.dir/home/dmytro/Documents/pico/pico-sdk/lib/tinyusb/src/portable/raspberrypi/rp2040/dcd_rp2040.c.obj
                0x0000000010005c68                dcd_edpt_stall
 .text.dcd_edpt_clear_stall
                0x0000000010005c94       0x20 CMakeFiles/blink.dir/home/dmytro/Documents/pico/pico-sdk/lib/tinyusb/src/portable/raspberrypi/rp2040/dcd_rp2040.c.obj
                0x0000000010005c94                dcd_edpt_clear_stall
 .text.rp2040_usb_init
                0x0000000010005cb4       0x4c CMakeFiles/blink.dir/home/dmytro/Documents/pico/pico-sdk/lib/tinyusb/src/portable/raspberrypi/rp2040/rp2040_usb.c.obj
                0x0000000010005cb4                rp2040_usb_init
 .text.hw_endpoint_xfer_start
                0x0000000010005d00       0x50 CMakeFiles/blink.dir/home/dmytro/Documents/pico/pico-sdk/lib/tinyusb/src/portable/raspberrypi/rp2040/rp2040_usb.c.obj
                0x0000000010005d00                hw_endpoint_xfer_start
 .text.configuration_reset
                0x0000000010005d50       0x84 CMakeFiles/blink.dir/home/dmytro/Documents/pico/pico-sdk/lib/tinyusb/src/device/usbd.c.obj
 .text.usbd_reset
                0x0000000010005dd4        0xc CMakeFiles/blink.dir/home/dmytro/Documents/pico/pico-sdk/lib/tinyusb/src/device/usbd.c.obj
 .text.invoke_class_control
                0x0000000010005de0       0x1a CMakeFiles/blink.dir/home/dmytro/Documents/pico/pico-sdk/lib/tinyusb/src/device/usbd.c.obj
 *fill*         0x0000000010005dfa        0x2 
 .text.process_set_config
                0x0000000010005dfc      0x178 CMakeFiles/blink.dir/home/dmytro/Documents/pico/pico-sdk/lib/tinyusb/src/device/usbd.c.obj
 .text.process_get_descriptor
                0x0000000010005f74       0xdc CMakeFiles/blink.dir/home/dmytro/Documents/pico/pico-sdk/lib/tinyusb/src/device/usbd.c.obj
 .text.tud_mounted
                0x0000000010006050       0x10 CMakeFiles/blink.dir/home/dmytro/Documents/pico/pico-sdk/lib/tinyusb/src/device/usbd.c.obj
                0x0000000010006050                tud_mounted
 .text.tud_suspended
                0x0000000010006060       0x10 CMakeFiles/blink.dir/home/dmytro/Documents/pico/pico-sdk/lib/tinyusb/src/device/usbd.c.obj
                0x0000000010006060                tud_suspended
 .text.tud_inited
                0x0000000010006070       0x14 CMakeFiles/blink.dir/home/dmytro/Documents/pico/pico-sdk/lib/tinyusb/src/device/usbd.c.obj
                0x0000000010006070                tud_inited
 .text.tud_init
                0x0000000010006084       0xcc CMakeFiles/blink.dir/home/dmytro/Documents/pico/pico-sdk/lib/tinyusb/src/device/usbd.c.obj
                0x0000000010006084                tud_init
 .text.usbd_defer_func
                0x0000000010006150       0x2a CMakeFiles/blink.dir/home/dmytro/Documents/pico/pico-sdk/lib/tinyusb/src/device/usbd.c.obj
                0x0000000010006150                usbd_defer_func
 *fill*         0x000000001000617a        0x2 
 .text.usbd_edpt_open
                0x000000001000617c       0x34 CMakeFiles/blink.dir/home/dmytro/Documents/pico/pico-sdk/lib/tinyusb/src/device/usbd.c.obj
                0x000000001000617c                usbd_edpt_open
 .text.usbd_open_edpt_pair
                0x00000000100061b0       0x62 CMakeFiles/blink.dir/home/dmytro/Documents/pico/pico-sdk/lib/tinyusb/src/device/usbd.c.obj
                0x00000000100061b0                usbd_open_edpt_pair
 *fill*         0x0000000010006212        0x2 
 .text.usbd_edpt_claim
                0x0000000010006214       0x28 CMakeFiles/blink.dir/home/dmytro/Documents/pico/pico-sdk/lib/tinyusb/src/device/usbd.c.obj
                0x0000000010006214                usbd_edpt_claim
 .text.usbd_edpt_release
                0x000000001000623c       0x28 CMakeFiles/blink.dir/home/dmytro/Documents/pico/pico-sdk/lib/tinyusb/src/device/usbd.c.obj
                0x000000001000623c                usbd_edpt_release
 .text.usbd_edpt_xfer
                0x0000000010006264       0x78 CMakeFiles/blink.dir/home/dmytro/Documents/pico/pico-sdk/lib/tinyusb/src/device/usbd.c.obj
                0x0000000010006264                usbd_edpt_xfer
 .text.usbd_edpt_stall
                0x00000000100062dc       0x48 CMakeFiles/blink.dir/home/dmytro/Documents/pico/pico-sdk/lib/tinyusb/src/device/usbd.c.obj
                0x00000000100062dc                usbd_edpt_stall
 .text.usbd_edpt_clear_stall
                0x0000000010006324       0x48 CMakeFiles/blink.dir/home/dmytro/Documents/pico/pico-sdk/lib/tinyusb/src/device/usbd.c.obj
                0x0000000010006324                usbd_edpt_clear_stall
 .text.usbd_edpt_stalled
                0x000000001000636c       0x1c CMakeFiles/blink.dir/home/dmytro/Documents/pico/pico-sdk/lib/tinyusb/src/device/usbd.c.obj
                0x000000001000636c                usbd_edpt_stalled
 .text.process_control_request
                0x0000000010006388      0x37c CMakeFiles/blink.dir/home/dmytro/Documents/pico/pico-sdk/lib/tinyusb/src/device/usbd.c.obj
 .text.tud_task_ext
                0x0000000010006704      0x1b4 CMakeFiles/blink.dir/home/dmytro/Documents/pico/pico-sdk/lib/tinyusb/src/device/usbd.c.obj
                0x0000000010006704                tud_task_ext
 .text._data_stage_xact
                0x00000000100068b8       0x58 CMakeFiles/blink.dir/home/dmytro/Documents/pico/pico-sdk/lib/tinyusb/src/device/usbd_control.c.obj
 .text.tud_control_status
                0x0000000010006910       0x38 CMakeFiles/blink.dir/home/dmytro/Documents/pico/pico-sdk/lib/tinyusb/src/device/usbd_control.c.obj
                0x0000000010006910                tud_control_status
 .text.tud_control_xfer
                0x0000000010006948       0x74 CMakeFiles/blink.dir/home/dmytro/Documents/pico/pico-sdk/lib/tinyusb/src/device/usbd_control.c.obj
                0x0000000010006948                tud_control_xfer
 .text.usbd_control_reset
                0x00000000100069bc       0x14 CMakeFiles/blink.dir/home/dmytro/Documents/pico/pico-sdk/lib/tinyusb/src/device/usbd_control.c.obj
                0x00000000100069bc                usbd_control_reset
 .text.usbd_control_set_complete_callback
                0x00000000100069d0        0xc CMakeFiles/blink.dir/home/dmytro/Documents/pico/pico-sdk/lib/tinyusb/src/device/usbd_control.c.obj
                0x00000000100069d0                usbd_control_set_complete_callback
 .text.usbd_control_set_request
                0x00000000100069dc       0x1c CMakeFiles/blink.dir/home/dmytro/Documents/pico/pico-sdk/lib/tinyusb/src/device/usbd_control.c.obj
                0x00000000100069dc                usbd_control_set_request
 .text.usbd_control_xfer_cb
                0x00000000100069f8       0xcc CMakeFiles/blink.dir/home/dmytro/Documents/pico/pico-sdk/lib/tinyusb/src/device/usbd_control.c.obj
                0x00000000100069f8                usbd_control_xfer_cb
 .text._prep_out_transaction
                0x0000000010006ac4       0x4a CMakeFiles/blink.dir/home/dmytro/Documents/pico/pico-sdk/lib/tinyusb/src/class/cdc/cdc_device.c.obj
 *fill*         0x0000000010006b0e        0x2 
 .text.tud_cdc_n_connected
                0x0000000010006b10       0x44 CMakeFiles/blink.dir/home/dmytro/Documents/pico/pico-sdk/lib/tinyusb/src/class/cdc/cdc_device.c.obj
                0x0000000010006b10                tud_cdc_n_connected
 .text.tud_cdc_n_available
                0x0000000010006b54       0x18 CMakeFiles/blink.dir/home/dmytro/Documents/pico/pico-sdk/lib/tinyusb/src/class/cdc/cdc_device.c.obj
                0x0000000010006b54                tud_cdc_n_available
 .text.tud_cdc_n_read
                0x0000000010006b6c       0x28 CMakeFiles/blink.dir/home/dmytro/Documents/pico/pico-sdk/lib/tinyusb/src/class/cdc/cdc_device.c.obj
                0x0000000010006b6c                tud_cdc_n_read
 .text.tud_cdc_n_write_flush
                0x0000000010006b94       0xb8 CMakeFiles/blink.dir/home/dmytro/Documents/pico/pico-sdk/lib/tinyusb/src/class/cdc/cdc_device.c.obj
                0x0000000010006b94                tud_cdc_n_write_flush
 .text.tud_cdc_n_write
                0x0000000010006c4c       0x38 CMakeFiles/blink.dir/home/dmytro/Documents/pico/pico-sdk/lib/tinyusb/src/class/cdc/cdc_device.c.obj
                0x0000000010006c4c                tud_cdc_n_write
 .text.tud_cdc_n_write_available
                0x0000000010006c84       0x1c CMakeFiles/blink.dir/home/dmytro/Documents/pico/pico-sdk/lib/tinyusb/src/class/cdc/cdc_device.c.obj
                0x0000000010006c84                tud_cdc_n_write_available
 .text.cdcd_init
                0x0000000010006ca0       0xbc CMakeFiles/blink.dir/home/dmytro/Documents/pico/pico-sdk/lib/tinyusb/src/class/cdc/cdc_device.c.obj
                0x0000000010006ca0                cdcd_init
 .text.cdcd_reset
                0x0000000010006d5c       0x44 CMakeFiles/blink.dir/home/dmytro/Documents/pico/pico-sdk/lib/tinyusb/src/class/cdc/cdc_device.c.obj
                0x0000000010006d5c                cdcd_reset
 .text.cdcd_open
                0x0000000010006da0       0xcc CMakeFiles/blink.dir/home/dmytro/Documents/pico/pico-sdk/lib/tinyusb/src/class/cdc/cdc_device.c.obj
                0x0000000010006da0                cdcd_open
 .text.cdcd_control_xfer_cb
                0x0000000010006e6c      0x134 CMakeFiles/blink.dir/home/dmytro/Documents/pico/pico-sdk/lib/tinyusb/src/class/cdc/cdc_device.c.obj
                0x0000000010006e6c                cdcd_control_xfer_cb
 .text.cdcd_xfer_cb
                0x0000000010006fa0      0x130 CMakeFiles/blink.dir/home/dmytro/Documents/pico/pico-sdk/lib/tinyusb/src/class/cdc/cdc_device.c.obj
                0x0000000010006fa0                cdcd_xfer_cb
 .text.tusb_init
                0x00000000100070d0        0xa CMakeFiles/blink.dir/home/dmytro/Documents/pico/pico-sdk/lib/tinyusb/src/tusb.c.obj
                0x00000000100070d0                tusb_init
 .text.tusb_inited
                0x00000000100070da        0xe CMakeFiles/blink.dir/home/dmytro/Documents/pico/pico-sdk/lib/tinyusb/src/tusb.c.obj
                0x00000000100070da                tusb_inited
 .text.tu_edpt_claim
                0x00000000100070e8       0x50 CMakeFiles/blink.dir/home/dmytro/Documents/pico/pico-sdk/lib/tinyusb/src/tusb.c.obj
                0x00000000100070e8                tu_edpt_claim
 .text.tu_edpt_release
                0x0000000010007138       0x3c CMakeFiles/blink.dir/home/dmytro/Documents/pico/pico-sdk/lib/tinyusb/src/tusb.c.obj
                0x0000000010007138                tu_edpt_release
 .text.tu_edpt_validate
                0x0000000010007174       0x78 CMakeFiles/blink.dir/home/dmytro/Documents/pico/pico-sdk/lib/tinyusb/src/tusb.c.obj
                0x0000000010007174                tu_edpt_validate
 .text.tu_edpt_bind_driver
                0x00000000100071ec       0x26 CMakeFiles/blink.dir/home/dmytro/Documents/pico/pico-sdk/lib/tinyusb/src/tusb.c.obj
                0x00000000100071ec                tu_edpt_bind_driver
 .text.advance_index
                0x0000000010007212       0x1a CMakeFiles/blink.dir/home/dmytro/Documents/pico/pico-sdk/lib/tinyusb/src/common/tusb_fifo.c.obj
 .text._tu_fifo_peek
                0x000000001000722c       0x56 CMakeFiles/blink.dir/home/dmytro/Documents/pico/pico-sdk/lib/tinyusb/src/common/tusb_fifo.c.obj
 .text._ff_pull_const_addr
                0x0000000010007282       0x4c CMakeFiles/blink.dir/home/dmytro/Documents/pico/pico-sdk/lib/tinyusb/src/common/tusb_fifo.c.obj
 .text._ff_pull_n
                0x00000000100072ce      0x110 CMakeFiles/blink.dir/home/dmytro/Documents/pico/pico-sdk/lib/tinyusb/src/common/tusb_fifo.c.obj
 .text._tu_fifo_peek_n
                0x00000000100073de       0x6a CMakeFiles/blink.dir/home/dmytro/Documents/pico/pico-sdk/lib/tinyusb/src/common/tusb_fifo.c.obj
 .text._tu_fifo_read_n
                0x0000000010007448       0x4e CMakeFiles/blink.dir/home/dmytro/Documents/pico/pico-sdk/lib/tinyusb/src/common/tusb_fifo.c.obj
 .text._ff_push_const_addr
                0x0000000010007496       0x40 CMakeFiles/blink.dir/home/dmytro/Documents/pico/pico-sdk/lib/tinyusb/src/common/tusb_fifo.c.obj
 .text._ff_push_n
                0x00000000100074d6      0x10c CMakeFiles/blink.dir/home/dmytro/Documents/pico/pico-sdk/lib/tinyusb/src/common/tusb_fifo.c.obj
 .text._tu_fifo_write_n
                0x00000000100075e2       0xf0 CMakeFiles/blink.dir/home/dmytro/Documents/pico/pico-sdk/lib/tinyusb/src/common/tusb_fifo.c.obj
 .text.tu_fifo_config
                0x00000000100076d2       0x7c CMakeFiles/blink.dir/home/dmytro/Documents/pico/pico-sdk/lib/tinyusb/src/common/tusb_fifo.c.obj
                0x00000000100076d2                tu_fifo_config
 .text.tu_fifo_count
                0x000000001000774e       0x2a CMakeFiles/blink.dir/home/dmytro/Documents/pico/pico-sdk/lib/tinyusb/src/common/tusb_fifo.c.obj
                0x000000001000774e                tu_fifo_count
 .text.tu_fifo_empty
                0x0000000010007778       0x10 CMakeFiles/blink.dir/home/dmytro/Documents/pico/pico-sdk/lib/tinyusb/src/common/tusb_fifo.c.obj
                0x0000000010007778                tu_fifo_empty
 .text.tu_fifo_full
                0x0000000010007788       0x28 CMakeFiles/blink.dir/home/dmytro/Documents/pico/pico-sdk/lib/tinyusb/src/common/tusb_fifo.c.obj
                0x0000000010007788                tu_fifo_full
 .text.tu_fifo_remaining
                0x00000000100077b0       0x2c CMakeFiles/blink.dir/home/dmytro/Documents/pico/pico-sdk/lib/tinyusb/src/common/tusb_fifo.c.obj
                0x00000000100077b0                tu_fifo_remaining
 .text.tu_fifo_read
                0x00000000100077dc       0x42 CMakeFiles/blink.dir/home/dmytro/Documents/pico/pico-sdk/lib/tinyusb/src/common/tusb_fifo.c.obj
                0x00000000100077dc                tu_fifo_read
 .text.tu_fifo_read_n
                0x000000001000781e        0xa CMakeFiles/blink.dir/home/dmytro/Documents/pico/pico-sdk/lib/tinyusb/src/common/tusb_fifo.c.obj
                0x000000001000781e                tu_fifo_read_n
 .text.tu_fifo_write
                0x0000000010007828       0x64 CMakeFiles/blink.dir/home/dmytro/Documents/pico/pico-sdk/lib/tinyusb/src/common/tusb_fifo.c.obj
                0x0000000010007828                tu_fifo_write
 .text.tu_fifo_write_n
                0x000000001000788c        0xa CMakeFiles/blink.dir/home/dmytro/Documents/pico/pico-sdk/lib/tinyusb/src/common/tusb_fifo.c.obj
                0x000000001000788c                tu_fifo_write_n
 .text.tu_fifo_clear
                0x0000000010007896       0x3e CMakeFiles/blink.dir/home/dmytro/Documents/pico/pico-sdk/lib/tinyusb/src/common/tusb_fifo.c.obj
                0x0000000010007896                tu_fifo_clear
 .text.tu_fifo_set_overwritable
                0x00000000100078d4       0x46 CMakeFiles/blink.dir/home/dmytro/Documents/pico/pico-sdk/lib/tinyusb/src/common/tusb_fifo.c.obj
                0x00000000100078d4                tu_fifo_set_overwritable
 *fill*         0x000000001000791a        0x2 
 .text.adc_init
                0x000000001000791c       0x34 CMakeFiles/blink.dir/home/dmytro/Documents/pico/pico-sdk/src/rp2_common/hardware_adc/adc.c.obj
                0x000000001000791c                adc_init
 .text.dma_claim_unused_channel
                0x0000000010007950       0x20 CMakeFiles/blink.dir/home/dmytro/Documents/pico/pico-sdk/src/rp2_common/hardware_dma/dma.c.obj
                0x0000000010007950                dma_claim_unused_channel
 .text          0x0000000010007970       0x5c /usr/lib/gcc/arm-none-eabi/10.3.1/../../../arm-none-eabi/lib/thumb/v6-m/nofp/libg.a(lib_a-strlen-stub.o)
                0x0000000010007970                strlen
 *(.fini)
 .fini          0x00000000100079cc        0x4 /usr/lib/gcc/arm-none-eabi/10.3.1/thumb/v6-m/nofp/crti.o
                0x00000000100079cc                _fini
 .fini.__stub   0x00000000100079d0       0xe0 linker stubs
 *crtbegin.o(.ctors)
 *crtbegin?.o(.ctors)
 *(EXCLUDE_FILE(*crtend.o *crtend?.o) .ctors)
 *(SORT_BY_NAME(.ctors.*))
 *(.ctors)
 *crtbegin.o(.dtors)
 *crtbegin?.o(.dtors)
 *(EXCLUDE_FILE(*crtend.o *crtend?.o) .dtors)
 *(SORT_BY_NAME(.dtors.*))
 *(.dtors)
 *(.eh_frame*)
 .eh_frame      0x0000000010007ab0        0x0 /usr/lib/gcc/arm-none-eabi/10.3.1/thumb/v6-m/nofp/crtbegin.o
                0x0000000010007ab0                . = ALIGN (0x4)

.glue_7         0x0000000010007ab0        0x0
 .glue_7        0x0000000010007ab0        0x0 linker stubs

.glue_7t        0x0000000010007ab0        0x0
 .glue_7t       0x0000000010007ab0        0x0 linker stubs

.vfp11_veneer   0x0000000010007ab0        0x0
 .vfp11_veneer  0x0000000010007ab0        0x0 linker stubs

.v4_bx          0x0000000010007ab0        0x0
 .v4_bx         0x0000000010007ab0        0x0 linker stubs

.iplt           0x0000000010007ab0        0x0
 .iplt          0x0000000010007ab0        0x0 /usr/lib/gcc/arm-none-eabi/10.3.1/thumb/v6-m/nofp/crtbegin.o

.rodata         0x0000000010007ab0     0x1784
 *(EXCLUDE_FILE(*libm.a: *libc.a:*lib_a-mem*.o *libgcc.a:) .rodata*)
 .rodata._Z32compute_fft_and_print_magnitudesPsid.str1.4
                0x0000000010007ab0       0x2f CMakeFiles/blink.dir/main.cpp.obj
 *fill*         0x0000000010007adf        0x1 
 .rodata.main.str1.4
                0x0000000010007ae0      0x12c CMakeFiles/blink.dir/main.cpp.obj
 .rodata.spin_lock_claim_unused.str1.4
                0x0000000010007c0c       0x1b CMakeFiles/blink.dir/home/dmytro/Documents/pico/pico-sdk/src/rp2_common/hardware_sync/sync.c.obj
 *fill*         0x0000000010007c27        0x1 
 .rodata.make_branch.str1.4
                0x0000000010007c28       0x77 CMakeFiles/blink.dir/home/dmytro/Documents/pico/pico-sdk/src/rp2_common/hardware_irq/irq.c.obj
 *fill*         0x0000000010007c9f        0x1 
 .rodata.insert_branch_and_link.str1.4
                0x0000000010007ca0       0x10 CMakeFiles/blink.dir/home/dmytro/Documents/pico/pico-sdk/src/rp2_common/hardware_irq/irq.c.obj
 .rodata.irq_set_exclusive_handler.str1.4
                0x0000000010007cb0       0x36 CMakeFiles/blink.dir/home/dmytro/Documents/pico/pico-sdk/src/rp2_common/hardware_irq/irq.c.obj
 *fill*         0x0000000010007ce6        0x2 
 .rodata.irq_add_shared_handler.str1.4
                0x0000000010007ce8       0xd9 CMakeFiles/blink.dir/home/dmytro/Documents/pico/pico-sdk/src/rp2_common/hardware_irq/irq.c.obj
 *fill*         0x0000000010007dc1        0x3 
 .rodata.irq_remove_handler.str1.4
                0x0000000010007dc4       0x3a CMakeFiles/blink.dir/home/dmytro/Documents/pico/pico-sdk/src/rp2_common/hardware_irq/irq.c.obj
 *fill*         0x0000000010007dfe        0x2 
 .rodata.irq_add_tail_to_free_list.str1.4
                0x0000000010007e00       0x3a CMakeFiles/blink.dir/home/dmytro/Documents/pico/pico-sdk/src/rp2_common/hardware_irq/irq.c.obj
 *fill*         0x0000000010007e3a        0x2 
 .rodata.user_irq_claim_unused.str1.4
                0x0000000010007e3c       0x1b CMakeFiles/blink.dir/home/dmytro/Documents/pico/pico-sdk/src/rp2_common/hardware_irq/irq.c.obj
 *fill*         0x0000000010007e57        0x1 
 .rodata.__func__.0
                0x0000000010007e58       0x1a CMakeFiles/blink.dir/home/dmytro/Documents/pico/pico-sdk/src/rp2_common/hardware_irq/irq.c.obj
 *fill*         0x0000000010007e72        0x2 
 .rodata.__func__.1
                0x0000000010007e74       0x17 CMakeFiles/blink.dir/home/dmytro/Documents/pico/pico-sdk/src/rp2_common/hardware_irq/irq.c.obj
 *fill*         0x0000000010007e8b        0x1 
 .rodata.__func__.2
                0x0000000010007e8c       0x13 CMakeFiles/blink.dir/home/dmytro/Documents/pico/pico-sdk/src/rp2_common/hardware_irq/irq.c.obj
 *fill*         0x0000000010007e9f        0x1 
 .rodata.__func__.3
                0x0000000010007ea0        0xc CMakeFiles/blink.dir/home/dmytro/Documents/pico/pico-sdk/src/rp2_common/hardware_irq/irq.c.obj
 .rodata.__func__.4
                0x0000000010007eac        0xf CMakeFiles/blink.dir/home/dmytro/Documents/pico/pico-sdk/src/rp2_common/hardware_irq/irq.c.obj
 *fill*         0x0000000010007ebb        0x1 
 .rodata.__func__.5
                0x0000000010007ebc       0x17 CMakeFiles/blink.dir/home/dmytro/Documents/pico/pico-sdk/src/rp2_common/hardware_irq/irq.c.obj
 *fill*         0x0000000010007ed3        0x1 
 .rodata.__func__.6
                0x0000000010007ed4       0x1a CMakeFiles/blink.dir/home/dmytro/Documents/pico/pico-sdk/src/rp2_common/hardware_irq/irq.c.obj
 *fill*         0x0000000010007eee        0x2 
 .rodata.str1.4
                0x0000000010007ef0      0x101 CMakeFiles/blink.dir/home/dmytro/Documents/pico/pico-sdk/src/common/pico_sync/mutex.c.obj
 *fill*         0x0000000010007ff1        0x3 
 .rodata.__func__.1
                0x0000000010007ff4        0xb CMakeFiles/blink.dir/home/dmytro/Documents/pico/pico-sdk/src/common/pico_sync/mutex.c.obj
 *fill*         0x0000000010007fff        0x1 
 .rodata.__func__.3
                0x0000000010008000       0x18 CMakeFiles/blink.dir/home/dmytro/Documents/pico/pico-sdk/src/common/pico_sync/mutex.c.obj
 .rodata.__func__.4
                0x0000000010008018       0x15 CMakeFiles/blink.dir/home/dmytro/Documents/pico/pico-sdk/src/common/pico_sync/mutex.c.obj
 *fill*         0x000000001000802d        0x3 
 .rodata.repeating_timer_callback.str1.4
                0x0000000010008030       0x55 CMakeFiles/blink.dir/home/dmytro/Documents/pico/pico-sdk/src/common/pico_time/time.c.obj
 *fill*         0x0000000010008085        0x3 
 .rodata.timer_pool_entry_comparator.str1.4
                0x0000000010008088       0x22 CMakeFiles/blink.dir/home/dmytro/Documents/pico/pico-sdk/src/common/pico_time/time.c.obj
 *fill*         0x00000000100080aa        0x2 
 .rodata.ph_add_child_node.str1.4
                0x00000000100080ac       0x9e CMakeFiles/blink.dir/home/dmytro/Documents/pico/pico-sdk/src/common/pico_time/time.c.obj
 *fill*         0x000000001000814a        0x2 
 .rodata.add_alarm_under_lock.str1.4
                0x000000001000814c       0x28 CMakeFiles/blink.dir/home/dmytro/Documents/pico/pico-sdk/src/common/pico_time/time.c.obj
                                         0x2b (size before relaxing)
 .rodata.alarm_pool_alarm_callback.str1.4
                0x0000000010008174       0x98 CMakeFiles/blink.dir/home/dmytro/Documents/pico/pico-sdk/src/common/pico_time/time.c.obj
                                        0x104 (size before relaxing)
 .rodata.alarm_pool_get_default.str1.4
                0x000000001000820c       0x21 CMakeFiles/blink.dir/home/dmytro/Documents/pico/pico-sdk/src/common/pico_time/time.c.obj
 *fill*         0x000000001000822d        0x3 
 .rodata.alarm_pool_cancel_alarm.str1.4
                0x0000000010008230       0x27 CMakeFiles/blink.dir/home/dmytro/Documents/pico/pico-sdk/src/common/pico_time/time.c.obj
 *fill*         0x0000000010008257        0x1 
 .rodata.sleep_until.str1.4
                0x0000000010008258       0x4d CMakeFiles/blink.dir/home/dmytro/Documents/pico/pico-sdk/src/common/pico_time/time.c.obj
 *fill*         0x00000000100082a5        0x3 
 .rodata.__func__.1
                0x00000000100082a8       0x18 CMakeFiles/blink.dir/home/dmytro/Documents/pico/pico-sdk/src/common/pico_time/time.c.obj
 .rodata.__func__.10
                0x00000000100082c0       0x15 CMakeFiles/blink.dir/home/dmytro/Documents/pico/pico-sdk/src/common/pico_time/time.c.obj
 *fill*         0x00000000100082d5        0x3 
 .rodata.__func__.11
                0x00000000100082d8       0x1a CMakeFiles/blink.dir/home/dmytro/Documents/pico/pico-sdk/src/common/pico_time/time.c.obj
 *fill*         0x00000000100082f2        0x2 
 .rodata.__func__.12
                0x00000000100082f4        0xa CMakeFiles/blink.dir/home/dmytro/Documents/pico/pico-sdk/src/common/pico_time/time.c.obj
 *fill*         0x00000000100082fe        0x2 
 .rodata.__func__.3
                0x0000000010008300       0x17 CMakeFiles/blink.dir/home/dmytro/Documents/pico/pico-sdk/src/common/pico_time/time.c.obj
 *fill*         0x0000000010008317        0x1 
 .rodata.__func__.4
                0x0000000010008318       0x12 CMakeFiles/blink.dir/home/dmytro/Documents/pico/pico-sdk/src/common/pico_time/time.c.obj
 *fill*         0x000000001000832a        0x2 
 .rodata.__func__.5
                0x000000001000832c        0xd CMakeFiles/blink.dir/home/dmytro/Documents/pico/pico-sdk/src/common/pico_time/time.c.obj
 *fill*         0x0000000010008339        0x3 
 .rodata.__func__.6
                0x000000001000833c       0x12 CMakeFiles/blink.dir/home/dmytro/Documents/pico/pico-sdk/src/common/pico_time/time.c.obj
 *fill*         0x000000001000834e        0x2 
 .rodata.__func__.7
                0x0000000010008350        0xf CMakeFiles/blink.dir/home/dmytro/Documents/pico/pico-sdk/src/common/pico_time/time.c.obj
 *fill*         0x000000001000835f        0x1 
 .rodata.__func__.8
                0x0000000010008360        0xc CMakeFiles/blink.dir/home/dmytro/Documents/pico/pico-sdk/src/common/pico_time/time.c.obj
 .rodata.__func__.9
                0x000000001000836c       0x15 CMakeFiles/blink.dir/home/dmytro/Documents/pico/pico-sdk/src/common/pico_time/time.c.obj
 *fill*         0x0000000010008381        0x3 
 .rodata.hardware_alarm_claim.str1.4
                0x0000000010008384       0x22 CMakeFiles/blink.dir/home/dmytro/Documents/pico/pico-sdk/src/rp2_common/hardware_timer/timer.c.obj
 *fill*         0x00000000100083a6        0x2 
 .rodata.hardware_alarm_set_target.str1.4
                0x00000000100083a8       0x6f CMakeFiles/blink.dir/home/dmytro/Documents/pico/pico-sdk/src/rp2_common/hardware_timer/timer.c.obj
 *fill*         0x0000000010008417        0x1 
 .rodata.__func__.0
                0x0000000010008418       0x1a CMakeFiles/blink.dir/home/dmytro/Documents/pico/pico-sdk/src/rp2_common/hardware_timer/timer.c.obj
 .rodata.ph_add_child_node.str1.4
                0x0000000010008432       0x9e CMakeFiles/blink.dir/home/dmytro/Documents/pico/pico-sdk/src/common/pico_util/pheap.c.obj
 *fill*         0x0000000010008432        0x2 
 .rodata.ph_remove_any_head.str1.4
                0x0000000010008434       0x98 CMakeFiles/blink.dir/home/dmytro/Documents/pico/pico-sdk/src/common/pico_util/pheap.c.obj
                                         0xac (size before relaxing)
 .rodata.ph_remove_and_free_node.str1.4
                0x00000000100084cc       0x1e CMakeFiles/blink.dir/home/dmytro/Documents/pico/pico-sdk/src/common/pico_util/pheap.c.obj
                                         0x26 (size before relaxing)
 *fill*         0x00000000100084ea        0x2 
 .rodata.__func__.0
                0x00000000100084ec       0x18 CMakeFiles/blink.dir/home/dmytro/Documents/pico/pico-sdk/src/common/pico_util/pheap.c.obj
 .rodata.__func__.1
                0x0000000010008504       0x13 CMakeFiles/blink.dir/home/dmytro/Documents/pico/pico-sdk/src/common/pico_util/pheap.c.obj
 *fill*         0x0000000010008517        0x1 
 .rodata.__func__.2
                0x0000000010008518       0x12 CMakeFiles/blink.dir/home/dmytro/Documents/pico/pico-sdk/src/common/pico_util/pheap.c.obj
 *fill*         0x000000001000852a        0x2 
 .rodata.__func__.3
                0x000000001000852c        0xc CMakeFiles/blink.dir/home/dmytro/Documents/pico/pico-sdk/src/common/pico_util/pheap.c.obj
 .rodata.clock_configure.str1.4
                0x0000000010008538       0x61 CMakeFiles/blink.dir/home/dmytro/Documents/pico/pico-sdk/src/rp2_common/hardware_clocks/clocks.c.obj
 *fill*         0x0000000010008599        0x3 
 .rodata.__func__.1
                0x000000001000859c       0x10 CMakeFiles/blink.dir/home/dmytro/Documents/pico/pico-sdk/src/rp2_common/hardware_clocks/clocks.c.obj
 .rodata.pll_init.str1.4
                0x00000000100085ac      0x12b CMakeFiles/blink.dir/home/dmytro/Documents/pico/pico-sdk/src/rp2_common/hardware_pll/pll.c.obj
 *fill*         0x00000000100086d7        0x1 
 .rodata.__func__.0
                0x00000000100086d8        0x9 CMakeFiles/blink.dir/home/dmytro/Documents/pico/pico-sdk/src/rp2_common/hardware_pll/pll.c.obj
 *fill*         0x00000000100086e1        0x3 
 .rodata.__assert_func.str1.4
                0x00000000100086e4       0x3f CMakeFiles/blink.dir/home/dmytro/Documents/pico/pico-sdk/src/rp2_common/pico_runtime/runtime.c.obj
                                         0x43 (size before relaxing)
 *fill*         0x0000000010008723        0x1 
 .rodata.runtime_init.str1.4
                0x0000000010008724       0x6b CMakeFiles/blink.dir/home/dmytro/Documents/pico/pico-sdk/src/rp2_common/pico_runtime/runtime.c.obj
 *fill*         0x000000001000878f        0x1 
 .rodata.panic.str1.4
                0x0000000010008790       0x12 CMakeFiles/blink.dir/home/dmytro/Documents/pico/pico-sdk/src/rp2_common/pico_runtime/runtime.c.obj
 *fill*         0x00000000100087a2        0x2 
 .rodata.__func__.2
                0x00000000100087a4        0xd CMakeFiles/blink.dir/home/dmytro/Documents/pico/pico-sdk/src/rp2_common/pico_runtime/runtime.c.obj
 *fill*         0x00000000100087b1        0x3 
 .rodata._ftoa.str1.4
                0x00000000100087b4       0x15 CMakeFiles/blink.dir/home/dmytro/Documents/pico/pico-sdk/src/rp2_common/pico_printf/printf.c.obj
 *fill*         0x00000000100087c9        0x3 
 .rodata._vsnprintf
                0x00000000100087cc      0x1e0 CMakeFiles/blink.dir/home/dmytro/Documents/pico/pico-sdk/src/rp2_common/pico_printf/printf.c.obj
 *fill*         0x00000000100089ac        0x4 
 .rodata.pow10.0
                0x00000000100089b0       0x50 CMakeFiles/blink.dir/home/dmytro/Documents/pico/pico-sdk/src/rp2_common/pico_printf/printf.c.obj
 .rodata.__aeabi_double_init.str1.4
                0x0000000010008a00       0xb2 CMakeFiles/blink.dir/home/dmytro/Documents/pico/pico-sdk/src/rp2_common/pico_double/double_init_rom.c.obj
 *fill*         0x0000000010008ab2        0x2 
 .rodata.__func__.0
                0x0000000010008ab4       0x14 CMakeFiles/blink.dir/home/dmytro/Documents/pico/pico-sdk/src/rp2_common/pico_double/double_init_rom.c.obj
 .rodata.__aeabi_float_init.str1.4
                0x0000000010008ac8       0x84 CMakeFiles/blink.dir/home/dmytro/Documents/pico/pico-sdk/src/rp2_common/pico_float/float_init_rom.c.obj
                                         0x88 (size before relaxing)
 .rodata.__func__.0
                0x0000000010008b4c       0x13 CMakeFiles/blink.dir/home/dmytro/Documents/pico/pico-sdk/src/rp2_common/pico_float/float_init_rom.c.obj
 *fill*         0x0000000010008b5f        0x1 
 .rodata.str1.4
                0x0000000010008b60       0x40 CMakeFiles/blink.dir/home/dmytro/Documents/pico/pico-sdk/src/rp2_common/pico_standard_link/binary_info.c.obj
 .rodata.__bi_44
                0x0000000010008ba0        0xc CMakeFiles/blink.dir/home/dmytro/Documents/pico/pico-sdk/src/rp2_common/pico_standard_link/binary_info.c.obj
 .rodata.__bi_75
                0x0000000010008bac        0xc CMakeFiles/blink.dir/home/dmytro/Documents/pico/pico-sdk/src/rp2_common/pico_standard_link/binary_info.c.obj
 .rodata.__bi_81
                0x0000000010008bb8        0xc CMakeFiles/blink.dir/home/dmytro/Documents/pico/pico-sdk/src/rp2_common/pico_standard_link/binary_info.c.obj
 .rodata.stdout_serialize_begin.str1.4
                0x0000000010008bc4       0x6b CMakeFiles/blink.dir/home/dmytro/Documents/pico/pico-sdk/src/rp2_common/pico_stdio/stdio.c.obj
 .rodata.__func__.3
                0x0000000010008bc4       0x15 CMakeFiles/blink.dir/home/dmytro/Documents/pico/pico-sdk/src/rp2_common/pico_stdio/stdio.c.obj
 *fill*         0x0000000010008bd9        0x3 
 .rodata.crlf_str.2
                0x0000000010008bdc        0x2 CMakeFiles/blink.dir/home/dmytro/Documents/pico/pico-sdk/src/rp2_common/pico_stdio/stdio.c.obj
 *fill*         0x0000000010008bde        0x2 
 .rodata._resetd_driver
                0x0000000010008be0       0x18 CMakeFiles/blink.dir/home/dmytro/Documents/pico/pico-sdk/src/rp2_common/pico_stdio_usb/reset_interface.c.obj
 .rodata.low_priority_worker_irq.str1.4
                0x0000000010008bf8       0x6b CMakeFiles/blink.dir/home/dmytro/Documents/pico/pico-sdk/src/rp2_common/pico_stdio_usb/stdio_usb.c.obj
 .rodata.stdio_usb_init.str1.4
                0x0000000010008bf8       0x4f CMakeFiles/blink.dir/home/dmytro/Documents/pico/pico-sdk/src/rp2_common/pico_stdio_usb/stdio_usb.c.obj
                                         0x57 (size before relaxing)
 *fill*         0x0000000010008c47        0x1 
 .rodata.str1.4
                0x0000000010008c48       0x13 CMakeFiles/blink.dir/home/dmytro/Documents/pico/pico-sdk/src/rp2_common/pico_stdio_usb/stdio_usb.c.obj
 *fill*         0x0000000010008c5b        0x1 
 .rodata.__bi_188.0
                0x0000000010008c5c        0xc CMakeFiles/blink.dir/home/dmytro/Documents/pico/pico-sdk/src/rp2_common/pico_stdio_usb/stdio_usb.c.obj
 .rodata.__func__.1
                0x0000000010008c68        0xf CMakeFiles/blink.dir/home/dmytro/Documents/pico/pico-sdk/src/rp2_common/pico_stdio_usb/stdio_usb.c.obj
 *fill*         0x0000000010008c77        0x1 
 .rodata.__func__.3
                0x0000000010008c78       0x15 CMakeFiles/blink.dir/home/dmytro/Documents/pico/pico-sdk/src/rp2_common/pico_stdio_usb/stdio_usb.c.obj
 *fill*         0x0000000010008c8d        0x3 
 .rodata.str1.4
                0x0000000010008c90       0x2a CMakeFiles/blink.dir/home/dmytro/Documents/pico/pico-sdk/src/rp2_common/pico_stdio_usb/stdio_usb_descriptors.c.obj
 *fill*         0x0000000010008cba        0x2 
 .rodata.usbd_desc_cfg
                0x0000000010008cbc       0x54 CMakeFiles/blink.dir/home/dmytro/Documents/pico/pico-sdk/src/rp2_common/pico_stdio_usb/stdio_usb_descriptors.c.obj
 .rodata.usbd_desc_device
                0x0000000010008d10       0x12 CMakeFiles/blink.dir/home/dmytro/Documents/pico/pico-sdk/src/rp2_common/pico_stdio_usb/stdio_usb_descriptors.c.obj
 *fill*         0x0000000010008d22        0x2 
 .rodata.usbd_desc_str
                0x0000000010008d24       0x18 CMakeFiles/blink.dir/home/dmytro/Documents/pico/pico-sdk/src/rp2_common/pico_stdio_usb/stdio_usb_descriptors.c.obj
 .rodata.pico_get_unique_board_id_string.str1.4
                0x0000000010008d3c       0x57 CMakeFiles/blink.dir/home/dmytro/Documents/pico/pico-sdk/src/rp2_common/pico_unique_id/unique_id.c.obj
 *fill*         0x0000000010008d93        0x1 
 .rodata.__func__.0
                0x0000000010008d94       0x20 CMakeFiles/blink.dir/home/dmytro/Documents/pico/pico-sdk/src/rp2_common/pico_unique_id/unique_id.c.obj
 .rodata.str1.4
                0x0000000010008db4      0x162 CMakeFiles/blink.dir/home/dmytro/Documents/pico/pico-sdk/src/rp2_common/hardware_flash/flash.c.obj
 *fill*         0x0000000010008f16        0x2 
 .rodata.__func__.0
                0x0000000010008f18        0xd CMakeFiles/blink.dir/home/dmytro/Documents/pico/pico-sdk/src/rp2_common/hardware_flash/flash.c.obj
 *fill*         0x0000000010008f25        0x3 
 .rodata._hw_endpoint_alloc.str1.4
                0x0000000010008f28       0xc1 CMakeFiles/blink.dir/home/dmytro/Documents/pico/pico-sdk/lib/tinyusb/src/portable/raspberrypi/rp2040/dcd_rp2040.c.obj
 *fill*         0x0000000010008fe9        0x3 
 .rodata.str1.4
                0x0000000010008fec       0x14 CMakeFiles/blink.dir/home/dmytro/Documents/pico/pico-sdk/lib/tinyusb/src/portable/raspberrypi/rp2040/dcd_rp2040.c.obj
 .rodata.dcd_int_enable.str1.4
                0x0000000010009000        0xc CMakeFiles/blink.dir/home/dmytro/Documents/pico/pico-sdk/lib/tinyusb/src/portable/raspberrypi/rp2040/dcd_rp2040.c.obj
 .rodata.__func__.0
                0x000000001000900c        0xe CMakeFiles/blink.dir/home/dmytro/Documents/pico/pico-sdk/lib/tinyusb/src/portable/raspberrypi/rp2040/dcd_rp2040.c.obj
 *fill*         0x000000001000901a        0x2 
 .rodata.__func__.1
                0x000000001000901c        0xe CMakeFiles/blink.dir/home/dmytro/Documents/pico/pico-sdk/lib/tinyusb/src/portable/raspberrypi/rp2040/dcd_rp2040.c.obj
 *fill*         0x000000001000902a        0x2 
 .rodata.__func__.3
                0x000000001000902c       0x10 CMakeFiles/blink.dir/home/dmytro/Documents/pico/pico-sdk/lib/tinyusb/src/portable/raspberrypi/rp2040/dcd_rp2040.c.obj
 .rodata.__func__.5
                0x000000001000903c        0xf CMakeFiles/blink.dir/home/dmytro/Documents/pico/pico-sdk/lib/tinyusb/src/portable/raspberrypi/rp2040/dcd_rp2040.c.obj
 *fill*         0x000000001000904b        0x1 
 .rodata.__func__.6
                0x000000001000904c       0x13 CMakeFiles/blink.dir/home/dmytro/Documents/pico/pico-sdk/lib/tinyusb/src/portable/raspberrypi/rp2040/dcd_rp2040.c.obj
 *fill*         0x000000001000905f        0x1 
 .rodata.__func__.7
                0x0000000010009060        0x9 CMakeFiles/blink.dir/home/dmytro/Documents/pico/pico-sdk/lib/tinyusb/src/portable/raspberrypi/rp2040/dcd_rp2040.c.obj
 *fill*         0x0000000010009069        0x3 
 .rodata.str1.4
                0x000000001000906c       0xf3 CMakeFiles/blink.dir/home/dmytro/Documents/pico/pico-sdk/lib/tinyusb/src/portable/raspberrypi/rp2040/rp2040_usb.c.obj
 *fill*         0x000000001000915f        0x1 
 .rodata.__func__.0
                0x0000000010009160        0xf CMakeFiles/blink.dir/home/dmytro/Documents/pico/pico-sdk/lib/tinyusb/src/portable/raspberrypi/rp2040/rp2040_usb.c.obj
 *fill*         0x000000001000916f        0x1 
 .rodata.process_get_descriptor
                0x0000000010009170       0x40 CMakeFiles/blink.dir/home/dmytro/Documents/pico/pico-sdk/lib/tinyusb/src/device/usbd.c.obj
 .rodata.process_control_request
                0x00000000100091b0       0x28 CMakeFiles/blink.dir/home/dmytro/Documents/pico/pico-sdk/lib/tinyusb/src/device/usbd.c.obj
 .rodata.tud_task_ext
                0x00000000100091d8       0x24 CMakeFiles/blink.dir/home/dmytro/Documents/pico/pico-sdk/lib/tinyusb/src/device/usbd.c.obj
 .rodata._usbd_driver
                0x00000000100091fc       0x18 CMakeFiles/blink.dir/home/dmytro/Documents/pico/pico-sdk/lib/tinyusb/src/device/usbd.c.obj
 .rodata.dma_claim_unused_channel.str1.4
                0x0000000010009214       0x1e CMakeFiles/blink.dir/home/dmytro/Documents/pico/pico-sdk/src/rp2_common/hardware_dma/dma.c.obj
                0x0000000010009234                . = ALIGN (0x4)
 *fill*         0x0000000010009232        0x2 
 *(SORT_BY_ALIGNMENT(SORT_BY_NAME(.flashdata*)))
                0x0000000010009234                . = ALIGN (0x4)

.rel.dyn        0x0000000010009234        0x0
 .rel.iplt      0x0000000010009234        0x0 /usr/lib/gcc/arm-none-eabi/10.3.1/thumb/v6-m/nofp/crtbegin.o

.ARM.extab
 *(.ARM.extab* .gnu.linkonce.armextab.*)
                0x0000000010009234                __exidx_start = .

.ARM.exidx
 *(.ARM.exidx* .gnu.linkonce.armexidx.*)
                0x0000000010009234                __exidx_end = .
                0x0000000010009234                . = ALIGN (0x4)
                0x0000000010009234                __binary_info_start = .

.binary_info    0x0000000010009234       0x20
 *(.binary_info.keep.*)
 .binary_info.keep.__bi_ptr22
                0x0000000010009234        0x4 CMakeFiles/blink.dir/home/dmytro/Documents/pico/pico-sdk/src/rp2_common/pico_standard_link/binary_info.c.obj
 .binary_info.keep.__bi_ptr30
                0x0000000010009238        0x4 CMakeFiles/blink.dir/home/dmytro/Documents/pico/pico-sdk/src/rp2_common/pico_standard_link/binary_info.c.obj
 .binary_info.keep.__bi_ptr38
                0x000000001000923c        0x4 CMakeFiles/blink.dir/home/dmytro/Documents/pico/pico-sdk/src/rp2_common/pico_standard_link/binary_info.c.obj
 .binary_info.keep.__bi_ptr44
                0x0000000010009240        0x4 CMakeFiles/blink.dir/home/dmytro/Documents/pico/pico-sdk/src/rp2_common/pico_standard_link/binary_info.c.obj
 .binary_info.keep.__bi_ptr50
                0x0000000010009244        0x4 CMakeFiles/blink.dir/home/dmytro/Documents/pico/pico-sdk/src/rp2_common/pico_standard_link/binary_info.c.obj
 .binary_info.keep.__bi_ptr75
                0x0000000010009248        0x4 CMakeFiles/blink.dir/home/dmytro/Documents/pico/pico-sdk/src/rp2_common/pico_standard_link/binary_info.c.obj
 .binary_info.keep.__bi_ptr81
                0x000000001000924c        0x4 CMakeFiles/blink.dir/home/dmytro/Documents/pico/pico-sdk/src/rp2_common/pico_standard_link/binary_info.c.obj
 *(.binary_info.*)
 .binary_info.__bi_ptr188
                0x0000000010009250        0x4 CMakeFiles/blink.dir/home/dmytro/Documents/pico/pico-sdk/src/rp2_common/pico_stdio_usb/stdio_usb.c.obj
                0x0000000010009254                __binary_info_end = .
                0x0000000010009254                . = ALIGN (0x4)
                0x0000000010009254                __etext = .

.ram_vector_table
                0x0000000020000000       0xc0
 *(.ram_vector_table)
 .ram_vector_table
                0x0000000020000000       0xc0 CMakeFiles/blink.dir/home/dmytro/Documents/pico/pico-sdk/src/rp2_common/pico_runtime/runtime.c.obj
                0x0000000020000000                ram_vector_table

.data           0x00000000200000c0     0x11e8 load address 0x0000000010009254
                0x00000000200000c0                __data_start__ = .
 *(vtable)
 *(.time_critical*)
 .time_critical.mutex_try_enter
                0x00000000200000c0       0x46 CMakeFiles/blink.dir/home/dmytro/Documents/pico/pico-sdk/src/common/pico_sync/mutex.c.obj
                0x00000000200000c0                mutex_try_enter
 *fill*         0x0000000020000106        0x2 
 .time_critical.mutex_enter_block_until
                0x0000000020000108       0x8c CMakeFiles/blink.dir/home/dmytro/Documents/pico/pico-sdk/src/common/pico_sync/mutex.c.obj
                0x0000000020000108                mutex_enter_block_until
 .time_critical.mutex_try_enter_block_until
                0x0000000020000194       0x34 CMakeFiles/blink.dir/home/dmytro/Documents/pico/pico-sdk/src/common/pico_sync/mutex.c.obj
                0x0000000020000194                mutex_try_enter_block_until
 .time_critical.mutex_enter_timeout_ms
                0x00000000200001c8       0x68 CMakeFiles/blink.dir/home/dmytro/Documents/pico/pico-sdk/src/common/pico_sync/mutex.c.obj
                0x00000000200001c8                mutex_enter_timeout_ms
 .time_critical.mutex_exit
                0x0000000020000230       0x4c CMakeFiles/blink.dir/home/dmytro/Documents/pico/pico-sdk/src/common/pico_sync/mutex.c.obj
                0x0000000020000230                mutex_exit
 .time_critical.flash_init_boot2_copyout
                0x000000002000027c       0x30 CMakeFiles/blink.dir/home/dmytro/Documents/pico/pico-sdk/src/rp2_common/hardware_flash/flash.c.obj
 .time_critical.flash_enable_xip_via_boot2
                0x00000000200002ac       0x10 CMakeFiles/blink.dir/home/dmytro/Documents/pico/pico-sdk/src/rp2_common/hardware_flash/flash.c.obj
 .time_critical.flash_cs_force
                0x00000000200002bc       0x28 CMakeFiles/blink.dir/home/dmytro/Documents/pico/pico-sdk/src/rp2_common/hardware_flash/flash.c.obj
 .time_critical.flash_do_cmd
                0x00000000200002e4       0xd8 CMakeFiles/blink.dir/home/dmytro/Documents/pico/pico-sdk/src/rp2_common/hardware_flash/flash.c.obj
                0x00000000200002e4                flash_do_cmd
 .time_critical.reset_non_control_endpoints
                0x00000000200003bc       0x40 CMakeFiles/blink.dir/home/dmytro/Documents/pico/pico-sdk/lib/tinyusb/src/portable/raspberrypi/rp2040/dcd_rp2040.c.obj
 .time_critical.hw_handle_buff_status
                0x00000000200003fc       0xa4 CMakeFiles/blink.dir/home/dmytro/Documents/pico/pico-sdk/lib/tinyusb/src/portable/raspberrypi/rp2040/dcd_rp2040.c.obj
 .time_critical.dcd_rp2040_irq
                0x00000000200004a0      0x1cc CMakeFiles/blink.dir/home/dmytro/Documents/pico/pico-sdk/lib/tinyusb/src/portable/raspberrypi/rp2040/dcd_rp2040.c.obj
 .time_critical.e15_is_bulkin_ep